Archive member included to satisfy reference by file (symbol)

/home/fanxinhao/toolchain/gcc-arm-none-eabi-9-2019-q4-major/bin/../lib/gcc/arm-none-eabi/9.2.1/../../../../arm-none-eabi/lib/thumb/v7e-m+fp/hard/libc_nano.a(lib_a-exit.o)
                              /home/fanxinhao/toolchain/gcc-arm-none-eabi-9-2019-q4-major/bin/../lib/gcc/arm-none-eabi/9.2.1/../../../../arm-none-eabi/lib/thumb/v7e-m+fp/hard/crt0.o (exit)
/home/fanxinhao/toolchain/gcc-arm-none-eabi-9-2019-q4-major/bin/../lib/gcc/arm-none-eabi/9.2.1/../../../../arm-none-eabi/lib/thumb/v7e-m+fp/hard/libc_nano.a(lib_a-fflush.o)
                              appbuild/iot_link/shell/shell_main.o (fflush)
/home/fanxinhao/toolchain/gcc-arm-none-eabi-9-2019-q4-major/bin/../lib/gcc/arm-none-eabi/9.2.1/../../../../arm-none-eabi/lib/thumb/v7e-m+fp/hard/libc_nano.a(lib_a-findfp.o)
                              /home/fanxinhao/toolchain/gcc-arm-none-eabi-9-2019-q4-major/bin/../lib/gcc/arm-none-eabi/9.2.1/../../../../arm-none-eabi/lib/thumb/v7e-m+fp/hard/libc_nano.a(lib_a-fflush.o) (__sinit)
/home/fanxinhao/toolchain/gcc-arm-none-eabi-9-2019-q4-major/bin/../lib/gcc/arm-none-eabi/9.2.1/../../../../arm-none-eabi/lib/thumb/v7e-m+fp/hard/libc_nano.a(lib_a-fwalk.o)
                              /home/fanxinhao/toolchain/gcc-arm-none-eabi-9-2019-q4-major/bin/../lib/gcc/arm-none-eabi/9.2.1/../../../../arm-none-eabi/lib/thumb/v7e-m+fp/hard/libc_nano.a(lib_a-findfp.o) (_fwalk)
/home/fanxinhao/toolchain/gcc-arm-none-eabi-9-2019-q4-major/bin/../lib/gcc/arm-none-eabi/9.2.1/../../../../arm-none-eabi/lib/thumb/v7e-m+fp/hard/libc_nano.a(lib_a-getchar.o)
                              appbuild/iot_link/shell/shell_main.o (getchar)
/home/fanxinhao/toolchain/gcc-arm-none-eabi-9-2019-q4-major/bin/../lib/gcc/arm-none-eabi/9.2.1/../../../../arm-none-eabi/lib/thumb/v7e-m+fp/hard/libc_nano.a(lib_a-impure.o)
                              /home/fanxinhao/toolchain/gcc-arm-none-eabi-9-2019-q4-major/bin/../lib/gcc/arm-none-eabi/9.2.1/../../../../arm-none-eabi/lib/thumb/v7e-m+fp/hard/libc_nano.a(lib_a-exit.o) (_global_impure_ptr)
/home/fanxinhao/toolchain/gcc-arm-none-eabi-9-2019-q4-major/bin/../lib/gcc/arm-none-eabi/9.2.1/../../../../arm-none-eabi/lib/thumb/v7e-m+fp/hard/libc_nano.a(lib_a-init.o)
                              /home/fanxinhao/toolchain/gcc-arm-none-eabi-9-2019-q4-major/bin/../lib/gcc/arm-none-eabi/9.2.1/../../../../arm-none-eabi/lib/thumb/v7e-m+fp/hard/crt0.o (__libc_init_array)
/home/fanxinhao/toolchain/gcc-arm-none-eabi-9-2019-q4-major/bin/../lib/gcc/arm-none-eabi/9.2.1/../../../../arm-none-eabi/lib/thumb/v7e-m+fp/hard/libc_nano.a(lib_a-lock.o)
                              /home/fanxinhao/toolchain/gcc-arm-none-eabi-9-2019-q4-major/bin/../lib/gcc/arm-none-eabi/9.2.1/../../../../arm-none-eabi/lib/thumb/v7e-m+fp/hard/libc_nano.a(lib_a-findfp.o) (__retarget_lock_init_recursive)
/home/fanxinhao/toolchain/gcc-arm-none-eabi-9-2019-q4-major/bin/../lib/gcc/arm-none-eabi/9.2.1/../../../../arm-none-eabi/lib/thumb/v7e-m+fp/hard/libc_nano.a(lib_a-memcmp.o)
                              appbuild/iot_link/at/at.o (memcmp)
/home/fanxinhao/toolchain/gcc-arm-none-eabi-9-2019-q4-major/bin/../lib/gcc/arm-none-eabi/9.2.1/../../../../arm-none-eabi/lib/thumb/v7e-m+fp/hard/libc_nano.a(lib_a-memcpy-stub.o)
                              appbuild/iot_link/link_misc/link_ring_buffer.o (memcpy)
/home/fanxinhao/toolchain/gcc-arm-none-eabi-9-2019-q4-major/bin/../lib/gcc/arm-none-eabi/9.2.1/../../../../arm-none-eabi/lib/thumb/v7e-m+fp/hard/libc_nano.a(lib_a-memset.o)
                              /home/fanxinhao/toolchain/gcc-arm-none-eabi-9-2019-q4-major/bin/../lib/gcc/arm-none-eabi/9.2.1/../../../../arm-none-eabi/lib/thumb/v7e-m+fp/hard/crt0.o (memset)
/home/fanxinhao/toolchain/gcc-arm-none-eabi-9-2019-q4-major/bin/../lib/gcc/arm-none-eabi/9.2.1/../../../../arm-none-eabi/lib/thumb/v7e-m+fp/hard/libc_nano.a(lib_a-nano-vfprintf_float.o)
                              (_printf_float)
/home/fanxinhao/toolchain/gcc-arm-none-eabi-9-2019-q4-major/bin/../lib/gcc/arm-none-eabi/9.2.1/../../../../arm-none-eabi/lib/thumb/v7e-m+fp/hard/libc_nano.a(lib_a-nano-vfprintf_i.o)
                              /home/fanxinhao/toolchain/gcc-arm-none-eabi-9-2019-q4-major/bin/../lib/gcc/arm-none-eabi/9.2.1/../../../../arm-none-eabi/lib/thumb/v7e-m+fp/hard/libc_nano.a(lib_a-nano-vfprintf_float.o) (_printf_common)
/home/fanxinhao/toolchain/gcc-arm-none-eabi-9-2019-q4-major/bin/../lib/gcc/arm-none-eabi/9.2.1/../../../../arm-none-eabi/lib/thumb/v7e-m+fp/hard/libc_nano.a(lib_a-printf.o)
                              appbuild/iot_link/os/osal/osal.o (printf)
/home/fanxinhao/toolchain/gcc-arm-none-eabi-9-2019-q4-major/bin/../lib/gcc/arm-none-eabi/9.2.1/../../../../arm-none-eabi/lib/thumb/v7e-m+fp/hard/libc_nano.a(lib_a-putchar.o)
                              appbuild/iot_link/shell/shell_main.o (putchar)
[...]
Memory Configuration

Name             Origin             Length             Attributes
RAM              0x0000000020000000 0x0000000000018000 xrw
RAM2             0x0000000010000000 0x0000000000008000 xrw
FLASH            0x0000000008000000 0x0000000000100000 xr
*default*        0x0000000000000000 0xffffffffffffffff

Linker script and memory map

LOAD /home/fanxinhao/toolchain/gcc-arm-none-eabi-9-2019-q4-major/bin/../lib/gcc/arm-none-eabi/9.2.1/thumb/v7e-m+fp/hard/crti.o
LOAD /home/fanxinhao/toolchain/gcc-arm-none-eabi-9-2019-q4-major/bin/../lib/gcc/arm-none-eabi/9.2.1/thumb/v7e-m+fp/hard/crtbegin.o
LOAD /home/fanxinhao/toolchain/gcc-arm-none-eabi-9-2019-q4-major/bin/../lib/gcc/arm-none-eabi/9.2.1/../../../../arm-none-eabi/lib/thumb/v7e-m+fp/hard/crt0.o
LOAD appbuild/iot_link/link_misc/link_ring_buffer.o
LOAD appbuild/iot_link/link_misc/link_random.o
LOAD appbuild/iot_link/link_misc/link_string.o
LOAD appbuild/iot_link/link_log/link_log.o
LOAD appbuild/iot_link/os/osal/osal.o
LOAD appbuild/iot_link/os/liteos/arch/arm/arm-m/armv7-m/los_exc.o
LOAD appbuild/iot_link/os/liteos/arch/arm/arm-m/armv7-m/gcc/los_dispatch.o
LOAD appbuild/iot_link/os/liteos/arch/arm/arm-m/src/los_hwi.o
LOAD appbuild/iot_link/os/liteos/arch/arm/arm-m/src/los_mpu.o
LOAD appbuild/iot_link/os/liteos/arch/arm/arm-m/src/los_hw.o
LOAD appbuild/iot_link/os/liteos/arch/arm/arm-m/src/los_svc.o
LOAD appbuild/iot_link/os/liteos/arch/arm/arm-m/src/los_hw_tick.o
LOAD appbuild/iot_link/os/liteos/cmsis/cmsis_liteos.o
LOAD appbuild/iot_link/os/liteos/utils/rbtree.o
LOAD appbuild/iot_link/os/liteos/los_init.o
LOAD appbuild/iot_link/os/liteos/liteos_imp.o
LOAD appbuild/iot_link/os/liteos/newlib_stub.o
LOAD appbuild/iot_link/os/liteos/malloc.o
LOAD appbuild/iot_link/os/liteos/liteos_errno.o
LOAD appbuild/iot_link/os/liteos/base/core/los_swtmr.o
LOAD appbuild/iot_link/os/liteos/base/core/los_priqueue.o
LOAD appbuild/iot_link/os/liteos/base/core/los_task.o
LOAD appbuild/iot_link/os/liteos/base/core/los_timeslice.o
LOAD appbuild/iot_link/os/liteos/base/core/los_sys.o
LOAD appbuild/iot_link/os/liteos/base/core/los_tick.o
LOAD appbuild/iot_link/os/liteos/base/ipc/los_rwlock.o
LOAD appbuild/iot_link/os/liteos/base/ipc/los_mux.o
LOAD appbuild/iot_link/os/liteos/base/ipc/los_sem.o
LOAD appbuild/iot_link/os/liteos/base/ipc/los_event.o
LOAD appbuild/iot_link/os/liteos/base/ipc/los_queue.o
LOAD appbuild/iot_link/os/liteos/base/mem/heap/los_heap.o
LOAD appbuild/iot_link/os/liteos/base/mem/heap/los_memory.o
LOAD appbuild/iot_link/os/liteos/base/mem/membox/los_membox.o
LOAD appbuild/iot_link/os/liteos/base/mem/common/los_slab.o
LOAD appbuild/iot_link/os/liteos/base/mem/common/los_slabmem.o
LOAD appbuild/iot_link/os/liteos/base/mem/common/los_memcheck.o
LOAD appbuild/iot_link/os/liteos/base/misc/los_misc.o
LOAD appbuild/iot_link/os/liteos/base/om/los_err.o
LOAD appbuild/iot_link/os/liteos/extended/tickless/los_tickless.o
LOAD appbuild/iot_link/shell/shell_test.o
LOAD appbuild/iot_link/shell/shell_main.o
LOAD appbuild/iot_link/shell/shell_cmd.o
LOAD appbuild/iot_link/stimer/stimer.o
LOAD appbuild/iot_link/queue/queue.o
LOAD appbuild/iot_link/driver/driver.o
LOAD appbuild/iot_link/at/at.o
LOAD appbuild/iot_link/crc/crc16.o
LOAD appbuild/iot_link/crc/crc8.o
LOAD appbuild/iot_link/crc/crc32.o
LOAD appbuild/iot_link/oc/oc_coap/oc_coap_al/oc_coap_al.o
LOAD appbuild/iot_link/oc/oc_coap/boudica120_oc/boudica120_oc.o
LOAD appbuild/iot_link/storage/partition.o
LOAD appbuild/iot_link/storage/storage.o
LOAD appbuild/iot_link/demos/app_demo_main.o
LOAD appbuild/iot_link/link_main.o
LOAD appbuild/drivers/third_party/ST/STM32L4xx_HAL_Driver/Src/stm32l4xx_hal_flash.o
LOAD appbuild/drivers/third_party/ST/STM32L4xx_HAL_Driver/Src/stm32l4xx_hal_tim_ex.o
LOAD appbuild/drivers/third_party/ST/STM32L4xx_HAL_Driver/Src/stm32l4xx_hal_rcc.o
LOAD appbuild/drivers/third_party/ST/STM32L4xx_HAL_Driver/Src/stm32l4xx_hal_pwr_ex.o
LOAD appbuild/drivers/third_party/ST/STM32L4xx_HAL_Driver/Src/stm32l4xx_hal_pwr.o
LOAD appbuild/drivers/third_party/ST/STM32L4xx_HAL_Driver/Src/stm32l4xx_hal_gpio.o
LOAD appbuild/drivers/third_party/ST/STM32L4xx_HAL_Driver/Src/stm32l4xx_hal_rcc_ex.o
LOAD appbuild/drivers/third_party/ST/STM32L4xx_HAL_Driver/Src/stm32l4xx_hal_flash_ex.o
LOAD appbuild/drivers/third_party/ST/STM32L4xx_HAL_Driver/Src/stm32l4xx_hal_flash_ramfunc.o
LOAD appbuild/drivers/third_party/ST/STM32L4xx_HAL_Driver/Src/stm32l4xx_hal_cortex.o
LOAD appbuild/drivers/third_party/ST/STM32L4xx_HAL_Driver/Src/stm32l4xx_hal_uart.o
LOAD appbuild/drivers/third_party/ST/STM32L4xx_HAL_Driver/Src/stm32l4xx_hal_uart_ex.o
LOAD appbuild/drivers/third_party/ST/STM32L4xx_HAL_Driver/Src/stm32l4xx_hal.o
LOAD appbuild/drivers/third_party/ST/STM32L4xx_HAL_Driver/Src/stm32l4xx_hal_tim.o
LOAD appbuild/drivers/third_party/ST/STM32L4xx_HAL_Driver/Src/stm32l4xx_hal_i2c.o
LOAD appbuild/drivers/third_party/ST/STM32L4xx_HAL_Driver/Src/stm32l4xx_hal_i2c_ex.o
LOAD appbuild/drivers/third_party/ST/STM32L4xx_HAL_Driver/Src/stm32l4xx_hal_iwdg.o
LOAD appbuild/drivers/third_party/ST/STM32L4xx_HAL_Driver/Src/stm32l4xx_hal_rtc.o
LOAD appbuild/targets/STM32L476RG_NB476/Hardware/Src/hal_qspi_flash.o
LOAD appbuild/targets/STM32L476RG_NB476/Hardware/Src/hal_rng.o
LOAD appbuild/targets/STM32L476RG_NB476/Hardware/Src/hal_iwdg.o
LOAD appbuild/targets/STM32L476RG_NB476/Hardware/OLED/oled.o
LOAD appbuild/targets/STM32L476RG_NB476/Hardware/DHT11/dht11.o
LOAD appbuild/drivers/third_party/ST/STM32L4xx_HAL_Driver/Src/stm32l4xx_hal_dma.o
LOAD appbuild/drivers/third_party/ST/STM32L4xx_HAL_Driver/Src/stm32l4xx_hal_dma_ex.o
LOAD appbuild/drivers/third_party/ST/STM32L4xx_HAL_Driver/Src/stm32l4xx_hal_rng.o
LOAD appbuild/targets/STM32L476RG_NB476/uart_at/uart_at.o
LOAD appbuild/targets/STM32L476RG_NB476/Demos/use_coap_demo/use_coap_demo.o
LOAD appbuild/iot_link/os/liteos/arch/arm/arm-m/armv7-m/gcc/los_startup.o
LOAD /home/fanxinhao/toolchain/gcc-arm-none-eabi-9-2019-q4-major/bin/../lib/gcc/arm-none-eabi/9.2.1/../../../../arm-none-eabi/lib/thumb/v7e-m+fp/hard/libc_nano.a
LOAD /home/fanxinhao/toolchain/gcc-arm-none-eabi-9-2019-q4-major/bin/../lib/gcc/arm-none-eabi/9.2.1/../../../../arm-none-eabi/lib/thumb/v7e-m+fp/hard/libm.a
LOAD /home/fanxinhao/toolchain/gcc-arm-none-eabi-9-2019-q4-major/bin/../lib/gcc/arm-none-eabi/9.2.1/../../../../arm-none-eabi/lib/thumb/v7e-m+fp/hard/libnosys.a
START GROUP
LOAD /home/fanxinhao/toolchain/gcc-arm-none-eabi-9-2019-q4-major/bin/../lib/gcc/arm-none-eabi/9.2.1/thumb/v7e-m+fp/hard/libgcc.a
LOAD /home/fanxinhao/toolchain/gcc-arm-none-eabi-9-2019-q4-major/bin/../lib/gcc/arm-none-eabi/9.2.1/../../../../arm-none-eabi/lib/thumb/v7e-m+fp/hard/libc_nano.a
END GROUP
START GROUP
LOAD /home/fanxinhao/toolchain/gcc-arm-none-eabi-9-2019-q4-major/bin/../lib/gcc/arm-none-eabi/9.2.1/thumb/v7e-m+fp/hard/libgcc.a
LOAD /home/fanxinhao/toolchain/gcc-arm-none-eabi-9-2019-q4-major/bin/../lib/gcc/arm-none-eabi/9.2.1/../../../../arm-none-eabi/lib/thumb/v7e-m+fp/hard/libc_nano.a
END GROUP
LOAD /home/fanxinhao/toolchain/gcc-arm-none-eabi-9-2019-q4-major/bin/../lib/gcc/arm-none-eabi/9.2.1/thumb/v7e-m+fp/hard/crtend.o
LOAD /home/fanxinhao/toolchain/gcc-arm-none-eabi-9-2019-q4-major/bin/../lib/gcc/arm-none-eabi/9.2.1/thumb/v7e-m+fp/hard/crtn.o
                0x0000000020018000                _estack = 0x20018000
                0x0000000000000200                _Min_Heap_Size = 0x200
                0x0000000000000400                _Min_Stack_Size = 0x400

.isr_vector     0x0000000008000000      0x400
                0x0000000008000000                . = ALIGN (0x8)
 *(.isr_vector)
 .isr_vector    0x0000000008000000      0x400 appbuild/iot_link/os/liteos/arch/arm/arm-m/src/los_hwi.o
                0x0000000008000000                g_pstHwiForm
                0x0000000008000400                . = ALIGN (0x8)

.text           0x0000000008000400     0x7608
                0x0000000008000400                . = ALIGN (0x8)
 *(.text)
 .text          0x0000000008000400       0x40 /home/fanxinhao/toolchain/gcc-arm-none-eabi-9-2019-q4-major/bin/../lib/gcc/arm-none-eabi/9.2.1/thumb/v7e-m+fp/hard/crtbegin.o
 .text          0x0000000008000440       0x60 appbuild/iot_link/os/liteos/arch/arm/arm-m/armv7-m/gcc/los_startup.o
                0x0000000008000440                Reset_Handler
 .text          0x00000000080004a0       0x14 /home/fanxinhao/toolchain/gcc-arm-none-eabi-9-2019-q4-major/bin/../lib/gcc/arm-none-eabi/9.2.1/../../../../arm-none-eabi/lib/thumb/v7e-m+fp/hard/libc_nano.a(lib_a-strcmp.o)
                0x00000000080004a0                strcmp
 .text          0x00000000080004b4       0x10 /home/fanxinhao/toolchain/gcc-arm-none-eabi-9-2019-q4-major/bin/../lib/gcc/arm-none-eabi/9.2.1/../../../../arm-none-eabi/lib/thumb/v7e-m+fp/hard/libc_nano.a(lib_a-strlen.o)
                0x00000000080004b4                strlen
 *fill*         0x00000000080004c4        0xc 
 .text          0x00000000080004d0       0xa0 /home/fanxinhao/toolchain/gcc-arm-none-eabi-9-2019-q4-major/bin/../lib/gcc/arm-none-eabi/9.2.1/../../../../arm-none-eabi/lib/thumb/v7e-m+fp/hard/libc_nano.a(lib_a-memchr.o)
                0x00000000080004d0                memchr
 .text          0x0000000008000570      0x378 /home/fanxinhao/toolchain/gcc-arm-none-eabi-9-2019-q4-major/bin/../lib/gcc/arm-none-eabi/9.2.1/thumb/v7e-m+fp/hard/libgcc.a(_arm_addsubdf3.o)
                0x0000000008000570                __aeabi_drsub
                0x0000000008000578                __aeabi_dsub
                0x0000000008000578                __subdf3
                0x000000000800057c                __adddf3
                0x000000000800057c                __aeabi_dadd
                0x00000000080007f4                __aeabi_ui2d
                0x00000000080007f4                __floatunsidf
                0x0000000008000814                __floatsidf
                0x0000000008000814                __aeabi_i2d
                0x0000000008000838                __extendsfdf2
                0x0000000008000838                __aeabi_f2d
                0x000000000800087c                __aeabi_ul2d
                0x000000000800087c                __floatundidf
                0x000000000800088c                __floatdidf
                0x000000000800088c                __aeabi_l2d
 .text          0x00000000080008e8      0x424 /home/fanxinhao/toolchain/gcc-arm-none-eabi-9-2019-q4-major/bin/../lib/gcc/arm-none-eabi/9.2.1/thumb/v7e-m+fp/hard/libgcc.a(_arm_muldivdf3.o)
                0x00000000080008e8                __aeabi_dmul
                0x00000000080008e8                __muldf3
                0x0000000008000b3c                __aeabi_ddiv
                0x0000000008000b3c                __divdf3
 .text          0x0000000008000d0c      0x110 /home/fanxinhao/toolchain/gcc-arm-none-eabi-9-2019-q4-major/bin/../lib/gcc/arm-none-eabi/9.2.1/thumb/v7e-m+fp/hard/libgcc.a(_arm_cmpdf2.o)
                0x0000000008000d0c                __gtdf2
                0x0000000008000d0c                __gedf2
                0x0000000008000d14                __ltdf2
                0x0000000008000d14                __ledf2
                0x0000000008000d1c                __cmpdf2
                0x0000000008000d1c                __eqdf2
                0x0000000008000d1c                __nedf2
                0x0000000008000d98                __aeabi_cdrcmple
                0x0000000008000da8                __aeabi_cdcmple
                0x0000000008000da8                __aeabi_cdcmpeq
                0x0000000008000db8                __aeabi_dcmpeq
                0x0000000008000dcc                __aeabi_dcmplt
                0x0000000008000de0                __aeabi_dcmple
                0x0000000008000df4                __aeabi_dcmpge
                0x0000000008000e08                __aeabi_dcmpgt
 .text          0x0000000008000e1c       0x2c /home/fanxinhao/toolchain/gcc-arm-none-eabi-9-2019-q4-major/bin/../lib/gcc/arm-none-eabi/9.2.1/thumb/v7e-m+fp/hard/libgcc.a(_arm_unorddf2.o)
                0x0000000008000e1c                __aeabi_dcmpun
                0x0000000008000e1c                __unorddf2
 .text          0x0000000008000e48       0x50 /home/fanxinhao/toolchain/gcc-arm-none-eabi-9-2019-q4-major/bin/../lib/gcc/arm-none-eabi/9.2.1/thumb/v7e-m+fp/hard/libgcc.a(_arm_fixdfsi.o)
                0x0000000008000e48                __fixdfsi
                0x0000000008000e48                __aeabi_d2iz
 .text          0x0000000008000e98       0x30 /home/fanxinhao/toolchain/gcc-arm-none-eabi-9-2019-q4-major/bin/../lib/gcc/arm-none-eabi/9.2.1/thumb/v7e-m+fp/hard/libgcc.a(_aeabi_uldivmod.o)
                0x0000000008000e98                __aeabi_uldivmod
 .text          0x0000000008000ec8      0x2c4 /home/fanxinhao/toolchain/gcc-arm-none-eabi-9-2019-q4-major/bin/../lib/gcc/arm-none-eabi/9.2.1/thumb/v7e-m+fp/hard/libgcc.a(_udivmoddi4.o)
                0x0000000008000ec8                __udivmoddi4
 .text          0x000000000800118c        0x4 /home/fanxinhao/toolchain/gcc-arm-none-eabi-9-2019-q4-major/bin/../lib/gcc/arm-none-eabi/9.2.1/thumb/v7e-m+fp/hard/libgcc.a(_dvmd_tls.o)
                0x000000000800118c                __aeabi_ldiv0
                0x000000000800118c                __aeabi_idiv0
 *(.text*)
 .text.ring_buffer_init
                0x0000000008001190       0x48 appbuild/iot_link/link_misc/link_ring_buffer.o
                0x0000000008001190                ring_buffer_init
 .text.ring_buffer_write
                0x00000000080011d8      0x170 appbuild/iot_link/link_misc/link_ring_buffer.o
                0x00000000080011d8                ring_buffer_write
 .text.ring_buffer_read
                0x0000000008001348      0x112 appbuild/iot_link/link_misc/link_ring_buffer.o
                0x0000000008001348                ring_buffer_read
 .text.ring_buffer_datalen
                0x000000000800145a       0x28 appbuild/iot_link/link_misc/link_ring_buffer.o
                0x000000000800145a                ring_buffer_datalen
 .text.ring_buffer_reset
                0x0000000008001482       0x32 appbuild/iot_link/link_misc/link_ring_buffer.o
                0x0000000008001482                ring_buffer_reset
 .text.link_log_level_get
                0x00000000080014b4       0x18 appbuild/iot_link/link_log/link_log.o
                0x00000000080014b4                link_log_level_get
 .text.link_log_level_name
                0x00000000080014cc       0x30 appbuild/iot_link/link_log/link_log.o
                0x00000000080014cc                link_log_level_name
 .text.osal_mutex_lock
                0x00000000080014fc       0x48 appbuild/iot_link/os/osal/osal.o
                0x00000000080014fc                osal_mutex_lock
 .text.osal_mutex_unlock
                0x0000000008001544       0x48 appbuild/iot_link/os/osal/osal.o
                0x0000000008001544                osal_mutex_unlock
 .text.osal_semp_create
                0x000000000800158c       0x50 appbuild/iot_link/os/osal/osal.o
                0x000000000800158c                osal_semp_create
 .text.osal_semp_pend
                0x00000000080015dc       0x4c appbuild/iot_link/os/osal/osal.o
                0x00000000080015dc                osal_semp_pend
 .text.osal_semp_post
                0x0000000008001628       0x48 appbuild/iot_link/os/osal/osal.o
                0x0000000008001628                osal_semp_post
 .text.osal_malloc
                0x0000000008001670       0x48 appbuild/iot_link/os/osal/osal.o
                0x0000000008001670                osal_malloc
 .text.osal_free
                0x00000000080016b8       0x48 appbuild/iot_link/os/osal/osal.o
                0x00000000080016b8                osal_free
 .text.osal_calloc
                0x0000000008001700       0x3c appbuild/iot_link/os/osal/osal.o
                0x0000000008001700                osal_calloc
 .text.osal_sys_time
                0x000000000800173c       0x50 appbuild/iot_link/os/osal/osal.o
                0x000000000800173c                osal_sys_time
 .text.osal_reboot
                0x000000000800178c       0x44 appbuild/iot_link/os/osal/osal.o
                0x000000000800178c                osal_reboot
 .text.LOS_IntLock
                0x00000000080017d0        0xc appbuild/iot_link/os/liteos/arch/arm/arm-m/armv7-m/gcc/los_dispatch.o
                0x00000000080017d0                LOS_IntLock
 .text.LOS_IntRestore
                0x00000000080017dc        0x8 appbuild/iot_link/os/liteos/arch/arm/arm-m/armv7-m/gcc/los_dispatch.o
                0x00000000080017dc                LOS_IntRestore
 .text.osTaskSchedule
                0x00000000080017e4       0x10 appbuild/iot_link/os/liteos/arch/arm/arm-m/armv7-m/gcc/los_dispatch.o
                0x00000000080017e4                osTaskSchedule
 .text.PendSV_Handler
                0x00000000080017f4       0x74 appbuild/iot_link/os/liteos/arch/arm/arm-m/armv7-m/gcc/los_dispatch.o
                0x00000000080017f4                PendSV_Handler
 .text.__NVIC_EnableIRQ
                0x0000000008001868       0x3c appbuild/iot_link/os/liteos/arch/arm/arm-m/src/los_hwi.o
 .text.__NVIC_SetPriority
                0x00000000080018a4       0x54 appbuild/iot_link/os/liteos/arch/arm/arm-m/src/los_hwi.o
 .text.osIntNumGet
                0x00000000080018f8       0x1a appbuild/iot_link/os/liteos/arch/arm/arm-m/src/los_hwi.o
                0x00000000080018f8                osIntNumGet
 *fill*         0x0000000008001912        0x2 
 .text.osHwiDefaultHandler
                0x0000000008001914       0x28 appbuild/iot_link/os/liteos/arch/arm/arm-m/src/los_hwi.o
                0x0000000008001914                osHwiDefaultHandler
 .text.NMI_Handler
                0x000000000800193c        0xc appbuild/iot_link/os/liteos/arch/arm/arm-m/src/los_hwi.o
                0x000000000800193c                NMI_Handler
 .text.HardFault_Handler
                0x0000000008001948        0xc appbuild/iot_link/os/liteos/arch/arm/arm-m/src/los_hwi.o
                0x0000000008001948                HardFault_Handler
 .text.MemManage_Handler
                0x0000000008001954        0xc appbuild/iot_link/os/liteos/arch/arm/arm-m/src/los_hwi.o
                0x0000000008001954                MemManage_Handler
 .text.BusFault_Handler
                0x0000000008001960        0xc appbuild/iot_link/os/liteos/arch/arm/arm-m/src/los_hwi.o
                0x0000000008001960                BusFault_Handler
 .text.UsageFault_Handler
                0x000000000800196c        0xc appbuild/iot_link/os/liteos/arch/arm/arm-m/src/los_hwi.o
                0x000000000800196c                UsageFault_Handler
 .text.SVC_Handler
                0x0000000008001978        0xc appbuild/iot_link/os/liteos/arch/arm/arm-m/src/los_hwi.o
                0x0000000008001978                SVC_Handler
 .text.Debug_Handler
                0x0000000008001984        0xc appbuild/iot_link/os/liteos/arch/arm/arm-m/src/los_hwi.o
                0x0000000008001984                Debug_Handler
 .text.osInterrupt
                0x0000000008001990       0x6c appbuild/iot_link/os/liteos/arch/arm/arm-m/src/los_hwi.o
                0x0000000008001990                osInterrupt
 .text.LOS_HwiCreate
                0x00000000080019fc       0x84 appbuild/iot_link/os/liteos/arch/arm/arm-m/src/los_hwi.o
                0x00000000080019fc                LOS_HwiCreate
 .text.LOS_Schedule
                0x0000000008001a80       0x4c appbuild/iot_link/os/liteos/arch/arm/arm-m/src/los_hw.o
                0x0000000008001a80                LOS_Schedule
 .text.los_mem_realloc
                0x0000000008001acc       0x28 appbuild/iot_link/os/liteos/liteos_imp.o
                0x0000000008001acc                los_mem_realloc
 .text._malloc_r
                0x0000000008001af4       0x1a appbuild/iot_link/os/liteos/newlib_stub.o
                0x0000000008001af4                _malloc_r
 .text._realloc_r
                0x0000000008001b0e       0x20 appbuild/iot_link/os/liteos/newlib_stub.o
                0x0000000008001b0e                _realloc_r
 .text._calloc_r
                0x0000000008001b2e       0x1e appbuild/iot_link/os/liteos/newlib_stub.o
                0x0000000008001b2e                _calloc_r
 .text._free_r  0x0000000008001b4c       0x18 appbuild/iot_link/os/liteos/newlib_stub.o
                0x0000000008001b4c                _free_r
 .text.free     0x0000000008001b64       0x16 appbuild/iot_link/os/liteos/malloc.o
                0x0000000008001b64                free
 .text.malloc   0x0000000008001b7a       0x18 appbuild/iot_link/os/liteos/malloc.o
                0x0000000008001b7a                malloc
 .text.calloc   0x0000000008001b92       0x1c appbuild/iot_link/os/liteos/malloc.o
                0x0000000008001b92                calloc
 .text.LOS_ListAdd
                0x0000000008001bae       0x32 appbuild/iot_link/os/liteos/base/core/los_priqueue.o
 .text.LOS_ListTailInsert
                0x0000000008001be0       0x1e appbuild/iot_link/os/liteos/base/core/los_priqueue.o
 .text.LOS_ListDelete
                0x0000000008001bfe       0x34 appbuild/iot_link/os/liteos/base/core/los_priqueue.o
 .text.LOS_ListEmpty
                0x0000000008001c32       0x24 appbuild/iot_link/os/liteos/base/core/los_priqueue.o
 *fill*         0x0000000008001c56        0x2 
 .text.osPriqueueEnqueue
                0x0000000008001c58       0x54 appbuild/iot_link/os/liteos/base/core/los_priqueue.o
                0x0000000008001c58                osPriqueueEnqueue
 .text.osPriqueueDequeue
                0x0000000008001cac       0x54 appbuild/iot_link/os/liteos/base/core/los_priqueue.o
                0x0000000008001cac                osPriqueueDequeue
 .text.osPriqueueTop
                0x0000000008001d00       0x40 appbuild/iot_link/os/liteos/base/core/los_priqueue.o
                0x0000000008001d00                osPriqueueTop
 .text.LOS_ListAdd
                0x0000000008001d40       0x32 appbuild/iot_link/os/liteos/base/core/los_task.o
 .text.LOS_ListTailInsert
                0x0000000008001d72       0x1e appbuild/iot_link/os/liteos/base/core/los_task.o
 .text.LOS_ListDelete
                0x0000000008001d90       0x34 appbuild/iot_link/os/liteos/base/core/los_task.o
 .text.osTaskPriModify
                0x0000000008001dc4       0x66 appbuild/iot_link/os/liteos/base/core/los_task.o
                0x0000000008001dc4                osTaskPriModify
 *fill*         0x0000000008001e2a        0x2 
 .text.osTaskAdd2TimerList
                0x0000000008001e2c      0x110 appbuild/iot_link/os/liteos/base/core/los_task.o
                0x0000000008001e2c                osTaskAdd2TimerList
 .text.osTimerListDelete
                0x0000000008001f3c       0x64 appbuild/iot_link/os/liteos/base/core/los_task.o
                0x0000000008001f3c                osTimerListDelete
 .text.osConvertTskStatus
                0x0000000008001fa0       0xbc appbuild/iot_link/os/liteos/base/core/los_task.o
                0x0000000008001fa0                osConvertTskStatus
 .text.osGetTaskWaterLine
                0x000000000800205c       0x88 appbuild/iot_link/os/liteos/base/core/los_task.o
                0x000000000800205c                osGetTaskWaterLine
 .text.osGetAllTskInfo
                0x00000000080020e4       0xfc appbuild/iot_link/os/liteos/base/core/los_task.o
                0x00000000080020e4                osGetAllTskInfo
 .text.osTaskWait
                0x00000000080021e0       0x74 appbuild/iot_link/os/liteos/base/core/los_task.o
                0x00000000080021e0                osTaskWait
 .text.osTaskWake
                0x0000000008002254       0x7c appbuild/iot_link/os/liteos/base/core/los_task.o
                0x0000000008002254                osTaskWake
 .text.LOS_ListEmpty
                0x00000000080022d0       0x24 appbuild/iot_link/os/liteos/base/ipc/los_mux.o
 .text.LOS_MuxPend
                0x00000000080022f4      0x1b0 appbuild/iot_link/os/liteos/base/ipc/los_mux.o
                0x00000000080022f4                LOS_MuxPend
 .text.LOS_MuxPost
                0x00000000080024a4      0x120 appbuild/iot_link/os/liteos/base/ipc/los_mux.o
                0x00000000080024a4                LOS_MuxPost
 .text.dlist_init
                0x00000000080025c4       0x22 appbuild/iot_link/os/liteos/base/mem/heap/los_heap.o
 .text.__dlist_add_at
                0x00000000080025e6       0x30 appbuild/iot_link/os/liteos/base/mem/heap/los_heap.o
 .text.dlist_add_tail
                0x0000000008002616       0x20 appbuild/iot_link/os/liteos/base/mem/heap/los_heap.o
 .text.dlist_del
                0x0000000008002636       0x28 appbuild/iot_link/os/liteos/base/mem/heap/los_heap.o
 .text.dlist_empty
                0x000000000800265e       0x24 appbuild/iot_link/os/liteos/base/mem/heap/los_heap.o
 .text.__is_free
                0x0000000008002682       0x26 appbuild/iot_link/os/liteos/base/mem/heap/los_heap.o
 .text.__set_chunk_allocated
                0x00000000080026a8       0x20 appbuild/iot_link/os/liteos/base/mem/heap/los_heap.o
 .text.__set_chunk_free
                0x00000000080026c8       0x20 appbuild/iot_link/os/liteos/base/mem/heap/los_heap.o
 .text.__get_next_chunk
                0x00000000080026e8       0x20 appbuild/iot_link/os/liteos/base/mem/heap/los_heap.o
 .text.__get_prev_chunk
                0x0000000008002708       0x18 appbuild/iot_link/os/liteos/base/mem/heap/los_heap.o
 .text.__get_mem_block
                0x0000000008002720       0x18 appbuild/iot_link/os/liteos/base/mem/heap/los_heap.o
 .text.__get_ach_from_mem
                0x0000000008002738       0x2e appbuild/iot_link/os/liteos/base/mem/heap/los_heap.o
 .text.__set_ach_to_mem
                0x0000000008002766       0x1e appbuild/iot_link/os/liteos/base/mem/heap/los_heap.o
 .text.__get_fl_idx
                0x0000000008002784       0x1e appbuild/iot_link/os/liteos/base/mem/heap/los_heap.o
 .text.__get_sl_idx
                0x00000000080027a2       0x22 appbuild/iot_link/os/liteos/base/mem/heap/los_heap.o
 .text.__cm_put_chunk
                0x00000000080027c4       0xcc appbuild/iot_link/os/liteos/base/mem/heap/los_heap.o
 .text.__cm_del_chunk
                0x0000000008002890       0xdc appbuild/iot_link/os/liteos/base/mem/heap/los_heap.o
 .text.__cm_get_chunk
                0x000000000800296c       0xce appbuild/iot_link/os/liteos/base/mem/heap/los_heap.o
 .text.__get_max_free
                0x0000000008002a3a       0xb6 appbuild/iot_link/os/liteos/base/mem/heap/los_heap.o
 .text.__stat_chunk_add
                0x0000000008002af0       0x32 appbuild/iot_link/os/liteos/base/mem/heap/los_heap.o
 .text.__stat_chunk_del
                0x0000000008002b22       0x32 appbuild/iot_link/os/liteos/base/mem/heap/los_heap.o
 .text.__stat_chunk_alloc
                0x0000000008002b54       0x74 appbuild/iot_link/os/liteos/base/mem/heap/los_heap.o
 .text.__stat_chunk_free
                0x0000000008002bc8       0x60 appbuild/iot_link/os/liteos/base/mem/heap/los_heap.o
 .text.__put_chunk
                0x0000000008002c28       0x38 appbuild/iot_link/os/liteos/base/mem/heap/los_heap.o
 .text.__del_chunk
                0x0000000008002c60       0x2a appbuild/iot_link/os/liteos/base/mem/heap/los_heap.o
 .text.__get_chunk
                0x0000000008002c8a       0x2e appbuild/iot_link/os/liteos/base/mem/heap/los_heap.o
 .text.__carve_extra
                0x0000000008002cb8       0xf6 appbuild/iot_link/os/liteos/base/mem/heap/los_heap.o
 .text.heap_alloc_align
                0x0000000008002dae       0xac appbuild/iot_link/os/liteos/base/mem/heap/los_heap.o
                0x0000000008002dae                heap_alloc_align
 .text.heap_alloc
                0x0000000008002e5a       0x1e appbuild/iot_link/os/liteos/base/mem/heap/los_heap.o
                0x0000000008002e5a                heap_alloc
 .text.heap_free
                0x0000000008002e78       0xdc appbuild/iot_link/os/liteos/base/mem/heap/los_heap.o
                0x0000000008002e78                heap_free
 .text.heap_realloc
                0x0000000008002f54      0x128 appbuild/iot_link/os/liteos/base/mem/heap/los_heap.o
                0x0000000008002f54                heap_realloc
 .text.__dump_block
                0x000000000800307c       0x74 appbuild/iot_link/os/liteos/base/mem/heap/los_heap.o
 .text.__dump_heap
                0x00000000080030f0      0x130 appbuild/iot_link/os/liteos/base/mem/heap/los_heap.o
                0x00000000080030f0                __dump_heap
 .text.osHeapRealloc
                0x0000000008003220       0x20 appbuild/iot_link/os/liteos/base/mem/heap/los_memory.o
                0x0000000008003220                osHeapRealloc
 .text.LOS_MemRealloc
                0x0000000008003240       0x20 appbuild/iot_link/os/liteos/base/mem/heap/los_memory.o
                0x0000000008003240                LOS_MemRealloc
 .text.LOS_MemInfo
                0x0000000008003260       0x3c appbuild/iot_link/os/liteos/base/mem/heap/los_memory.o
                0x0000000008003260                LOS_MemInfo
 .text.LOS_ErrHandle
                0x000000000800329c       0x48 appbuild/iot_link/os/liteos/base/om/los_err.o
                0x000000000800329c                LOS_ErrHandle
 .text.shell_taskinfo
                0x00000000080032e4       0x18 appbuild/iot_link/shell/shell_test.o
 .text.shell_heapinfo
                0x00000000080032fc       0x1c appbuild/iot_link/shell/shell_test.o
 .text.shell_reboot
                0x0000000008003318       0x4c appbuild/iot_link/shell/shell_test.o
 .text.shell_cmd_help
                0x0000000008003364      0x174 appbuild/iot_link/shell/shell_cmd.o
 .text.os_shell_version
                0x00000000080034d8       0x50 appbuild/iot_link/shell/shell_cmd.o
 .text.stimer_print
                0x0000000008003528      0x188 appbuild/iot_link/stimer/stimer.o
 .text.los_dev_write
                0x00000000080036b0       0x8c appbuild/iot_link/driver/driver.o
                0x00000000080036b0                los_dev_write
 .text.__driv_show_shell
                0x000000000800373c      0x150 appbuild/iot_link/driver/driver.o
 .text.__cmd_send
                0x000000000800388c      0x150 appbuild/iot_link/at/at.o
 .text.__cmd_create
                0x00000000080039dc       0x80 appbuild/iot_link/at/at.o
 .text.__cmd_clear
                0x0000000008003a5c       0x60 appbuild/iot_link/at/at.o
 .text.at_command
                0x0000000008003abc       0x9c appbuild/iot_link/at/at.o
                0x0000000008003abc                at_command
 .text.shell_at
                0x0000000008003b58      0x138 appbuild/iot_link/at/at.o
 .text.shell_atdebug
                0x0000000008003c90      0x17c appbuild/iot_link/at/at.o
 .text.HAL_RCC_GetSysClockFreq
                0x0000000008003e0c      0x160 appbuild/drivers/third_party/ST/STM32L4xx_HAL_Driver/Src/stm32l4xx_hal_rcc.o
                0x0000000008003e0c                HAL_RCC_GetSysClockFreq
 .text.HAL_RCC_GetHCLKFreq
                0x0000000008003f6c       0x18 appbuild/drivers/third_party/ST/STM32L4xx_HAL_Driver/Src/stm32l4xx_hal_rcc.o
                0x0000000008003f6c                HAL_RCC_GetHCLKFreq
 .text.HAL_RCC_GetPCLK1Freq
                0x0000000008003f84       0x28 appbuild/drivers/third_party/ST/STM32L4xx_HAL_Driver/Src/stm32l4xx_hal_rcc.o
                0x0000000008003f84                HAL_RCC_GetPCLK1Freq
 .text.HAL_RCC_GetPCLK2Freq
                0x0000000008003fac       0x28 appbuild/drivers/third_party/ST/STM32L4xx_HAL_Driver/Src/stm32l4xx_hal_rcc.o
                0x0000000008003fac                HAL_RCC_GetPCLK2Freq
 .text.HAL_UART_Init
                0x0000000008003fd4       0xa2 appbuild/drivers/third_party/ST/STM32L4xx_HAL_Driver/Src/stm32l4xx_hal_uart.o
                0x0000000008003fd4                HAL_UART_Init
 .text.HAL_UART_MspInit
                0x0000000008004076       0x14 appbuild/drivers/third_party/ST/STM32L4xx_HAL_Driver/Src/stm32l4xx_hal_uart.o
                0x0000000008004076                HAL_UART_MspInit
 .text.HAL_UART_Transmit
                0x000000000800408a      0x154 appbuild/drivers/third_party/ST/STM32L4xx_HAL_Driver/Src/stm32l4xx_hal_uart.o
                0x000000000800408a                HAL_UART_Transmit
 *fill*         0x00000000080041de        0x2 
 .text.UART_SetConfig
                0x00000000080041e0      0x66c appbuild/drivers/third_party/ST/STM32L4xx_HAL_Driver/Src/stm32l4xx_hal_uart.o
                0x00000000080041e0                UART_SetConfig
 .text.UART_AdvFeatureConfig
                0x000000000800484c      0x144 appbuild/drivers/third_party/ST/STM32L4xx_HAL_Driver/Src/stm32l4xx_hal_uart.o
                0x000000000800484c                UART_AdvFeatureConfig
 .text.UART_CheckIdleState
                0x0000000008004990       0x92 appbuild/drivers/third_party/ST/STM32L4xx_HAL_Driver/Src/stm32l4xx_hal_uart.o
                0x0000000008004990                UART_CheckIdleState
 .text.UART_WaitOnFlagUntilTimeout
                0x0000000008004a22       0x94 appbuild/drivers/third_party/ST/STM32L4xx_HAL_Driver/Src/stm32l4xx_hal_uart.o
                0x0000000008004a22                UART_WaitOnFlagUntilTimeout
 *fill*         0x0000000008004ab6        0x2 
 .text.HAL_GetTick
                0x0000000008004ab8       0x18 appbuild/drivers/third_party/ST/STM32L4xx_HAL_Driver/Src/stm32l4xx_hal.o
                0x0000000008004ab8                HAL_GetTick
 .text.atio_irq
                0x0000000008004ad0      0x13c appbuild/targets/STM32L476RG_NB476/uart_at/uart_at.o
 .text.uart_at_init
                0x0000000008004c0c      0x100 appbuild/targets/STM32L476RG_NB476/uart_at/uart_at.o
                0x0000000008004c0c                uart_at_init
 .text.uart_at_deinit
                0x0000000008004d0c       0x48 appbuild/targets/STM32L476RG_NB476/uart_at/uart_at.o
                0x0000000008004d0c                uart_at_deinit
 .text.uart_at_send
                0x0000000008004d54       0x58 appbuild/targets/STM32L476RG_NB476/uart_at/uart_at.o
 .text.uart_at_receive
                0x0000000008004dac       0xe4 appbuild/targets/STM32L476RG_NB476/uart_at/uart_at.o
 .text.__at_read
                0x0000000008004e90       0x22 appbuild/targets/STM32L476RG_NB476/uart_at/uart_at.o
 .text.__at_write
                0x0000000008004eb2       0x22 appbuild/targets/STM32L476RG_NB476/uart_at/uart_at.o
 .text.__sflush_r
                0x0000000008004ed4      0x10c /home/fanxinhao/toolchain/gcc-arm-none-eabi-9-2019-q4-major/bin/../lib/gcc/arm-none-eabi/9.2.1/../../../../arm-none-eabi/lib/thumb/v7e-m+fp/hard/libc_nano.a(lib_a-fflush.o)
                0x0000000008004ed4                __sflush_r
 .text._fflush_r
                0x0000000008004fe0       0x78 /home/fanxinhao/toolchain/gcc-arm-none-eabi-9-2019-q4-major/bin/../lib/gcc/arm-none-eabi/9.2.1/../../../../arm-none-eabi/lib/thumb/v7e-m+fp/hard/libc_nano.a(lib_a-fflush.o)
                0x0000000008004fe0                _fflush_r
 .text.std      0x0000000008005058       0x48 /home/fanxinhao/toolchain/gcc-arm-none-eabi-9-2019-q4-major/bin/../lib/gcc/arm-none-eabi/9.2.1/../../../../arm-none-eabi/lib/thumb/v7e-m+fp/hard/libc_nano.a(lib_a-findfp.o)
 .text._cleanup_r
                0x00000000080050a0        0xc /home/fanxinhao/toolchain/gcc-arm-none-eabi-9-2019-q4-major/bin/../lib/gcc/arm-none-eabi/9.2.1/../../../../arm-none-eabi/lib/thumb/v7e-m+fp/hard/libc_nano.a(lib_a-findfp.o)
                0x00000000080050a0                _cleanup_r
 .text.__sfmoreglue
                0x00000000080050ac       0x2c /home/fanxinhao/toolchain/gcc-arm-none-eabi-9-2019-q4-major/bin/../lib/gcc/arm-none-eabi/9.2.1/../../../../arm-none-eabi/lib/thumb/v7e-m+fp/hard/libc_nano.a(lib_a-findfp.o)
                0x00000000080050ac                __sfmoreglue
 .text.__sfp_lock_acquire
                0x00000000080050d8        0xc /home/fanxinhao/toolchain/gcc-arm-none-eabi-9-2019-q4-major/bin/../lib/gcc/arm-none-eabi/9.2.1/../../../../arm-none-eabi/lib/thumb/v7e-m+fp/hard/libc_nano.a(lib_a-findfp.o)
                0x00000000080050d8                __sfp_lock_acquire
 .text.__sfp_lock_release
                0x00000000080050e4        0xc /home/fanxinhao/toolchain/gcc-arm-none-eabi-9-2019-q4-major/bin/../lib/gcc/arm-none-eabi/9.2.1/../../../../arm-none-eabi/lib/thumb/v7e-m+fp/hard/libc_nano.a(lib_a-findfp.o)
                0x00000000080050e4                __sfp_lock_release
 .text.__sinit_lock_acquire
                0x00000000080050f0        0xc /home/fanxinhao/toolchain/gcc-arm-none-eabi-9-2019-q4-major/bin/../lib/gcc/arm-none-eabi/9.2.1/../../../../arm-none-eabi/lib/thumb/v7e-m+fp/hard/libc_nano.a(lib_a-findfp.o)
                0x00000000080050f0                __sinit_lock_acquire
 .text.__sinit_lock_release
                0x00000000080050fc        0xc /home/fanxinhao/toolchain/gcc-arm-none-eabi-9-2019-q4-major/bin/../lib/gcc/arm-none-eabi/9.2.1/../../../../arm-none-eabi/lib/thumb/v7e-m+fp/hard/libc_nano.a(lib_a-findfp.o)
                0x00000000080050fc                __sinit_lock_release
 .text.__sinit  0x0000000008005108       0x70 /home/fanxinhao/toolchain/gcc-arm-none-eabi-9-2019-q4-major/bin/../lib/gcc/arm-none-eabi/9.2.1/../../../../arm-none-eabi/lib/thumb/v7e-m+fp/hard/libc_nano.a(lib_a-findfp.o)
                0x0000000008005108                __sinit
 .text.__sfp    0x0000000008005178       0x8c /home/fanxinhao/toolchain/gcc-arm-none-eabi-9-2019-q4-major/bin/../lib/gcc/arm-none-eabi/9.2.1/../../../../arm-none-eabi/lib/thumb/v7e-m+fp/hard/libc_nano.a(lib_a-findfp.o)
                0x0000000008005178                __sfp
 .text._fwalk_reent
                0x0000000008005204       0x3e /home/fanxinhao/toolchain/gcc-arm-none-eabi-9-2019-q4-major/bin/../lib/gcc/arm-none-eabi/9.2.1/../../../../arm-none-eabi/lib/thumb/v7e-m+fp/hard/libc_nano.a(lib_a-fwalk.o)
                0x0000000008005204                _fwalk_reent
 *fill*         0x0000000008005242        0x2 
 .text.__libc_init_array
                0x0000000008005244       0x48 /home/fanxinhao/toolchain/gcc-arm-none-eabi-9-2019-q4-major/bin/../lib/gcc/arm-none-eabi/9.2.1/../../../../arm-none-eabi/lib/thumb/v7e-m+fp/hard/libc_nano.a(lib_a-init.o)
                0x0000000008005244                __libc_init_array
 .text.__retarget_lock_init_recursive
                0x000000000800528c        0x2 /home/fanxinhao/toolchain/gcc-arm-none-eabi-9-2019-q4-major/bin/../lib/gcc/arm-none-eabi/9.2.1/../../../../arm-none-eabi/lib/thumb/v7e-m+fp/hard/libc_nano.a(lib_a-lock.o)
                0x000000000800528c                __retarget_lock_init_recursive
 .text.__retarget_lock_acquire_recursive
                0x000000000800528e        0x2 /home/fanxinhao/toolchain/gcc-arm-none-eabi-9-2019-q4-major/bin/../lib/gcc/arm-none-eabi/9.2.1/../../../../arm-none-eabi/lib/thumb/v7e-m+fp/hard/libc_nano.a(lib_a-lock.o)
                0x000000000800528e                __retarget_lock_acquire_recursive
 .text.__retarget_lock_release_recursive
                0x0000000008005290        0x2 /home/fanxinhao/toolchain/gcc-arm-none-eabi-9-2019-q4-major/bin/../lib/gcc/arm-none-eabi/9.2.1/../../../../arm-none-eabi/lib/thumb/v7e-m+fp/hard/libc_nano.a(lib_a-lock.o)
                0x0000000008005290                __retarget_lock_release_recursive
 .text.memcpy   0x0000000008005292       0x1c /home/fanxinhao/toolchain/gcc-arm-none-eabi-9-2019-q4-major/bin/../lib/gcc/arm-none-eabi/9.2.1/../../../../arm-none-eabi/lib/thumb/v7e-m+fp/hard/libc_nano.a(lib_a-memcpy-stub.o)
                0x0000000008005292                memcpy
 .text.memset   0x00000000080052ae       0x10 /home/fanxinhao/toolchain/gcc-arm-none-eabi-9-2019-q4-major/bin/../lib/gcc/arm-none-eabi/9.2.1/../../../../arm-none-eabi/lib/thumb/v7e-m+fp/hard/libc_nano.a(lib_a-memset.o)
                0x00000000080052ae                memset
 .text.__cvt    0x00000000080052be       0xc4 /home/fanxinhao/toolchain/gcc-arm-none-eabi-9-2019-q4-major/bin/../lib/gcc/arm-none-eabi/9.2.1/../../../../arm-none-eabi/lib/thumb/v7e-m+fp/hard/libc_nano.a(lib_a-nano-vfprintf_float.o)
                0x00000000080052be                __cvt
 .text.__exponent
                0x0000000008005382       0x7c /home/fanxinhao/toolchain/gcc-arm-none-eabi-9-2019-q4-major/bin/../lib/gcc/arm-none-eabi/9.2.1/../../../../arm-none-eabi/lib/thumb/v7e-m+fp/hard/libc_nano.a(lib_a-nano-vfprintf_float.o)
                0x0000000008005382                __exponent
 *fill*         0x00000000080053fe        0x2 
 .text._printf_float
                0x0000000008005400      0x46c /home/fanxinhao/toolchain/gcc-arm-none-eabi-9-2019-q4-major/bin/../lib/gcc/arm-none-eabi/9.2.1/../../../../arm-none-eabi/lib/thumb/v7e-m+fp/hard/libc_nano.a(lib_a-nano-vfprintf_float.o)
                0x0000000008005400                _printf_float
 .text._printf_common
                0x000000000800586c       0xda /home/fanxinhao/toolchain/gcc-arm-none-eabi-9-2019-q4-major/bin/../lib/gcc/arm-none-eabi/9.2.1/../../../../arm-none-eabi/lib/thumb/v7e-m+fp/hard/libc_nano.a(lib_a-nano-vfprintf_i.o)
                0x000000000800586c                _printf_common
 *fill*         0x0000000008005946        0x2 
 .text._printf_i
                0x0000000008005948      0x24c /home/fanxinhao/toolchain/gcc-arm-none-eabi-9-2019-q4-major/bin/../lib/gcc/arm-none-eabi/9.2.1/../../../../arm-none-eabi/lib/thumb/v7e-m+fp/hard/libc_nano.a(lib_a-nano-vfprintf_i.o)
                0x0000000008005948                _printf_i
 .text.printf   0x0000000008005b94       0x30 /home/fanxinhao/toolchain/gcc-arm-none-eabi-9-2019-q4-major/bin/../lib/gcc/arm-none-eabi/9.2.1/../../../../arm-none-eabi/lib/thumb/v7e-m+fp/hard/libc_nano.a(lib_a-printf.o)
                0x0000000008005b94                printf
                0x0000000008005b94                iprintf
 .text._puts_r  0x0000000008005bc4       0xdc /home/fanxinhao/toolchain/gcc-arm-none-eabi-9-2019-q4-major/bin/../lib/gcc/arm-none-eabi/9.2.1/../../../../arm-none-eabi/lib/thumb/v7e-m+fp/hard/libc_nano.a(lib_a-puts.o)
                0x0000000008005bc4                _puts_r
 .text.puts     0x0000000008005ca0       0x10 /home/fanxinhao/toolchain/gcc-arm-none-eabi-9-2019-q4-major/bin/../lib/gcc/arm-none-eabi/9.2.1/../../../../arm-none-eabi/lib/thumb/v7e-m+fp/hard/libc_nano.a(lib_a-puts.o)
                0x0000000008005ca0                puts
 .text.snprintf
                0x0000000008005cb0       0x68 /home/fanxinhao/toolchain/gcc-arm-none-eabi-9-2019-q4-major/bin/../lib/gcc/arm-none-eabi/9.2.1/../../../../arm-none-eabi/lib/thumb/v7e-m+fp/hard/libc_nano.a(lib_a-snprintf.o)
                0x0000000008005cb0                snprintf
                0x0000000008005cb0                sniprintf
 .text.__sread  0x0000000008005d18       0x22 /home/fanxinhao/toolchain/gcc-arm-none-eabi-9-2019-q4-major/bin/../lib/gcc/arm-none-eabi/9.2.1/../../../../arm-none-eabi/lib/thumb/v7e-m+fp/hard/libc_nano.a(lib_a-stdio.o)
                0x0000000008005d18                __sread
 .text.__swrite
                0x0000000008005d3a       0x38 /home/fanxinhao/toolchain/gcc-arm-none-eabi-9-2019-q4-major/bin/../lib/gcc/arm-none-eabi/9.2.1/../../../../arm-none-eabi/lib/thumb/v7e-m+fp/hard/libc_nano.a(lib_a-stdio.o)
                0x0000000008005d3a                __swrite
 .text.__sseek  0x0000000008005d72       0x24 /home/fanxinhao/toolchain/gcc-arm-none-eabi-9-2019-q4-major/bin/../lib/gcc/arm-none-eabi/9.2.1/../../../../arm-none-eabi/lib/thumb/v7e-m+fp/hard/libc_nano.a(lib_a-stdio.o)
                0x0000000008005d72                __sseek
 .text.__sclose
                0x0000000008005d96        0x8 /home/fanxinhao/toolchain/gcc-arm-none-eabi-9-2019-q4-major/bin/../lib/gcc/arm-none-eabi/9.2.1/../../../../arm-none-eabi/lib/thumb/v7e-m+fp/hard/libc_nano.a(lib_a-stdio.o)
                0x0000000008005d96                __sclose
 *fill*         0x0000000008005d9e        0x2 
 .text.__swbuf_r
                0x0000000008005da0       0xa4 /home/fanxinhao/toolchain/gcc-arm-none-eabi-9-2019-q4-major/bin/../lib/gcc/arm-none-eabi/9.2.1/../../../../arm-none-eabi/lib/thumb/v7e-m+fp/hard/libc_nano.a(lib_a-wbuf.o)
                0x0000000008005da0                __swbuf_r
 .text._write_r
                0x0000000008005e44       0x24 /home/fanxinhao/toolchain/gcc-arm-none-eabi-9-2019-q4-major/bin/../lib/gcc/arm-none-eabi/9.2.1/../../../../arm-none-eabi/lib/thumb/v7e-m+fp/hard/libc_nano.a(lib_a-writer.o)
                0x0000000008005e44                _write_r
 .text.__swsetup_r
                0x0000000008005e68       0xdc /home/fanxinhao/toolchain/gcc-arm-none-eabi-9-2019-q4-major/bin/../lib/gcc/arm-none-eabi/9.2.1/../../../../arm-none-eabi/lib/thumb/v7e-m+fp/hard/libc_nano.a(lib_a-wsetup.o)
                0x0000000008005e68                __swsetup_r
 .text._close_r
                0x0000000008005f44       0x20 /home/fanxinhao/toolchain/gcc-arm-none-eabi-9-2019-q4-major/bin/../lib/gcc/arm-none-eabi/9.2.1/../../../../arm-none-eabi/lib/thumb/v7e-m+fp/hard/libc_nano.a(lib_a-closer.o)
                0x0000000008005f44                _close_r
 .text.quorem   0x0000000008005f64      0x116 /home/fanxinhao/toolchain/gcc-arm-none-eabi-9-2019-q4-major/bin/../lib/gcc/arm-none-eabi/9.2.1/../../../../arm-none-eabi/lib/thumb/v7e-m+fp/hard/libc_nano.a(lib_a-dtoa.o)
 *fill*         0x000000000800607a        0x6 
 .text._dtoa_r  0x0000000008006080      0xbbc /home/fanxinhao/toolchain/gcc-arm-none-eabi-9-2019-q4-major/bin/../lib/gcc/arm-none-eabi/9.2.1/../../../../arm-none-eabi/lib/thumb/v7e-m+fp/hard/libc_nano.a(lib_a-dtoa.o)
                0x0000000008006080                _dtoa_r
 .text._localeconv_r
                0x0000000008006c3c        0x8 /home/fanxinhao/toolchain/gcc-arm-none-eabi-9-2019-q4-major/bin/../lib/gcc/arm-none-eabi/9.2.1/../../../../arm-none-eabi/lib/thumb/v7e-m+fp/hard/libc_nano.a(lib_a-localeconv.o)
                0x0000000008006c3c                _localeconv_r
 .text._lseek_r
                0x0000000008006c44       0x24 /home/fanxinhao/toolchain/gcc-arm-none-eabi-9-2019-q4-major/bin/../lib/gcc/arm-none-eabi/9.2.1/../../../../arm-none-eabi/lib/thumb/v7e-m+fp/hard/libc_nano.a(lib_a-lseekr.o)
                0x0000000008006c44                _lseek_r
 .text.__swhatbuf_r
                0x0000000008006c68       0x48 /home/fanxinhao/toolchain/gcc-arm-none-eabi-9-2019-q4-major/bin/../lib/gcc/arm-none-eabi/9.2.1/../../../../arm-none-eabi/lib/thumb/v7e-m+fp/hard/libc_nano.a(lib_a-makebuf.o)
                0x0000000008006c68                __swhatbuf_r
 .text.__smakebuf_r
                0x0000000008006cb0       0x80 /home/fanxinhao/toolchain/gcc-arm-none-eabi-9-2019-q4-major/bin/../lib/gcc/arm-none-eabi/9.2.1/../../../../arm-none-eabi/lib/thumb/v7e-m+fp/hard/libc_nano.a(lib_a-makebuf.o)
                0x0000000008006cb0                __smakebuf_r
 .text._Balloc  0x0000000008006d30       0x68 /home/fanxinhao/toolchain/gcc-arm-none-eabi-9-2019-q4-major/bin/../lib/gcc/arm-none-eabi/9.2.1/../../../../arm-none-eabi/lib/thumb/v7e-m+fp/hard/libc_nano.a(lib_a-mprec.o)
                0x0000000008006d30                _Balloc
 .text._Bfree   0x0000000008006d98       0x2e /home/fanxinhao/toolchain/gcc-arm-none-eabi-9-2019-q4-major/bin/../lib/gcc/arm-none-eabi/9.2.1/../../../../arm-none-eabi/lib/thumb/v7e-m+fp/hard/libc_nano.a(lib_a-mprec.o)
                0x0000000008006d98                _Bfree
 .text.__multadd
                0x0000000008006dc6       0x7c /home/fanxinhao/toolchain/gcc-arm-none-eabi-9-2019-q4-major/bin/../lib/gcc/arm-none-eabi/9.2.1/../../../../arm-none-eabi/lib/thumb/v7e-m+fp/hard/libc_nano.a(lib_a-mprec.o)
                0x0000000008006dc6                __multadd
 .text.__hi0bits
                0x0000000008006e42       0x40 /home/fanxinhao/toolchain/gcc-arm-none-eabi-9-2019-q4-major/bin/../lib/gcc/arm-none-eabi/9.2.1/../../../../arm-none-eabi/lib/thumb/v7e-m+fp/hard/libc_nano.a(lib_a-mprec.o)
                0x0000000008006e42                __hi0bits
 .text.__lo0bits
                0x0000000008006e82       0x60 /home/fanxinhao/toolchain/gcc-arm-none-eabi-9-2019-q4-major/bin/../lib/gcc/arm-none-eabi/9.2.1/../../../../arm-none-eabi/lib/thumb/v7e-m+fp/hard/libc_nano.a(lib_a-mprec.o)
                0x0000000008006e82                __lo0bits
 .text.__i2b    0x0000000008006ee2       0x12 /home/fanxinhao/toolchain/gcc-arm-none-eabi-9-2019-q4-major/bin/../lib/gcc/arm-none-eabi/9.2.1/../../../../arm-none-eabi/lib/thumb/v7e-m+fp/hard/libc_nano.a(lib_a-mprec.o)
                0x0000000008006ee2                __i2b
 .text.__multiply
                0x0000000008006ef4      0x138 /home/fanxinhao/toolchain/gcc-arm-none-eabi-9-2019-q4-major/bin/../lib/gcc/arm-none-eabi/9.2.1/../../../../arm-none-eabi/lib/thumb/v7e-m+fp/hard/libc_nano.a(lib_a-mprec.o)
                0x0000000008006ef4                __multiply
 .text.__pow5mult
                0x000000000800702c       0x9c /home/fanxinhao/toolchain/gcc-arm-none-eabi-9-2019-q4-major/bin/../lib/gcc/arm-none-eabi/9.2.1/../../../../arm-none-eabi/lib/thumb/v7e-m+fp/hard/libc_nano.a(lib_a-mprec.o)
                0x000000000800702c                __pow5mult
 .text.__lshift
                0x00000000080070c8       0xbe /home/fanxinhao/toolchain/gcc-arm-none-eabi-9-2019-q4-major/bin/../lib/gcc/arm-none-eabi/9.2.1/../../../../arm-none-eabi/lib/thumb/v7e-m+fp/hard/libc_nano.a(lib_a-mprec.o)
                0x00000000080070c8                __lshift
 .text.__mcmp   0x0000000008007186       0x38 /home/fanxinhao/toolchain/gcc-arm-none-eabi-9-2019-q4-major/bin/../lib/gcc/arm-none-eabi/9.2.1/../../../../arm-none-eabi/lib/thumb/v7e-m+fp/hard/libc_nano.a(lib_a-mprec.o)
                0x0000000008007186                __mcmp
 .text.__mdiff  0x00000000080071be       0xec /home/fanxinhao/toolchain/gcc-arm-none-eabi-9-2019-q4-major/bin/../lib/gcc/arm-none-eabi/9.2.1/../../../../arm-none-eabi/lib/thumb/v7e-m+fp/hard/libc_nano.a(lib_a-mprec.o)
                0x00000000080071be                __mdiff
 .text.__d2b    0x00000000080072aa       0xa0 /home/fanxinhao/toolchain/gcc-arm-none-eabi-9-2019-q4-major/bin/../lib/gcc/arm-none-eabi/9.2.1/../../../../arm-none-eabi/lib/thumb/v7e-m+fp/hard/libc_nano.a(lib_a-mprec.o)
                0x00000000080072aa                __d2b
 .text.__ssputs_r
                0x000000000800734a       0xb6 /home/fanxinhao/toolchain/gcc-arm-none-eabi-9-2019-q4-major/bin/../lib/gcc/arm-none-eabi/9.2.1/../../../../arm-none-eabi/lib/thumb/v7e-m+fp/hard/libc_nano.a(lib_a-nano-svfprintf.o)
                0x000000000800734a                __ssputs_r
 .text._svfprintf_r
                0x0000000008007400      0x200 /home/fanxinhao/toolchain/gcc-arm-none-eabi-9-2019-q4-major/bin/../lib/gcc/arm-none-eabi/9.2.1/../../../../arm-none-eabi/lib/thumb/v7e-m+fp/hard/libc_nano.a(lib_a-nano-svfprintf.o)
                0x0000000008007400                _svfprintf_r
                0x0000000008007400                _svfiprintf_r
 .text.__sfputc_r
                0x0000000008007600       0x2e /home/fanxinhao/toolchain/gcc-arm-none-eabi-9-2019-q4-major/bin/../lib/gcc/arm-none-eabi/9.2.1/../../../../arm-none-eabi/lib/thumb/v7e-m+fp/hard/libc_nano.a(lib_a-nano-vfprintf.o)
 .text.__sfputs_r
                0x000000000800762e       0x24 /home/fanxinhao/toolchain/gcc-arm-none-eabi-9-2019-q4-major/bin/../lib/gcc/arm-none-eabi/9.2.1/../../../../arm-none-eabi/lib/thumb/v7e-m+fp/hard/libc_nano.a(lib_a-nano-vfprintf.o)
                0x000000000800762e                __sfputs_r
 *fill*         0x0000000008007652        0x2 
 .text._vfprintf_r
                0x0000000008007654      0x260 /home/fanxinhao/toolchain/gcc-arm-none-eabi-9-2019-q4-major/bin/../lib/gcc/arm-none-eabi/9.2.1/../../../../arm-none-eabi/lib/thumb/v7e-m+fp/hard/libc_nano.a(lib_a-nano-vfprintf.o)
                0x0000000008007654                _vfiprintf_r
                0x0000000008007654                _vfprintf_r
 .text._read_r  0x00000000080078b4       0x24 /home/fanxinhao/toolchain/gcc-arm-none-eabi-9-2019-q4-major/bin/../lib/gcc/arm-none-eabi/9.2.1/../../../../arm-none-eabi/lib/thumb/v7e-m+fp/hard/libc_nano.a(lib_a-readr.o)
                0x00000000080078b4                _read_r
 .text._fstat_r
                0x00000000080078d8       0x24 /home/fanxinhao/toolchain/gcc-arm-none-eabi-9-2019-q4-major/bin/../lib/gcc/arm-none-eabi/9.2.1/../../../../arm-none-eabi/lib/thumb/v7e-m+fp/hard/libc_nano.a(lib_a-fstatr.o)
                0x00000000080078d8                _fstat_r
 .text._isatty_r
                0x00000000080078fc       0x20 /home/fanxinhao/toolchain/gcc-arm-none-eabi-9-2019-q4-major/bin/../lib/gcc/arm-none-eabi/9.2.1/../../../../arm-none-eabi/lib/thumb/v7e-m+fp/hard/libc_nano.a(lib_a-isattyr.o)
                0x00000000080078fc                _isatty_r
 .text.__ascii_mbtowc
                0x000000000800791c       0x24 /home/fanxinhao/toolchain/gcc-arm-none-eabi-9-2019-q4-major/bin/../lib/gcc/arm-none-eabi/9.2.1/../../../../arm-none-eabi/lib/thumb/v7e-m+fp/hard/libc_nano.a(lib_a-mbtowc_r.o)
                0x000000000800791c                __ascii_mbtowc
 .text.memmove  0x0000000008007940       0x34 /home/fanxinhao/toolchain/gcc-arm-none-eabi-9-2019-q4-major/bin/../lib/gcc/arm-none-eabi/9.2.1/../../../../arm-none-eabi/lib/thumb/v7e-m+fp/hard/libc_nano.a(lib_a-memmove.o)
                0x0000000008007940                memmove
 .text.__ascii_wctomb
                0x0000000008007974       0x1a /home/fanxinhao/toolchain/gcc-arm-none-eabi-9-2019-q4-major/bin/../lib/gcc/arm-none-eabi/9.2.1/../../../../arm-none-eabi/lib/thumb/v7e-m+fp/hard/libc_nano.a(lib_a-wctomb_r.o)
                0x0000000008007974                __ascii_wctomb
 *fill*         0x000000000800798e        0x2 
 .text._close   0x0000000008007990       0x10 /home/fanxinhao/toolchain/gcc-arm-none-eabi-9-2019-q4-major/bin/../lib/gcc/arm-none-eabi/9.2.1/../../../../arm-none-eabi/lib/thumb/v7e-m+fp/hard/libnosys.a(close.o)
                0x0000000008007990                _close
 .text._fstat   0x00000000080079a0       0x10 /home/fanxinhao/toolchain/gcc-arm-none-eabi-9-2019-q4-major/bin/../lib/gcc/arm-none-eabi/9.2.1/../../../../arm-none-eabi/lib/thumb/v7e-m+fp/hard/libnosys.a(fstat.o)
                0x00000000080079a0                _fstat
 .text._isatty  0x00000000080079b0       0x10 /home/fanxinhao/toolchain/gcc-arm-none-eabi-9-2019-q4-major/bin/../lib/gcc/arm-none-eabi/9.2.1/../../../../arm-none-eabi/lib/thumb/v7e-m+fp/hard/libnosys.a(isatty.o)
                0x00000000080079b0                _isatty
 .text._lseek   0x00000000080079c0       0x10 /home/fanxinhao/toolchain/gcc-arm-none-eabi-9-2019-q4-major/bin/../lib/gcc/arm-none-eabi/9.2.1/../../../../arm-none-eabi/lib/thumb/v7e-m+fp/hard/libnosys.a(lseek.o)
                0x00000000080079c0                _lseek
 .text._read    0x00000000080079d0       0x10 /home/fanxinhao/toolchain/gcc-arm-none-eabi-9-2019-q4-major/bin/../lib/gcc/arm-none-eabi/9.2.1/../../../../arm-none-eabi/lib/thumb/v7e-m+fp/hard/libnosys.a(read.o)
                0x00000000080079d0                _read
 .text._write   0x00000000080079e0       0x10 /home/fanxinhao/toolchain/gcc-arm-none-eabi-9-2019-q4-major/bin/../lib/gcc/arm-none-eabi/9.2.1/../../../../arm-none-eabi/lib/thumb/v7e-m+fp/hard/libnosys.a(write.o)
                0x00000000080079e0                _write
 *(.glue_7)
 .glue_7        0x00000000080079f0        0x0 linker stubs
 *(.glue_7t)
 .glue_7t       0x00000000080079f0        0x0 linker stubs
 *(.eh_frame)
 .eh_frame      0x00000000080079f0        0x0 /home/fanxinhao/toolchain/gcc-arm-none-eabi-9-2019-q4-major/bin/../lib/gcc/arm-none-eabi/9.2.1/thumb/v7e-m+fp/hard/crtbegin.o
 *(.init)
 .init          0x00000000080079f0        0x4 /home/fanxinhao/toolchain/gcc-arm-none-eabi-9-2019-q4-major/bin/../lib/gcc/arm-none-eabi/9.2.1/thumb/v7e-m+fp/hard/crti.o
                0x00000000080079f0                _init
 .init          0x00000000080079f4        0x8 /home/fanxinhao/toolchain/gcc-arm-none-eabi-9-2019-q4-major/bin/../lib/gcc/arm-none-eabi/9.2.1/thumb/v7e-m+fp/hard/crtn.o
 *(.fini)
 .fini          0x00000000080079fc        0x4 /home/fanxinhao/toolchain/gcc-arm-none-eabi-9-2019-q4-major/bin/../lib/gcc/arm-none-eabi/9.2.1/thumb/v7e-m+fp/hard/crti.o
                0x00000000080079fc                _fini
 .fini          0x0000000008007a00        0x8 /home/fanxinhao/toolchain/gcc-arm-none-eabi-9-2019-q4-major/bin/../lib/gcc/arm-none-eabi/9.2.1/thumb/v7e-m+fp/hard/crtn.o
                0x0000000008007a08                . = ALIGN (0x8)
                0x0000000008007a08                _etext = .

.vfp11_veneer   0x0000000008007a08        0x0
 .vfp11_veneer  0x0000000008007a08        0x0 linker stubs

.v4_bx          0x0000000008007a08        0x0
 .v4_bx         0x0000000008007a08        0x0 linker stubs

.iplt           0x0000000008007a08        0x0
 .iplt          0x0000000008007a08        0x0 /home/fanxinhao/toolchain/gcc-arm-none-eabi-9-2019-q4-major/bin/../lib/gcc/arm-none-eabi/9.2.1/thumb/v7e-m+fp/hard/crtbegin.o

.rodata         0x0000000008007a08      0xf60
                0x0000000008007a08                . = ALIGN (0x4)
                0x0000000008007a08                __oshell_start = .
 *(oshell)
 oshell         0x0000000008007a08       0x30 appbuild/iot_link/shell/shell_test.o
 oshell         0x0000000008007a38       0x20 appbuild/iot_link/shell/shell_cmd.o
 oshell         0x0000000008007a58       0x10 appbuild/iot_link/stimer/stimer.o
 oshell         0x0000000008007a68       0x10 appbuild/iot_link/driver/driver.o
 oshell         0x0000000008007a78       0x20 appbuild/iot_link/at/at.o
                0x0000000008007a98                __oshell_end = .
                0x0000000008007a98                . = ALIGN (0x4)
                0x0000000008007a98                __osdriv_start = .
 *(osdriv)
 osdriv         0x0000000008007a98       0x10 appbuild/targets/STM32L476RG_NB476/uart_at/uart_at.o
                0x0000000008007aa8                __osdriv_end = .
                0x0000000008007aa8                . = ALIGN (0x8)
 *(.rodata)
 .rodata        0x0000000008007aa8       0x36 appbuild/iot_link/link_log/link_log.o
 *fill*         0x0000000008007ade        0x2 
 .rodata        0x0000000008007ae0       0x16 appbuild/iot_link/os/liteos/arch/arm/arm-m/src/los_hwi.o
 *fill*         0x0000000008007af6        0x2 
 .rodata        0x0000000008007af8      0x24a appbuild/iot_link/os/liteos/base/core/los_task.o
 *fill*         0x0000000008007d42        0x2 
 .rodata        0x0000000008007d44       0x3d appbuild/iot_link/os/liteos/base/ipc/los_mux.o
 *fill*         0x0000000008007d81        0x3 
 .rodata        0x0000000008007d84      0x1a3 appbuild/iot_link/os/liteos/base/mem/heap/los_heap.o
 *fill*         0x0000000008007f27        0x1 
 .rodata        0x0000000008007f28       0x43 appbuild/iot_link/shell/shell_test.o
 *fill*         0x0000000008007f6b        0x1 
 .rodata        0x0000000008007f6c      0x175 appbuild/iot_link/shell/shell_cmd.o
 *fill*         0x00000000080080e1        0x3 
 .rodata        0x00000000080080e4       0xfb appbuild/iot_link/stimer/stimer.o
 *fill*         0x00000000080081df        0x1 
 .rodata        0x00000000080081e0       0xe7 appbuild/iot_link/driver/driver.o
 *fill*         0x00000000080082c7        0x1 
 .rodata        0x00000000080082c8      0x2a9 appbuild/iot_link/at/at.o
 *fill*         0x0000000008008571        0x3 
 .rodata        0x0000000008008574       0x6a appbuild/targets/STM32L476RG_NB476/uart_at/uart_at.o
 *(.rodata*)
 *fill*         0x00000000080085de        0x2 
 .rodata.__FUNCTION__.9736
                0x00000000080085e0       0x14 appbuild/iot_link/os/liteos/arch/arm/arm-m/src/los_hwi.o
 .rodata.__FUNCTION__.10073
                0x00000000080085f4        0xd appbuild/iot_link/shell/shell_test.o
 *fill*         0x0000000008008601        0x3 
 .rodata.__FUNCTION__.7296
                0x0000000008008604        0xf appbuild/iot_link/shell/shell_cmd.o
 *fill*         0x0000000008008613        0x1 
 .rodata.__FUNCTION__.7352
                0x0000000008008614       0x11 appbuild/iot_link/shell/shell_cmd.o
 *fill*         0x0000000008008625        0x3 
 .rodata.__FUNCTION__.7463
                0x0000000008008628        0xd appbuild/iot_link/stimer/stimer.o
 *fill*         0x0000000008008635        0x3 
 .rodata.__FUNCTION__.7754
                0x0000000008008638       0x12 appbuild/iot_link/driver/driver.o
 *fill*         0x000000000800864a        0x2 
 .rodata.__FUNCTION__.7659
                0x000000000800864c        0xb appbuild/iot_link/at/at.o
 *fill*         0x0000000008008657        0x1 
 .rodata.__FUNCTION__.7779
                0x0000000008008658        0x9 appbuild/iot_link/at/at.o
 *fill*         0x0000000008008661        0x3 
 .rodata.__FUNCTION__.7786
                0x0000000008008664        0xe appbuild/iot_link/at/at.o
 *fill*         0x0000000008008672        0x2 
 .rodata.s_at_op
                0x0000000008008674       0x20 appbuild/targets/STM32L476RG_NB476/uart_at/uart_at.o
 .rodata.__FUNCTION__.10204
                0x0000000008008694        0xd appbuild/targets/STM32L476RG_NB476/uart_at/uart_at.o
 *fill*         0x00000000080086a1        0x3 
 .rodata.__sf_fake_stderr
                0x00000000080086a4       0x20 /home/fanxinhao/toolchain/gcc-arm-none-eabi-9-2019-q4-major/bin/../lib/gcc/arm-none-eabi/9.2.1/../../../../arm-none-eabi/lib/thumb/v7e-m+fp/hard/libc_nano.a(lib_a-findfp.o)
                0x00000000080086a4                __sf_fake_stderr
 .rodata.__sf_fake_stdin
                0x00000000080086c4       0x20 /home/fanxinhao/toolchain/gcc-arm-none-eabi-9-2019-q4-major/bin/../lib/gcc/arm-none-eabi/9.2.1/../../../../arm-none-eabi/lib/thumb/v7e-m+fp/hard/libc_nano.a(lib_a-findfp.o)
                0x00000000080086c4                __sf_fake_stdin
 .rodata.__sf_fake_stdout
                0x00000000080086e4       0x20 /home/fanxinhao/toolchain/gcc-arm-none-eabi-9-2019-q4-major/bin/../lib/gcc/arm-none-eabi/9.2.1/../../../../arm-none-eabi/lib/thumb/v7e-m+fp/hard/libc_nano.a(lib_a-findfp.o)
                0x00000000080086e4                __sf_fake_stdout
 .rodata._global_impure_ptr
                0x0000000008008704        0x4 /home/fanxinhao/toolchain/gcc-arm-none-eabi-9-2019-q4-major/bin/../lib/gcc/arm-none-eabi/9.2.1/../../../../arm-none-eabi/lib/thumb/v7e-m+fp/hard/libc_nano.a(lib_a-impure.o)
                0x0000000008008704                _global_impure_ptr
 .rodata._printf_float.str1.1
                0x0000000008008708       0x12 /home/fanxinhao/toolchain/gcc-arm-none-eabi-9-2019-q4-major/bin/../lib/gcc/arm-none-eabi/9.2.1/../../../../arm-none-eabi/lib/thumb/v7e-m+fp/hard/libc_nano.a(lib_a-nano-vfprintf_float.o)
 .rodata._printf_i.str1.1
                0x000000000800871a       0x22 /home/fanxinhao/toolchain/gcc-arm-none-eabi-9-2019-q4-major/bin/../lib/gcc/arm-none-eabi/9.2.1/../../../../arm-none-eabi/lib/thumb/v7e-m+fp/hard/libc_nano.a(lib_a-nano-vfprintf_i.o)
 .rodata._ctype_
                0x000000000800873c      0x101 /home/fanxinhao/toolchain/gcc-arm-none-eabi-9-2019-q4-major/bin/../lib/gcc/arm-none-eabi/9.2.1/../../../../arm-none-eabi/lib/thumb/v7e-m+fp/hard/libc_nano.a(lib_a-ctype_.o)
                0x000000000800873c                _ctype_
 .rodata._dtoa_r.str1.1
                0x000000000800883d        0xd /home/fanxinhao/toolchain/gcc-arm-none-eabi-9-2019-q4-major/bin/../lib/gcc/arm-none-eabi/9.2.1/../../../../arm-none-eabi/lib/thumb/v7e-m+fp/hard/libc_nano.a(lib_a-dtoa.o)
                                          0xf (size before relaxing)
 *fill*         0x000000000800884a        0x6 
 .rodata.__mprec_bigtens
                0x0000000008008850       0x28 /home/fanxinhao/toolchain/gcc-arm-none-eabi-9-2019-q4-major/bin/../lib/gcc/arm-none-eabi/9.2.1/../../../../arm-none-eabi/lib/thumb/v7e-m+fp/hard/libc_nano.a(lib_a-mprec.o)
                0x0000000008008850                __mprec_bigtens
 .rodata.__mprec_tens
                0x0000000008008878       0xc8 /home/fanxinhao/toolchain/gcc-arm-none-eabi-9-2019-q4-major/bin/../lib/gcc/arm-none-eabi/9.2.1/../../../../arm-none-eabi/lib/thumb/v7e-m+fp/hard/libc_nano.a(lib_a-mprec.o)
                0x0000000008008878                __mprec_tens
 .rodata.p05.7490
                0x0000000008008940        0xc /home/fanxinhao/toolchain/gcc-arm-none-eabi-9-2019-q4-major/bin/../lib/gcc/arm-none-eabi/9.2.1/../../../../arm-none-eabi/lib/thumb/v7e-m+fp/hard/libc_nano.a(lib_a-mprec.o)
 .rodata._svfprintf_r.str1.1
                0x000000000800894c       0x11 /home/fanxinhao/toolchain/gcc-arm-none-eabi-9-2019-q4-major/bin/../lib/gcc/arm-none-eabi/9.2.1/../../../../arm-none-eabi/lib/thumb/v7e-m+fp/hard/libc_nano.a(lib_a-nano-svfprintf.o)
 .rodata._vfprintf_r.str1.1
                0x000000000800895d       0x11 /home/fanxinhao/toolchain/gcc-arm-none-eabi-9-2019-q4-major/bin/../lib/gcc/arm-none-eabi/9.2.1/../../../../arm-none-eabi/lib/thumb/v7e-m+fp/hard/libc_nano.a(lib_a-nano-vfprintf.o)
 .rodata._setlocale_r.str1.1
                0x000000000800895d        0x8 /home/fanxinhao/toolchain/gcc-arm-none-eabi-9-2019-q4-major/bin/../lib/gcc/arm-none-eabi/9.2.1/../../../../arm-none-eabi/lib/thumb/v7e-m+fp/hard/libc_nano.a(lib_a-locale.o)
                                          0x9 (size before relaxing)
 .rodata.str1.1
                0x0000000008008965        0x2 /home/fanxinhao/toolchain/gcc-arm-none-eabi-9-2019-q4-major/bin/../lib/gcc/arm-none-eabi/9.2.1/../../../../arm-none-eabi/lib/thumb/v7e-m+fp/hard/libc_nano.a(lib_a-locale.o)
                0x0000000008008970                . = ALIGN (0x8)
 *fill*         0x0000000008008967        0x1 

.ARM.extab      0x0000000008008968        0x0
                0x0000000008008968                . = ALIGN (0x8)
 *(.ARM.extab* .gnu.linkonce.armextab.*)
                0x0000000008008968                . = ALIGN (0x8)

.ARM            0x0000000008008968        0x8
                0x0000000008008968                . = ALIGN (0x8)
                0x0000000008008968                __exidx_start = .
 *(.ARM.exidx*)
 .ARM.exidx     0x0000000008008968        0x8 /home/fanxinhao/toolchain/gcc-arm-none-eabi-9-2019-q4-major/bin/../lib/gcc/arm-none-eabi/9.2.1/thumb/v7e-m+fp/hard/libgcc.a(_udivmoddi4.o)
                0x0000000008008970                __exidx_end = .
                0x0000000008008970                . = ALIGN (0x8)

.rel.dyn        0x0000000008008970        0x0
 .rel.iplt      0x0000000008008970        0x0 /home/fanxinhao/toolchain/gcc-arm-none-eabi-9-2019-q4-major/bin/../lib/gcc/arm-none-eabi/9.2.1/thumb/v7e-m+fp/hard/crtbegin.o

.preinit_array  0x0000000008008970        0x0
                0x0000000008008970                . = ALIGN (0x8)
                0x0000000008008970                PROVIDE (__preinit_array_start = .)
 *(.preinit_array*)
                0x0000000008008970                PROVIDE (__preinit_array_end = .)
                0x0000000008008970                . = ALIGN (0x8)

.init_array     0x0000000008008970        0x8
                0x0000000008008970                . = ALIGN (0x8)
                0x0000000008008970                PROVIDE (__init_array_start = .)
 *(SORT_BY_NAME(.init_array.*))
 *(.init_array*)
 .init_array    0x0000000008008970        0x4 /home/fanxinhao/toolchain/gcc-arm-none-eabi-9-2019-q4-major/bin/../lib/gcc/arm-none-eabi/9.2.1/thumb/v7e-m+fp/hard/crtbegin.o
                0x0000000008008974                PROVIDE (__init_array_end = .)
                0x0000000008008978                . = ALIGN (0x8)
 *fill*         0x0000000008008974        0x4 

.fini_array     0x0000000008008978        0x8
                0x0000000008008978                . = ALIGN (0x8)
                [!provide]                        PROVIDE (__fini_array_start = .)
 *(SORT_BY_NAME(.fini_array.*))
 *(.fini_array*)
 .fini_array    0x0000000008008978        0x4 /home/fanxinhao/toolchain/gcc-arm-none-eabi-9-2019-q4-major/bin/../lib/gcc/arm-none-eabi/9.2.1/thumb/v7e-m+fp/hard/crtbegin.o
                [!provide]                        PROVIDE (__fini_array_end = .)
                0x0000000008008980                . = ALIGN (0x8)
 *fill*         0x000000000800897c        0x4 
                0x0000000008008980                _sidata = LOADADDR (.data)

.data           0x0000000020000000      0x210 load address 0x0000000008008980
                0x0000000020000000                . = ALIGN (0x8)
                0x0000000020000000                _sdata = .
 *(.data)
 *(.data*)
 .data.s_link_log_names
                0x0000000020000000       0x18 appbuild/iot_link/link_log/link_log.o
 .data.gs_os_shell_type
                0x0000000020000018        0x8 appbuild/iot_link/shell/shell_cmd.o
 .data.s_stimer_cb
                0x0000000020000020       0x14 appbuild/iot_link/stimer/stimer.o
 .data.s_pUSART
                0x0000000020000034        0x4 appbuild/targets/STM32L476RG_NB476/uart_at/uart_at.o
 .data.s_uwIRQn
                0x0000000020000038        0x4 appbuild/targets/STM32L476RG_NB476/uart_at/uart_at.o
 .data._impure_ptr
                0x000000002000003c        0x4 /home/fanxinhao/toolchain/gcc-arm-none-eabi-9-2019-q4-major/bin/../lib/gcc/arm-none-eabi/9.2.1/../../../../arm-none-eabi/lib/thumb/v7e-m+fp/hard/libc_nano.a(lib_a-impure.o)
                0x000000002000003c                _impure_ptr
 .data.impure_data
                0x0000000020000040       0x60 /home/fanxinhao/toolchain/gcc-arm-none-eabi-9-2019-q4-major/bin/../lib/gcc/arm-none-eabi/9.2.1/../../../../arm-none-eabi/lib/thumb/v7e-m+fp/hard/libc_nano.a(lib_a-impure.o)
 .data.__global_locale
                0x00000000200000a0      0x16c /home/fanxinhao/toolchain/gcc-arm-none-eabi-9-2019-q4-major/bin/../lib/gcc/arm-none-eabi/9.2.1/../../../../arm-none-eabi/lib/thumb/v7e-m+fp/hard/libc_nano.a(lib_a-locale.o)
                0x00000000200000a0                __global_locale
                0x0000000020000210                . = ALIGN (0x8)
 *fill*         0x000000002000020c        0x4 
                0x0000000020000210                _edata = .

.igot.plt       0x0000000020000210        0x0 load address 0x0000000008008b90
 .igot.plt      0x0000000020000210        0x0 /home/fanxinhao/toolchain/gcc-arm-none-eabi-9-2019-q4-major/bin/../lib/gcc/arm-none-eabi/9.2.1/thumb/v7e-m+fp/hard/crtbegin.o
                0x0000000020000210                . = ALIGN (0x4)

.bss            0x0000000020000210     0x1b24 load address 0x0000000008008b90
                0x0000000020000210                _sbss = .
                0x0000000020000210                __bss_start__ = _sbss
 *(.bss)
 .bss           0x0000000020000210       0x1c /home/fanxinhao/toolchain/gcc-arm-none-eabi-9-2019-q4-major/bin/../lib/gcc/arm-none-eabi/9.2.1/thumb/v7e-m+fp/hard/crtbegin.o
 *(.bss*)
 .bss.s_link_log_level
                0x000000002000022c        0x1 appbuild/iot_link/link_log/link_log.o
 *fill*         0x000000002000022d        0x3 
 .bss.s_os_cb   0x0000000020000230        0x4 appbuild/iot_link/os/osal/osal.o
 .bss.g_vuwIntCount
                0x0000000020000234        0x4 appbuild/iot_link/os/liteos/arch/arm/arm-m/src/los_hwi.o
                0x0000000020000234                g_vuwIntCount
 .bss.g_uwPriQueueBitmap
                0x0000000020000238        0x4 appbuild/iot_link/os/liteos/base/core/los_priqueue.o
 .bss.g_pfnTskSwitchHook
                0x000000002000023c        0x4 appbuild/iot_link/os/liteos/base/core/los_task.o
                0x000000002000023c                g_pfnTskSwitchHook
 .bss.g_pstAllMux
                0x0000000020000240        0x4 appbuild/iot_link/os/liteos/base/ipc/los_mux.o
                0x0000000020000240                g_pstAllMux
 .bss.gs_shell_cb
                0x0000000020000244       0x10 appbuild/iot_link/shell/shell_cmd.o
 .bss.s_los_driv_module
                0x0000000020000254        0xc appbuild/iot_link/driver/driver.o
 .bss.g_at_cb   0x0000000020000260      0x4ac appbuild/iot_link/at/at.o
 .bss.g_atio_cb
                0x000000002000070c     0x1034 appbuild/targets/STM32L476RG_NB476/uart_at/uart_at.o
 *(COMMON)
 COMMON         0x0000000020001740      0x3c4 appbuild/iot_link/os/liteos/arch/arm/arm-m/src/los_hwi.o
                0x0000000020001740                m_pstHwiSlaveForm
 COMMON         0x0000000020001b04        0x4 appbuild/iot_link/os/liteos/los_init.o
                0x0000000020001b04                m_aucSysMem0
 COMMON         0x0000000020001b08        0x4 appbuild/iot_link/os/liteos/base/core/los_priqueue.o
                0x0000000020001b08                g_pstLosPriorityQueueList
 COMMON         0x0000000020001b0c      0x198 appbuild/iot_link/os/liteos/base/core/los_task.o
                0x0000000020001b0c                g_uwIdleTaskID
                0x0000000020001b10                g_uwSwtmrTaskID
                0x0000000020001b14                g_stTskRecyleList
                0x0000000020001b1c                g_stTskSortLink
                0x0000000020001b24                g_pstTaskCBArray
                0x0000000020001b28                g_uwTskMaxNum
                0x0000000020001b2c                g_usLosTaskLock
                0x0000000020001b30                g_stLosTask
                0x0000000020001b38                g_bTaskScheduled
                0x0000000020001b3c                g_stLosFreeTask
                0x0000000020001b44                g_astTskSwitchInfo
                0x0000000020001c9c                g_stTaskTimerList
 COMMON         0x0000000020001ca4        0x4 appbuild/iot_link/os/liteos/base/om/los_err.o
                0x0000000020001ca4                g_stUserErrFunc
 COMMON         0x0000000020001ca8        0x4 appbuild/drivers/third_party/ST/STM32L4xx_HAL_Driver/Src/stm32l4xx_hal.o
                0x0000000020001ca8                uwTick
 COMMON         0x0000000020001cac       0x78 appbuild/targets/STM32L476RG_NB476/uart_at/uart_at.o
                0x0000000020001cac                uart_at
 COMMON         0x0000000020001d24        0x9 /home/fanxinhao/toolchain/gcc-arm-none-eabi-9-2019-q4-major/bin/../lib/gcc/arm-none-eabi/9.2.1/../../../../arm-none-eabi/lib/thumb/v7e-m+fp/hard/libc_nano.a(lib_a-lock.o)
                0x0000000020001d24                __lock___atexit_recursive_mutex
                0x0000000020001d25                __lock___arc4random_mutex
                0x0000000020001d26                __lock___env_recursive_mutex
                0x0000000020001d27                __lock___sinit_recursive_mutex
                0x0000000020001d28                __lock___malloc_recursive_mutex
                0x0000000020001d29                __lock___at_quick_exit_mutex
                0x0000000020001d2a                __lock___dd_hash_mutex
                0x0000000020001d2b                __lock___tz_mutex
                0x0000000020001d2c                __lock___sfp_recursive_mutex
 *fill*         0x0000000020001d2d        0x3 
 COMMON         0x0000000020001d30        0x4 /home/fanxinhao/toolchain/gcc-arm-none-eabi-9-2019-q4-major/bin/../lib/gcc/arm-none-eabi/9.2.1/../../../../arm-none-eabi/lib/thumb/v7e-m+fp/hard/libc_nano.a(lib_a-reent.o)
                0x0000000020001d30                errno
                0x0000000020001d34                . = ALIGN (0x4)
                0x0000000020001d34                _ebss = .
                0x0000000020001d34                __bss_end__ = _ebss

._user_heap_stack
                0x0000000020001d34      0x604 load address 0x0000000008008b90
                0x0000000020001d38                . = ALIGN (0x8)
 *fill*         0x0000000020001d34        0x4 
                [!provide]                        PROVIDE (end = .)
                [!provide]                        PROVIDE (_end = .)
                0x0000000020001f38                . = (. + _Min_Heap_Size)
 *fill*         0x0000000020001d38      0x200 
                0x0000000020002338                . = (. + _Min_Stack_Size)
 *fill*         0x0000000020001f38      0x400 
                0x0000000020002338                . = ALIGN (0x8)
                0x0000000020002338                . = ALIGN (0x8)
                0x0000000020002338                __los_heap_addr_start__ = .
                0x0000000020017bff                __los_heap_addr_end__ = (((ORIGIN (RAM) + LENGTH (RAM)) - _Min_Stack_Size) - 0x1)

/DISCARD/
 libc.a(*)
 libm.a(*)
 libgcc.a(*)

.ARM.attributes
                0x0000000000000000       0x30
 *(.ARM.attributes)
 .ARM.attributes
                0x0000000000000000       0x1e /home/fanxinhao/toolchain/gcc-arm-none-eabi-9-2019-q4-major/bin/../lib/gcc/arm-none-eabi/9.2.1/thumb/v7e-m+fp/hard/crti.o
 .ARM.attributes
                0x000000000000001e       0x34 /home/fanxinhao/toolchain/gcc-arm-none-eabi-9-2019-q4-major/bin/../lib/gcc/arm-none-eabi/9.2.1/thumb/v7e-m+fp/hard/crtbegin.o
 .ARM.attributes
                0x0000000000000052       0x34 appbuild/iot_link/link_misc/link_ring_buffer.o
 .ARM.attributes
                0x0000000000000086       0x34 appbuild/iot_link/link_log/link_log.o
 .ARM.attributes
                0x00000000000000ba       0x34 appbuild/iot_link/os/osal/osal.o
 .ARM.attributes
                0x00000000000000ee       0x34 appbuild/iot_link/os/liteos/arch/arm/arm-m/armv7-m/gcc/los_dispatch.o
 .ARM.attributes
                0x0000000000000122       0x34 appbuild/iot_link/os/liteos/arch/arm/arm-m/src/los_hwi.o
 .ARM.attributes
                0x0000000000000156       0x34 appbuild/iot_link/os/liteos/arch/arm/arm-m/src/los_hw.o
 .ARM.attributes
                0x000000000000018a       0x34 appbuild/iot_link/os/liteos/los_init.o
 .ARM.attributes
                0x00000000000001be       0x34 appbuild/iot_link/os/liteos/liteos_imp.o
 .ARM.attributes
                0x00000000000001f2       0x34 appbuild/iot_link/os/liteos/newlib_stub.o
 .ARM.attributes
                0x0000000000000226       0x34 appbuild/iot_link/os/liteos/malloc.o
 .ARM.attributes
                0x000000000000025a       0x34 appbuild/iot_link/os/liteos/base/core/los_priqueue.o
 .ARM.attributes
                0x000000000000028e       0x34 appbuild/iot_link/os/liteos/base/core/los_task.o
 .ARM.attributes
                0x00000000000002c2       0x34 appbuild/iot_link/os/liteos/base/ipc/los_mux.o
 .ARM.attributes
                0x00000000000002f6       0x34 appbuild/iot_link/os/liteos/base/mem/heap/los_heap.o
 .ARM.attributes
                0x000000000000032a       0x34 appbuild/iot_link/os/liteos/base/mem/heap/los_memory.o
 .ARM.attributes
                0x000000000000035e       0x34 appbuild/iot_link/os/liteos/base/om/los_err.o
 .ARM.attributes
                0x0000000000000392       0x34 appbuild/iot_link/shell/shell_test.o
 .ARM.attributes
                0x00000000000003c6       0x34 appbuild/iot_link/shell/shell_cmd.o
 .ARM.attributes
                0x00000000000003fa       0x34 appbuild/iot_link/stimer/stimer.o
 .ARM.attributes
                0x000000000000042e       0x34 appbuild/iot_link/driver/driver.o
 .ARM.attributes
                0x0000000000000462       0x34 appbuild/iot_link/at/at.o
 .ARM.attributes
                0x0000000000000496       0x34 appbuild/drivers/third_party/ST/STM32L4xx_HAL_Driver/Src/stm32l4xx_hal_rcc.o
 .ARM.attributes
                0x00000000000004ca       0x34 appbuild/drivers/third_party/ST/STM32L4xx_HAL_Driver/Src/stm32l4xx_hal_uart.o
 .ARM.attributes
                0x00000000000004fe       0x34 appbuild/drivers/third_party/ST/STM32L4xx_HAL_Driver/Src/stm32l4xx_hal.o
 .ARM.attributes
                0x0000000000000532       0x34 appbuild/targets/STM32L476RG_NB476/uart_at/uart_at.o
 .ARM.attributes
                0x0000000000000566       0x20 appbuild/iot_link/os/liteos/arch/arm/arm-m/armv7-m/gcc/los_startup.o
 .ARM.attributes
                0x0000000000000586       0x34 /home/fanxinhao/toolchain/gcc-arm-none-eabi-9-2019-q4-major/bin/../lib/gcc/arm-none-eabi/9.2.1/../../../../arm-none-eabi/lib/thumb/v7e-m+fp/hard/libc_nano.a(lib_a-fflush.o)
 .ARM.attributes
                0x00000000000005ba       0x34 /home/fanxinhao/toolchain/gcc-arm-none-eabi-9-2019-q4-major/bin/../lib/gcc/arm-none-eabi/9.2.1/../../../../arm-none-eabi/lib/thumb/v7e-m+fp/hard/libc_nano.a(lib_a-findfp.o)
 .ARM.attributes
                0x00000000000005ee       0x34 /home/fanxinhao/toolchain/gcc-arm-none-eabi-9-2019-q4-major/bin/../lib/gcc/arm-none-eabi/9.2.1/../../../../arm-none-eabi/lib/thumb/v7e-m+fp/hard/libc_nano.a(lib_a-fwalk.o)
 .ARM.attributes
                0x0000000000000622       0x32 /home/fanxinhao/toolchain/gcc-arm-none-eabi-9-2019-q4-major/bin/../lib/gcc/arm-none-eabi/9.2.1/../../../../arm-none-eabi/lib/thumb/v7e-m+fp/hard/libc_nano.a(lib_a-impure.o)
 .ARM.attributes
                0x0000000000000654       0x34 /home/fanxinhao/toolchain/gcc-arm-none-eabi-9-2019-q4-major/bin/../lib/gcc/arm-none-eabi/9.2.1/../../../../arm-none-eabi/lib/thumb/v7e-m+fp/hard/libc_nano.a(lib_a-init.o)
 .ARM.attributes
                0x0000000000000688       0x34 /home/fanxinhao/toolchain/gcc-arm-none-eabi-9-2019-q4-major/bin/../lib/gcc/arm-none-eabi/9.2.1/../../../../arm-none-eabi/lib/thumb/v7e-m+fp/hard/libc_nano.a(lib_a-lock.o)
 .ARM.attributes
                0x00000000000006bc       0x34 /home/fanxinhao/toolchain/gcc-arm-none-eabi-9-2019-q4-major/bin/../lib/gcc/arm-none-eabi/9.2.1/../../../../arm-none-eabi/lib/thumb/v7e-m+fp/hard/libc_nano.a(lib_a-memcpy-stub.o)
 .ARM.attributes
                0x00000000000006f0       0x34 /home/fanxinhao/toolchain/gcc-arm-none-eabi-9-2019-q4-major/bin/../lib/gcc/arm-none-eabi/9.2.1/../../../../arm-none-eabi/lib/thumb/v7e-m+fp/hard/libc_nano.a(lib_a-memset.o)
 .ARM.attributes
                0x0000000000000724       0x34 /home/fanxinhao/toolchain/gcc-arm-none-eabi-9-2019-q4-major/bin/../lib/gcc/arm-none-eabi/9.2.1/../../../../arm-none-eabi/lib/thumb/v7e-m+fp/hard/libc_nano.a(lib_a-nano-vfprintf_float.o)
 .ARM.attributes
                0x0000000000000758       0x34 /home/fanxinhao/toolchain/gcc-arm-none-eabi-9-2019-q4-major/bin/../lib/gcc/arm-none-eabi/9.2.1/../../../../arm-none-eabi/lib/thumb/v7e-m+fp/hard/libc_nano.a(lib_a-nano-vfprintf_i.o)
 .ARM.attributes
                0x000000000000078c       0x34 /home/fanxinhao/toolchain/gcc-arm-none-eabi-9-2019-q4-major/bin/../lib/gcc/arm-none-eabi/9.2.1/../../../../arm-none-eabi/lib/thumb/v7e-m+fp/hard/libc_nano.a(lib_a-printf.o)
 .ARM.attributes
                0x00000000000007c0       0x34 /home/fanxinhao/toolchain/gcc-arm-none-eabi-9-2019-q4-major/bin/../lib/gcc/arm-none-eabi/9.2.1/../../../../arm-none-eabi/lib/thumb/v7e-m+fp/hard/libc_nano.a(lib_a-puts.o)
 .ARM.attributes
                0x00000000000007f4       0x34 /home/fanxinhao/toolchain/gcc-arm-none-eabi-9-2019-q4-major/bin/../lib/gcc/arm-none-eabi/9.2.1/../../../../arm-none-eabi/lib/thumb/v7e-m+fp/hard/libc_nano.a(lib_a-snprintf.o)
 .ARM.attributes
                0x0000000000000828       0x34 /home/fanxinhao/toolchain/gcc-arm-none-eabi-9-2019-q4-major/bin/../lib/gcc/arm-none-eabi/9.2.1/../../../../arm-none-eabi/lib/thumb/v7e-m+fp/hard/libc_nano.a(lib_a-stdio.o)
 .ARM.attributes
                0x000000000000085c       0x1c /home/fanxinhao/toolchain/gcc-arm-none-eabi-9-2019-q4-major/bin/../lib/gcc/arm-none-eabi/9.2.1/../../../../arm-none-eabi/lib/thumb/v7e-m+fp/hard/libc_nano.a(lib_a-strcmp.o)
 .ARM.attributes
                0x0000000000000878       0x17 /home/fanxinhao/toolchain/gcc-arm-none-eabi-9-2019-q4-major/bin/../lib/gcc/arm-none-eabi/9.2.1/../../../../arm-none-eabi/lib/thumb/v7e-m+fp/hard/libc_nano.a(lib_a-strlen.o)
 .ARM.attributes
                0x000000000000088f       0x34 /home/fanxinhao/toolchain/gcc-arm-none-eabi-9-2019-q4-major/bin/../lib/gcc/arm-none-eabi/9.2.1/../../../../arm-none-eabi/lib/thumb/v7e-m+fp/hard/libc_nano.a(lib_a-wbuf.o)
 .ARM.attributes
                0x00000000000008c3       0x34 /home/fanxinhao/toolchain/gcc-arm-none-eabi-9-2019-q4-major/bin/../lib/gcc/arm-none-eabi/9.2.1/../../../../arm-none-eabi/lib/thumb/v7e-m+fp/hard/libc_nano.a(lib_a-writer.o)
 .ARM.attributes
                0x00000000000008f7       0x34 /home/fanxinhao/toolchain/gcc-arm-none-eabi-9-2019-q4-major/bin/../lib/gcc/arm-none-eabi/9.2.1/../../../../arm-none-eabi/lib/thumb/v7e-m+fp/hard/libc_nano.a(lib_a-wsetup.o)
 .ARM.attributes
                0x000000000000092b       0x34 /home/fanxinhao/toolchain/gcc-arm-none-eabi-9-2019-q4-major/bin/../lib/gcc/arm-none-eabi/9.2.1/../../../../arm-none-eabi/lib/thumb/v7e-m+fp/hard/libc_nano.a(lib_a-closer.o)
 .ARM.attributes
                0x000000000000095f       0x32 /home/fanxinhao/toolchain/gcc-arm-none-eabi-9-2019-q4-major/bin/../lib/gcc/arm-none-eabi/9.2.1/../../../../arm-none-eabi/lib/thumb/v7e-m+fp/hard/libc_nano.a(lib_a-ctype_.o)
 .ARM.attributes
                0x0000000000000991       0x34 /home/fanxinhao/toolchain/gcc-arm-none-eabi-9-2019-q4-major/bin/../lib/gcc/arm-none-eabi/9.2.1/../../../../arm-none-eabi/lib/thumb/v7e-m+fp/hard/libc_nano.a(lib_a-dtoa.o)
 .ARM.attributes
                0x00000000000009c5       0x34 /home/fanxinhao/toolchain/gcc-arm-none-eabi-9-2019-q4-major/bin/../lib/gcc/arm-none-eabi/9.2.1/../../../../arm-none-eabi/lib/thumb/v7e-m+fp/hard/libc_nano.a(lib_a-localeconv.o)
 .ARM.attributes
                0x00000000000009f9       0x34 /home/fanxinhao/toolchain/gcc-arm-none-eabi-9-2019-q4-major/bin/../lib/gcc/arm-none-eabi/9.2.1/../../../../arm-none-eabi/lib/thumb/v7e-m+fp/hard/libc_nano.a(lib_a-lseekr.o)
 .ARM.attributes
                0x0000000000000a2d       0x34 /home/fanxinhao/toolchain/gcc-arm-none-eabi-9-2019-q4-major/bin/../lib/gcc/arm-none-eabi/9.2.1/../../../../arm-none-eabi/lib/thumb/v7e-m+fp/hard/libc_nano.a(lib_a-makebuf.o)
 .ARM.attributes
                0x0000000000000a61       0x1c /home/fanxinhao/toolchain/gcc-arm-none-eabi-9-2019-q4-major/bin/../lib/gcc/arm-none-eabi/9.2.1/../../../../arm-none-eabi/lib/thumb/v7e-m+fp/hard/libc_nano.a(lib_a-memchr.o)
 .ARM.attributes
                0x0000000000000a7d       0x34 /home/fanxinhao/toolchain/gcc-arm-none-eabi-9-2019-q4-major/bin/../lib/gcc/arm-none-eabi/9.2.1/../../../../arm-none-eabi/lib/thumb/v7e-m+fp/hard/libc_nano.a(lib_a-mprec.o)
 .ARM.attributes
                0x0000000000000ab1       0x34 /home/fanxinhao/toolchain/gcc-arm-none-eabi-9-2019-q4-major/bin/../lib/gcc/arm-none-eabi/9.2.1/../../../../arm-none-eabi/lib/thumb/v7e-m+fp/hard/libc_nano.a(lib_a-nano-svfprintf.o)
 .ARM.attributes
                0x0000000000000ae5       0x34 /home/fanxinhao/toolchain/gcc-arm-none-eabi-9-2019-q4-major/bin/../lib/gcc/arm-none-eabi/9.2.1/../../../../arm-none-eabi/lib/thumb/v7e-m+fp/hard/libc_nano.a(lib_a-nano-vfprintf.o)
 .ARM.attributes
                0x0000000000000b19       0x34 /home/fanxinhao/toolchain/gcc-arm-none-eabi-9-2019-q4-major/bin/../lib/gcc/arm-none-eabi/9.2.1/../../../../arm-none-eabi/lib/thumb/v7e-m+fp/hard/libc_nano.a(lib_a-readr.o)
 .ARM.attributes
                0x0000000000000b4d       0x34 /home/fanxinhao/toolchain/gcc-arm-none-eabi-9-2019-q4-major/bin/../lib/gcc/arm-none-eabi/9.2.1/../../../../arm-none-eabi/lib/thumb/v7e-m+fp/hard/libc_nano.a(lib_a-reent.o)
 .ARM.attributes
                0x0000000000000b81       0x34 /home/fanxinhao/toolchain/gcc-arm-none-eabi-9-2019-q4-major/bin/../lib/gcc/arm-none-eabi/9.2.1/../../../../arm-none-eabi/lib/thumb/v7e-m+fp/hard/libc_nano.a(lib_a-fstatr.o)
 .ARM.attributes
                0x0000000000000bb5       0x34 /home/fanxinhao/toolchain/gcc-arm-none-eabi-9-2019-q4-major/bin/../lib/gcc/arm-none-eabi/9.2.1/../../../../arm-none-eabi/lib/thumb/v7e-m+fp/hard/libc_nano.a(lib_a-isattyr.o)
 .ARM.attributes
                0x0000000000000be9       0x34 /home/fanxinhao/toolchain/gcc-arm-none-eabi-9-2019-q4-major/bin/../lib/gcc/arm-none-eabi/9.2.1/../../../../arm-none-eabi/lib/thumb/v7e-m+fp/hard/libc_nano.a(lib_a-locale.o)
 .ARM.attributes
                0x0000000000000c1d       0x34 /home/fanxinhao/toolchain/gcc-arm-none-eabi-9-2019-q4-major/bin/../lib/gcc/arm-none-eabi/9.2.1/../../../../arm-none-eabi/lib/thumb/v7e-m+fp/hard/libc_nano.a(lib_a-mbtowc_r.o)
 .ARM.attributes
                0x0000000000000c51       0x34 /home/fanxinhao/toolchain/gcc-arm-none-eabi-9-2019-q4-major/bin/../lib/gcc/arm-none-eabi/9.2.1/../../../../arm-none-eabi/lib/thumb/v7e-m+fp/hard/libc_nano.a(lib_a-memmove.o)
 .ARM.attributes
                0x0000000000000c85       0x34 /home/fanxinhao/toolchain/gcc-arm-none-eabi-9-2019-q4-major/bin/../lib/gcc/arm-none-eabi/9.2.1/../../../../arm-none-eabi/lib/thumb/v7e-m+fp/hard/libc_nano.a(lib_a-wctomb_r.o)
 .ARM.attributes
                0x0000000000000cb9       0x34 /home/fanxinhao/toolchain/gcc-arm-none-eabi-9-2019-q4-major/bin/../lib/gcc/arm-none-eabi/9.2.1/../../../../arm-none-eabi/lib/thumb/v7e-m+fp/hard/libnosys.a(close.o)
 .ARM.attributes
                0x0000000000000ced       0x34 /home/fanxinhao/toolchain/gcc-arm-none-eabi-9-2019-q4-major/bin/../lib/gcc/arm-none-eabi/9.2.1/../../../../arm-none-eabi/lib/thumb/v7e-m+fp/hard/libnosys.a(fstat.o)
 .ARM.attributes
                0x0000000000000d21       0x34 /home/fanxinhao/toolchain/gcc-arm-none-eabi-9-2019-q4-major/bin/../lib/gcc/arm-none-eabi/9.2.1/../../../../arm-none-eabi/lib/thumb/v7e-m+fp/hard/libnosys.a(isatty.o)
 .ARM.attributes
                0x0000000000000d55       0x34 /home/fanxinhao/toolchain/gcc-arm-none-eabi-9-2019-q4-major/bin/../lib/gcc/arm-none-eabi/9.2.1/../../../../arm-none-eabi/lib/thumb/v7e-m+fp/hard/libnosys.a(lseek.o)
 .ARM.attributes
                0x0000000000000d89       0x34 /home/fanxinhao/toolchain/gcc-arm-none-eabi-9-2019-q4-major/bin/../lib/gcc/arm-none-eabi/9.2.1/../../../../arm-none-eabi/lib/thumb/v7e-m+fp/hard/libnosys.a(read.o)
 .ARM.attributes
                0x0000000000000dbd       0x34 /home/fanxinhao/toolchain/gcc-arm-none-eabi-9-2019-q4-major/bin/../lib/gcc/arm-none-eabi/9.2.1/../../../../arm-none-eabi/lib/thumb/v7e-m+fp/hard/libnosys.a(write.o)
 .ARM.attributes
                0x0000000000000df1       0x1e /home/fanxinhao/toolchain/gcc-arm-none-eabi-9-2019-q4-major/bin/../lib/gcc/arm-none-eabi/9.2.1/thumb/v7e-m+fp/hard/libgcc.a(_arm_addsubdf3.o)
 .ARM.attributes
                0x0000000000000e0f       0x1e /home/fanxinhao/toolchain/gcc-arm-none-eabi-9-2019-q4-major/bin/../lib/gcc/arm-none-eabi/9.2.1/thumb/v7e-m+fp/hard/libgcc.a(_arm_muldivdf3.o)
 .ARM.attributes
                0x0000000000000e2d       0x1e /home/fanxinhao/toolchain/gcc-arm-none-eabi-9-2019-q4-major/bin/../lib/gcc/arm-none-eabi/9.2.1/thumb/v7e-m+fp/hard/libgcc.a(_arm_cmpdf2.o)
 .ARM.attributes
                0x0000000000000e4b       0x1e /home/fanxinhao/toolchain/gcc-arm-none-eabi-9-2019-q4-major/bin/../lib/gcc/arm-none-eabi/9.2.1/thumb/v7e-m+fp/hard/libgcc.a(_arm_unorddf2.o)
 .ARM.attributes
                0x0000000000000e69       0x1e /home/fanxinhao/toolchain/gcc-arm-none-eabi-9-2019-q4-major/bin/../lib/gcc/arm-none-eabi/9.2.1/thumb/v7e-m+fp/hard/libgcc.a(_arm_fixdfsi.o)
 .ARM.attributes
                0x0000000000000e87       0x1e /home/fanxinhao/toolchain/gcc-arm-none-eabi-9-2019-q4-major/bin/../lib/gcc/arm-none-eabi/9.2.1/thumb/v7e-m+fp/hard/libgcc.a(_aeabi_uldivmod.o)
 .ARM.attributes
                0x0000000000000ea5       0x34 /home/fanxinhao/toolchain/gcc-arm-none-eabi-9-2019-q4-major/bin/../lib/gcc/arm-none-eabi/9.2.1/thumb/v7e-m+fp/hard/libgcc.a(_udivmoddi4.o)
 .ARM.attributes
                0x0000000000000ed9       0x1e /home/fanxinhao/toolchain/gcc-arm-none-eabi-9-2019-q4-major/bin/../lib/gcc/arm-none-eabi/9.2.1/thumb/v7e-m+fp/hard/libgcc.a(_dvmd_tls.o)
 .ARM.attributes
                0x0000000000000ef7       0x1e /home/fanxinhao/toolchain/gcc-arm-none-eabi-9-2019-q4-major/bin/../lib/gcc/arm-none-eabi/9.2.1/thumb/v7e-m+fp/hard/crtn.o
OUTPUT(appbuild/Huawei_LiteOS.elf elf32-littlearm)

.debug_info     0x0000000000000000    0x1e95c
 .debug_info    0x0000000000000000      0xd0d appbuild/iot_link/link_misc/link_ring_buffer.o
 .debug_info    0x0000000000000d0d      0xaf6 appbuild/iot_link/link_log/link_log.o
 .debug_info    0x0000000000001803     0x15c4 appbuild/iot_link/os/osal/osal.o
 .debug_info    0x0000000000002dc7      0xbcb appbuild/iot_link/os/liteos/arch/arm/arm-m/armv7-m/gcc/los_dispatch.o
 .debug_info    0x0000000000003992     0x164a appbuild/iot_link/os/liteos/arch/arm/arm-m/src/los_hwi.o
 .debug_info    0x0000000000004fdc     0x11fd appbuild/iot_link/os/liteos/arch/arm/arm-m/src/los_hw.o
 .debug_info    0x00000000000061d9     0x13da appbuild/iot_link/os/liteos/los_init.o
 .debug_info    0x00000000000075b3     0x17fb appbuild/iot_link/os/liteos/liteos_imp.o
 .debug_info    0x0000000000008dae      0xd64 appbuild/iot_link/os/liteos/newlib_stub.o
 .debug_info    0x0000000000009b12      0xb52 appbuild/iot_link/os/liteos/malloc.o
 .debug_info    0x000000000000a664     0x113f appbuild/iot_link/os/liteos/base/core/los_priqueue.o
 .debug_info    0x000000000000b7a3     0x1fec appbuild/iot_link/os/liteos/base/core/los_task.o
 .debug_info    0x000000000000d78f     0x139e appbuild/iot_link/os/liteos/base/ipc/los_mux.o
 .debug_info    0x000000000000eb2d     0x1b63 appbuild/iot_link/os/liteos/base/mem/heap/los_heap.o
 .debug_info    0x0000000000010690     0x15ef appbuild/iot_link/os/liteos/base/mem/heap/los_memory.o
 .debug_info    0x0000000000011c7f      0xc10 appbuild/iot_link/os/liteos/base/om/los_err.o
 .debug_info    0x000000000001288f      0xd85 appbuild/iot_link/shell/shell_test.o
 .debug_info    0x0000000000013614      0xe9f appbuild/iot_link/shell/shell_cmd.o
 .debug_info    0x00000000000144b3      0xff3 appbuild/iot_link/stimer/stimer.o
 .debug_info    0x00000000000154a6     0x15ac appbuild/iot_link/driver/driver.o
 .debug_info    0x0000000000016a52     0x143b appbuild/iot_link/at/at.o
 .debug_info    0x0000000000017e8d     0x16ee appbuild/drivers/third_party/ST/STM32L4xx_HAL_Driver/Src/stm32l4xx_hal_rcc.o
 .debug_info    0x000000000001957b     0x22b9 appbuild/drivers/third_party/ST/STM32L4xx_HAL_Driver/Src/stm32l4xx_hal_uart.o
 .debug_info    0x000000000001b834     0x155e appbuild/drivers/third_party/ST/STM32L4xx_HAL_Driver/Src/stm32l4xx_hal.o
 .debug_info    0x000000000001cd92     0x1ba4 appbuild/targets/STM32L476RG_NB476/uart_at/uart_at.o
 .debug_info    0x000000000001e936       0x26 appbuild/iot_link/os/liteos/arch/arm/arm-m/armv7-m/gcc/los_startup.o

.debug_abbrev   0x0000000000000000     0x4454
 .debug_abbrev  0x0000000000000000      0x21e appbuild/iot_link/link_misc/link_ring_buffer.o
 .debug_abbrev  0x000000000000021e      0x227 appbuild/iot_link/link_log/link_log.o
 .debug_abbrev  0x0000000000000445      0x30e appbuild/iot_link/os/osal/osal.o
 .debug_abbrev  0x0000000000000753      0x1ff appbuild/iot_link/os/liteos/arch/arm/arm-m/armv7-m/gcc/los_dispatch.o
 .debug_abbrev  0x0000000000000952      0x36a appbuild/iot_link/os/liteos/arch/arm/arm-m/src/los_hwi.o
 .debug_abbrev  0x0000000000000cbc      0x2b5 appbuild/iot_link/os/liteos/arch/arm/arm-m/src/los_hw.o