Archive member included to satisfy reference by file (symbol)

c:/eclipse/gnumcueclipse/toolchain/gd_rv/riscv64-unknown-elf-gcc-8.2.0-2019.02.0-x86_64-w64-mingw32/bin/../lib/gcc/riscv64-unknown-elf/8.2.0/rv32imac/ilp32\libgcc.a(_clzsi2.o)
                              build/los_priqueue.o (__clzsi2)
c:/eclipse/gnumcueclipse/toolchain/gd_rv/riscv64-unknown-elf-gcc-8.2.0-2019.02.0-x86_64-w64-mingw32/bin/../lib/gcc/riscv64-unknown-elf/8.2.0/rv32imac/ilp32\libgcc.a(_divdi3.o)
                              build/los_sys.o (__divdi3)
c:/eclipse/gnumcueclipse/toolchain/gd_rv/riscv64-unknown-elf-gcc-8.2.0-2019.02.0-x86_64-w64-mingw32/bin/../lib/gcc/riscv64-unknown-elf/8.2.0/rv32imac/ilp32\libgcc.a(_udivdi3.o)
                              build/los_sys.o (__udivdi3)
c:/eclipse/gnumcueclipse/toolchain/gd_rv/riscv64-unknown-elf-gcc-8.2.0-2019.02.0-x86_64-w64-mingw32/bin/../lib/gcc/riscv64-unknown-elf/8.2.0/rv32imac/ilp32\libgcc.a(divdf3.o)
                              build/los_sys.o (__divdf3)
c:/eclipse/gnumcueclipse/toolchain/gd_rv/riscv64-unknown-elf-gcc-8.2.0-2019.02.0-x86_64-w64-mingw32/bin/../lib/gcc/riscv64-unknown-elf/8.2.0/rv32imac/ilp32\libgcc.a(fixunsdfdi.o)
                              build/los_sys.o (__fixunsdfdi)
c:/eclipse/gnumcueclipse/toolchain/gd_rv/riscv64-unknown-elf-gcc-8.2.0-2019.02.0-x86_64-w64-mingw32/bin/../lib/gcc/riscv64-unknown-elf/8.2.0/rv32imac/ilp32\libgcc.a(floatundidf.o)
                              build/los_sys.o (__floatundidf)
c:/eclipse/gnumcueclipse/toolchain/gd_rv/riscv64-unknown-elf-gcc-8.2.0-2019.02.0-x86_64-w64-mingw32/bin/../lib/gcc/riscv64-unknown-elf/8.2.0/rv32imac/ilp32\libgcc.a(_lshrdi3.o)
                              c:/eclipse/gnumcueclipse/toolchain/gd_rv/riscv64-unknown-elf-gcc-8.2.0-2019.02.0-x86_64-w64-mingw32/bin/../lib/gcc/riscv64-unknown-elf/8.2.0/rv32imac/ilp32\libgcc.a(floatundidf.o) (__lshrdi3)
c:/eclipse/gnumcueclipse/toolchain/gd_rv/riscv64-unknown-elf-gcc-8.2.0-2019.02.0-x86_64-w64-mingw32/bin/../lib/gcc/riscv64-unknown-elf/8.2.0/rv32imac/ilp32\libgcc.a(_ashldi3.o)
                              c:/eclipse/gnumcueclipse/toolchain/gd_rv/riscv64-unknown-elf-gcc-8.2.0-2019.02.0-x86_64-w64-mingw32/bin/../lib/gcc/riscv64-unknown-elf/8.2.0/rv32imac/ilp32\libgcc.a(fixunsdfdi.o) (__ashldi3)
c:/eclipse/gnumcueclipse/toolchain/gd_rv/riscv64-unknown-elf-gcc-8.2.0-2019.02.0-x86_64-w64-mingw32/bin/../lib/gcc/riscv64-unknown-elf/8.2.0/rv32imac/ilp32\libgcc.a(_clz.o)
                              c:/eclipse/gnumcueclipse/toolchain/gd_rv/riscv64-unknown-elf-gcc-8.2.0-2019.02.0-x86_64-w64-mingw32/bin/../lib/gcc/riscv64-unknown-elf/8.2.0/rv32imac/ilp32\libgcc.a(_clzsi2.o) (__clz_tab)
c:/eclipse/gnumcueclipse/toolchain/gd_rv/riscv64-unknown-elf-gcc-8.2.0-2019.02.0-x86_64-w64-mingw32/bin/../lib/gcc/riscv64-unknown-elf/8.2.0/../../../../riscv64-unknown-elf/lib/rv32imac/ilp32\libc.a(lib_a-atexit.o)
                              build/start.o (atexit)
c:/eclipse/gnumcueclipse/toolchain/gd_rv/riscv64-unknown-elf-gcc-8.2.0-2019.02.0-x86_64-w64-mingw32/bin/../lib/gcc/riscv64-unknown-elf/8.2.0/../../../../riscv64-unknown-elf/lib/rv32imac/ilp32\libc.a(lib_a-exit.o)
                              build/start.o (exit)
c:/eclipse/gnumcueclipse/toolchain/gd_rv/riscv64-unknown-elf-gcc-8.2.0-2019.02.0-x86_64-w64-mingw32/bin/../lib/gcc/riscv64-unknown-elf/8.2.0/../../../../riscv64-unknown-elf/lib/rv32imac/ilp32\libc.a(lib_a-fflush.o)
                              build/shell_main.o (fflush)
c:/eclipse/gnumcueclipse/toolchain/gd_rv/riscv64-unknown-elf-gcc-8.2.0-2019.02.0-x86_64-w64-mingw32/bin/../lib/gcc/riscv64-unknown-elf/8.2.0/../../../../riscv64-unknown-elf/lib/rv32imac/ilp32\libc.a(lib_a-findfp.o)
                              c:/eclipse/gnumcueclipse/toolchain/gd_rv/riscv64-unknown-elf-gcc-8.2.0-2019.02.0-x86_64-w64-mingw32/bin/../lib/gcc/riscv64-unknown-elf/8.2.0/../../../../riscv64-unknown-elf/lib/rv32imac/ilp32\libc.a(lib_a-fflush.o) (__sinit)
c:/eclipse/gnumcueclipse/toolchain/gd_rv/riscv64-unknown-elf-gcc-8.2.0-2019.02.0-x86_64-w64-mingw32/bin/../lib/gcc/riscv64-unknown-elf/8.2.0/../../../../riscv64-unknown-elf/lib/rv32imac/ilp32\libc.a(lib_a-fini.o)
                              build/start.o (__libc_fini_array)
c:/eclipse/gnumcueclipse/toolchain/gd_rv/riscv64-unknown-elf-gcc-8.2.0-2019.02.0-x86_64-w64-mingw32/bin/../lib/gcc/riscv64-unknown-elf/8.2.0/../../../../riscv64-unknown-elf/lib/rv32imac/ilp32\libc.a(lib_a-freer.o)
                              c:/eclipse/gnumcueclipse/toolchain/gd_rv/riscv64-unknown-elf-gcc-8.2.0-2019.02.0-x86_64-w64-mingw32/bin/../lib/gcc/riscv64-unknown-elf/8.2.0/../../../../riscv64-unknown-elf/lib/rv32imac/ilp32\libc.a(lib_a-fflush.o) (_free_r)
c:/eclipse/gnumcueclipse/toolchain/gd_rv/riscv64-unknown-elf-gcc-8.2.0-2019.02.0-x86_64-w64-mingw32/bin/../lib/gcc/riscv64-unknown-elf/8.2.0/../../../../riscv64-unknown-elf/lib/rv32imac/ilp32\libc.a(lib_a-fwalk.o)
[...]
Memory Configuration

Name             Origin             Length             Attributes
flash            0x0000000008000000 0x0000000000020000 axrl !w
ram              0x0000000020000000 0x0000000000008000 axw !rl
*default*        0x0000000000000000 0xffffffffffffffff

Linker script and memory map

LOAD build/link_string.o
LOAD build/link_random.o
LOAD build/link_ring_buffer.o
LOAD build/atiny_log.o
LOAD build/osal.o
LOAD build/los_hw_tick.o
LOAD build/los_hwi.o
LOAD build/los_hw.o
LOAD build/rbtree.o
LOAD build/liteos_imp.o
LOAD build/los_init.o
LOAD build/los_tick.o
LOAD build/los_sys.o
LOAD build/los_timeslice.o
LOAD build/los_task.o
LOAD build/los_priqueue.o
LOAD build/los_swtmr.o
LOAD build/los_queue.o
LOAD build/los_event.o
LOAD build/los_sem.o
LOAD build/los_rwlock.o
LOAD build/los_mux.o
LOAD build/los_memory.o
LOAD build/los_heap.o
LOAD build/los_membox.o
LOAD build/los_slab.o
LOAD build/los_slabmem.o
LOAD build/los_memcheck.o
LOAD build/los_misc.o
LOAD build/los_err.o
LOAD build/shell_cmd.o
LOAD build/shell_main.o
LOAD build/shell_test.o
LOAD build/driver.o
LOAD build/link_main.o
LOAD build/system_gd32vf103.o
LOAD build/gd32vf103_adc.o
LOAD build/gd32vf103_bkp.o
LOAD build/gd32vf103_can.o
LOAD build/gd32vf103_crc.o
LOAD build/gd32vf103_dac.o
LOAD build/gd32vf103_dbg.o
LOAD build/gd32vf103_dma.o
LOAD build/gd32vf103_eclic.o
LOAD build/gd32vf103_exmc.o
LOAD build/gd32vf103_exti.o
LOAD build/gd32vf103_fmc.o
LOAD build/gd32vf103_fwdgt.o
LOAD build/gd32vf103_gpio.o
LOAD build/gd32vf103_i2c.o
LOAD build/gd32vf103_pmu.o
LOAD build/gd32vf103_rcu.o
LOAD build/gd32vf103_rtc.o
LOAD build/gd32vf103_spi.o
LOAD build/gd32vf103_timer.o
LOAD build/gd32vf103_usart.o
LOAD build/gd32vf103_wwdgt.o
LOAD build/n22_func.o
LOAD build/close.o
LOAD build/_exit.o
LOAD build/fstat.o
LOAD build/isatty.o
LOAD build/lseek.o
LOAD build/read.o
LOAD build/sbrk.o
LOAD build/write.o
LOAD build/write_hex.o
LOAD build/gd32v103v_eval.o
LOAD build/main.o
LOAD build/handlers.o
LOAD build/init.o
LOAD build/los_dispatch.o
LOAD build/start.o
LOAD build/entry.o
LOAD c:/eclipse/gnumcueclipse/toolchain/gd_rv/riscv64-unknown-elf-gcc-8.2.0-2019.02.0-x86_64-w64-mingw32/bin/../lib/gcc/riscv64-unknown-elf/8.2.0/rv32imac/ilp32\libgcc.a
START GROUP
LOAD c:/eclipse/gnumcueclipse/toolchain/gd_rv/riscv64-unknown-elf-gcc-8.2.0-2019.02.0-x86_64-w64-mingw32/bin/../lib/gcc/riscv64-unknown-elf/8.2.0/../../../../riscv64-unknown-elf/lib/rv32imac/ilp32\libc.a
LOAD c:/eclipse/gnumcueclipse/toolchain/gd_rv/riscv64-unknown-elf-gcc-8.2.0-2019.02.0-x86_64-w64-mingw32/bin/../lib/gcc/riscv64-unknown-elf/8.2.0/../../../../riscv64-unknown-elf/lib/rv32imac/ilp32\libgloss.a
END GROUP
LOAD c:/eclipse/gnumcueclipse/toolchain/gd_rv/riscv64-unknown-elf-gcc-8.2.0-2019.02.0-x86_64-w64-mingw32/bin/../lib/gcc/riscv64-unknown-elf/8.2.0/rv32imac/ilp32\libgcc.a
                0x0000000000000800                __stack_size = DEFINED (__stack_size)?__stack_size:0x800
                0x0000000000000c00                __heap_size = DEFINED (__heap_size)?__heap_size:0xc00

.init           0x0000000008000000      0x220
 *(SORT_NONE(.init))
 .init          0x0000000008000000      0x220 build/start.o
                0x000000000800015c                _start

.ilalign        0x0000000008000220        0x0
                0x0000000008000220                . = ALIGN (0x4)
                [!provide]                        PROVIDE (_ilm_lma = .)

.ialign         0x0000000008000220        0x0
                [!provide]                        PROVIDE (_ilm = .)

.text           0x0000000008000240     0xed1c
 *(.rodata .rodata.*)
 .rodata.LOS_KernelInit.str1.4
                0x0000000008000240       0x42 build/los_init.o
 *fill*         0x0000000008000282        0x2 
 .rodata.LOS_Start.str1.4
                0x0000000008000284       0x1a build/los_init.o
 *fill*         0x000000000800029e        0x2 
 .rodata.osIdleTaskCreate.str1.4
                0x00000000080002a0        0xc build/los_task.o
 .rodata.osTaskSwitchCheck.str1.4
                0x00000000080002ac       0x7e build/los_task.o
                                         0x86 (size before relaxing)
 *fill*         0x000000000800032a        0x2 
 .rodata.LOS_MuxCreate.str1.4
                0x000000000800032c       0x13 build/los_mux.o
 *fill*         0x000000000800033f        0x1 
 .rodata.LOS_MuxPend.str1.4
                0x0000000008000340       0x21 build/los_mux.o
                                         0x29 (size before relaxing)
 *fill*         0x0000000008000361        0x3 
 .rodata        0x0000000008000364       0x10 build/gd32vf103_rcu.o
 .rodata._exit.str1.4
                0x0000000008000374       0x1f build/_exit.o
                                         0x23 (size before relaxing)
 *fill*         0x0000000008000393        0x1 
 .rodata.write_hex.str1.4
                0x0000000008000394        0x3 build/write_hex.o
 *fill*         0x0000000008000397        0x1 
 .rodata.LOS_BoadExampleEntry.str1.4
                0x0000000008000398       0x16 build/main.o
 *fill*         0x00000000080003ae        0x2 
 .rodata.TEST1.str1.4
                0x00000000080003b0        0x6 build/main.o
 *fill*         0x00000000080003b6        0x2 
 .rodata.TEST2.str1.4
                0x00000000080003b8        0x6 build/main.o
 *fill*         0x00000000080003be        0x2 
 .rodata.TEST3.str1.4
                0x00000000080003c0        0x6 build/main.o
 *fill*         0x00000000080003c6        0x2 
 .rodata.main.str1.4
                0x00000000080003c8       0x26 build/main.o
 *fill*         0x00000000080003ee        0x2 
 .rodata.system_phys_mem
                0x00000000080003f0       0x10 build/main.o
                0x00000000080003f0                system_phys_mem
 .rodata.handle_nmi.str1.4
                0x0000000008000400        0x5 build/handlers.o
 *fill*         0x0000000008000405        0x3 
 .rodata.handle_trap.str1.4
                0x0000000008000408       0x78 build/handlers.o
 .rodata        0x0000000008000480       0x3c c:/eclipse/gnumcueclipse/toolchain/gd_rv/riscv64-unknown-elf-gcc-8.2.0-2019.02.0-x86_64-w64-mingw32/bin/../lib/gcc/riscv64-unknown-elf/8.2.0/rv32imac/ilp32\libgcc.a(divdf3.o)
 .rodata        0x00000000080004bc      0x100 c:/eclipse/gnumcueclipse/toolchain/gd_rv/riscv64-unknown-elf-gcc-8.2.0-2019.02.0-x86_64-w64-mingw32/bin/../lib/gcc/riscv64-unknown-elf/8.2.0/rv32imac/ilp32\libgcc.a(_clz.o)
                0x00000000080004bc                __clz_tab
 .rodata        0x00000000080005bc      0x18c c:/eclipse/gnumcueclipse/toolchain/gd_rv/riscv64-unknown-elf-gcc-8.2.0-2019.02.0-x86_64-w64-mingw32/bin/../lib/gcc/riscv64-unknown-elf/8.2.0/../../../../riscv64-unknown-elf/lib/rv32imac/ilp32\libc.a(lib_a-vfprintf.o)
 .rodata.str1.4
                0x0000000008000748       0x3a c:/eclipse/gnumcueclipse/toolchain/gd_rv/riscv64-unknown-elf-gcc-8.2.0-2019.02.0-x86_64-w64-mingw32/bin/../lib/gcc/riscv64-unknown-elf/8.2.0/../../../../riscv64-unknown-elf/lib/rv32imac/ilp32\libc.a(lib_a-vfprintf.o)
 *fill*         0x0000000008000782        0x2 
 .rodata        0x0000000008000784      0x254 c:/eclipse/gnumcueclipse/toolchain/gd_rv/riscv64-unknown-elf-gcc-8.2.0-2019.02.0-x86_64-w64-mingw32/bin/../lib/gcc/riscv64-unknown-elf/8.2.0/../../../../riscv64-unknown-elf/lib/rv32imac/ilp32\libc.a(lib_a-ldtoa.o)
 .rodata.str1.4
                0x00000000080009d8       0x28 c:/eclipse/gnumcueclipse/toolchain/gd_rv/riscv64-unknown-elf-gcc-8.2.0-2019.02.0-x86_64-w64-mingw32/bin/../lib/gcc/riscv64-unknown-elf/8.2.0/../../../../riscv64-unknown-elf/lib/rv32imac/ilp32\libc.a(lib_a-ldtoa.o)
 .rodata.str1.4
                0x0000000008000a00       0x10 c:/eclipse/gnumcueclipse/toolchain/gd_rv/riscv64-unknown-elf-gcc-8.2.0-2019.02.0-x86_64-w64-mingw32/bin/../lib/gcc/riscv64-unknown-elf/8.2.0/../../../../riscv64-unknown-elf/lib/rv32imac/ilp32\libc.a(lib_a-locale.o)
                                         0x12 (size before relaxing)
 .rodata        0x0000000008000a10      0x128 c:/eclipse/gnumcueclipse/toolchain/gd_rv/riscv64-unknown-elf-gcc-8.2.0-2019.02.0-x86_64-w64-mingw32/bin/../lib/gcc/riscv64-unknown-elf/8.2.0/../../../../riscv64-unknown-elf/lib/rv32imac/ilp32\libc.a(lib_a-mprec.o)
                0x0000000008000a20                __mprec_tens
                0x0000000008000ae8                __mprec_tinytens
                0x0000000008000b10                __mprec_bigtens
 .rodata        0x0000000008000b38      0x18c c:/eclipse/gnumcueclipse/toolchain/gd_rv/riscv64-unknown-elf-gcc-8.2.0-2019.02.0-x86_64-w64-mingw32/bin/../lib/gcc/riscv64-unknown-elf/8.2.0/../../../../riscv64-unknown-elf/lib/rv32imac/ilp32\libc.a(lib_a-svfprintf.o)
 .rodata.str1.4
                0x0000000008000cc4       0x3a c:/eclipse/gnumcueclipse/toolchain/gd_rv/riscv64-unknown-elf-gcc-8.2.0-2019.02.0-x86_64-w64-mingw32/bin/../lib/gcc/riscv64-unknown-elf/8.2.0/../../../../riscv64-unknown-elf/lib/rv32imac/ilp32\libc.a(lib_a-svfprintf.o)
 .rodata        0x0000000008000cc4      0x18c c:/eclipse/gnumcueclipse/toolchain/gd_rv/riscv64-unknown-elf-gcc-8.2.0-2019.02.0-x86_64-w64-mingw32/bin/../lib/gcc/riscv64-unknown-elf/8.2.0/../../../../riscv64-unknown-elf/lib/rv32imac/ilp32\libc.a(lib_a-vfiprintf.o)
 .rodata.str1.4
                0x0000000008000e50       0x25 c:/eclipse/gnumcueclipse/toolchain/gd_rv/riscv64-unknown-elf-gcc-8.2.0-2019.02.0-x86_64-w64-mingw32/bin/../lib/gcc/riscv64-unknown-elf/8.2.0/../../../../riscv64-unknown-elf/lib/rv32imac/ilp32\libc.a(lib_a-vfiprintf.o)
 .rodata        0x0000000008000e50      0x101 c:/eclipse/gnumcueclipse/toolchain/gd_rv/riscv64-unknown-elf-gcc-8.2.0-2019.02.0-x86_64-w64-mingw32/bin/../lib/gcc/riscv64-unknown-elf/8.2.0/../../../../riscv64-unknown-elf/lib/rv32imac/ilp32\libc.a(lib_a-ctype_.o)
                0x0000000008000e50                _ctype_
 *fill*         0x0000000008000f51        0x3 
 .rodata        0x0000000008000f54      0x18c c:/eclipse/gnumcueclipse/toolchain/gd_rv/riscv64-unknown-elf-gcc-8.2.0-2019.02.0-x86_64-w64-mingw32/bin/../lib/gcc/riscv64-unknown-elf/8.2.0/../../../../riscv64-unknown-elf/lib/rv32imac/ilp32\libc.a(lib_a-svfiprintf.o)
 .rodata.str1.4
                0x00000000080010e0       0x25 c:/eclipse/gnumcueclipse/toolchain/gd_rv/riscv64-unknown-elf-gcc-8.2.0-2019.02.0-x86_64-w64-mingw32/bin/../lib/gcc/riscv64-unknown-elf/8.2.0/../../../../riscv64-unknown-elf/lib/rv32imac/ilp32\libc.a(lib_a-svfiprintf.o)
 .rodata        0x00000000080010e0       0x3c c:/eclipse/gnumcueclipse/toolchain/gd_rv/riscv64-unknown-elf-gcc-8.2.0-2019.02.0-x86_64-w64-mingw32/bin/../lib/gcc/riscv64-unknown-elf/8.2.0/rv32imac/ilp32\libgcc.a(muldf3.o)
 .rodata        0x000000000800111c       0x3c c:/eclipse/gnumcueclipse/toolchain/gd_rv/riscv64-unknown-elf-gcc-8.2.0-2019.02.0-x86_64-w64-mingw32/bin/../lib/gcc/riscv64-unknown-elf/8.2.0/rv32imac/ilp32\libgcc.a(multf3.o)
 *(.text.unlikely .text.unlikely.*)
 *(.text.startup .text.startup.*)
 .text.startup.main
                0x0000000008001158       0x4a build/main.o
                0x0000000008001158                main
 *(.text .text.*)
 .text.osTickStart
                0x00000000080011a2       0x4a build/los_hw_tick.o
                0x00000000080011a2                osTickStart
 .text.osTaskExit
                0x00000000080011ec        0xa build/los_hw.o
                0x00000000080011ec                osTaskExit
 .text.osSchedule
                0x00000000080011f6        0x4 build/los_hw.o
                0x00000000080011f6                osSchedule
 .text.LOS_Schedule
                0x00000000080011fa       0x44 build/los_hw.o
                0x00000000080011fa                LOS_Schedule
 .text.osTskStackAlloc
                0x000000000800123e       0x12 build/los_hw.o
                0x000000000800123e                osTskStackAlloc
 .text.osTskStackInit
                0x0000000008001250      0x186 build/los_hw.o
                0x0000000008001250                osTskStackInit
 .text.__bit_successor
                0x00000000080013d6       0x1c build/rbtree.o
 .text.__is_black
                0x00000000080013f2       0x10 build/rbtree.o
 .text.__bit_rotate_right.isra.4
                0x0000000008001402       0x28 build/rbtree.o
 .text.__bit_rotate_left.isra.5
                0x000000000800142a       0x28 build/rbtree.o
 .text.__rb_insadj
                0x0000000008001452       0x86 build/rbtree.o
 .text.rb_find_ge
                0x00000000080014d8       0x46 build/rbtree.o
                0x00000000080014d8                rb_find_ge
 .text.rb_replace
                0x000000000800151e       0x42 build/rbtree.o
                0x000000000800151e                rb_replace
 .text.rb_node_get
                0x0000000008001560       0x98 build/rbtree.o
                0x0000000008001560                rb_node_get
 .text.rb_delete
                0x00000000080015f8      0x19e build/rbtree.o
                0x00000000080015f8                rb_delete
 .text.rb_init  0x0000000008001796       0x12 build/rbtree.o
                0x0000000008001796                rb_init
 .text.LOS_Start
                0x00000000080017a8       0x34 build/los_init.o
                0x00000000080017a8                LOS_Start
 .text.LOS_KernelInit
                0x00000000080017dc       0x94 build/los_init.o
                0x00000000080017dc                LOS_KernelInit
 .text.osTickHandler
                0x0000000008001870       0x3a build/los_tick.o
                0x0000000008001870                osTickHandler
 .text.osTimesliceInit
                0x00000000080018aa       0x10 build/los_timeslice.o
                0x00000000080018aa                osTimesliceInit
 .text.osTimesliceCheck
                0x00000000080018ba       0x36 build/los_timeslice.o
                0x00000000080018ba                osTimesliceCheck
 .text.LOS_ListDelete
                0x00000000080018f0       0x12 build/los_task.o
 .text.osIdleTask
                0x0000000008001902        0x2 build/los_task.o
                0x0000000008001902                osIdleTask
 .text.osTaskSwitchCheck
                0x0000000008001904      0x108 build/los_task.o
                0x0000000008001904                osTaskSwitchCheck
 .text.osTaskPriModify
                0x0000000008001a0c       0x44 build/los_task.o
                0x0000000008001a0c                osTaskPriModify
 .text.osTaskAdd2TimerList
                0x0000000008001a50       0x9c build/los_task.o
                0x0000000008001a50                osTaskAdd2TimerList
 .text.osTimerListDelete
                0x0000000008001aec       0x36 build/los_task.o
                0x0000000008001aec                osTimerListDelete
 .text.osTaskScan
                0x0000000008001b22      0x106 build/los_task.o
                0x0000000008001b22                osTaskScan
 .text.osTaskInit
                0x0000000008001c28       0xd6 build/los_task.o
                0x0000000008001c28                osTaskInit
 .text.LOS_CurTaskIDGet
                0x0000000008001cfe       0x14 build/los_task.o
                0x0000000008001cfe                LOS_CurTaskIDGet
 .text.osTaskMonInit
                0x0000000008001d12       0x42 build/los_task.o
                0x0000000008001d12                osTaskMonInit
 .text.LOS_TaskCreateOnly
                0x0000000008001d54      0x18c build/los_task.o
                0x0000000008001d54                LOS_TaskCreateOnly
 .text.LOS_TaskCreate
                0x0000000008001ee0       0x98 build/los_task.o
                0x0000000008001ee0                LOS_TaskCreate
 .text.osIdleTaskCreate
                0x0000000008001f78       0x3e build/los_task.o
                0x0000000008001f78                osIdleTaskCreate
 .text.LOS_TaskDelete
                0x0000000008001fb6      0x17c build/los_task.o
                0x0000000008001fb6                LOS_TaskDelete
 .text.osTaskEntry
                0x0000000008002132       0x24 build/los_task.o
                0x0000000008002132                osTaskEntry
 .text.osTaskWait
                0x0000000008002156       0x6a build/los_task.o
                0x0000000008002156                osTaskWait
 .text.osTaskWake
                0x00000000080021c0       0x6a build/los_task.o
                0x00000000080021c0                osTaskWake
 .text.LOS_TaskYield
                0x000000000800222a       0x90 build/los_task.o
                0x000000000800222a                LOS_TaskYield
 .text.LOS_TaskDelay
                0x00000000080022ba       0x8a build/los_task.o
                0x00000000080022ba                LOS_TaskDelay
 .text.osPriqueueInit
                0x0000000008002344       0x28 build/los_priqueue.o
                0x0000000008002344                osPriqueueInit
 .text.osPriqueueEnqueue
                0x000000000800236c       0x30 build/los_priqueue.o
                0x000000000800236c                osPriqueueEnqueue
 .text.osPriqueueDequeue
                0x000000000800239c       0x3c build/los_priqueue.o
                0x000000000800239c                osPriqueueDequeue
 .text.osPriqueueTop
                0x00000000080023d8       0x26 build/los_priqueue.o
                0x00000000080023d8                osPriqueueTop
 .text.osPriqueueSize
                0x00000000080023fe       0x18 build/los_priqueue.o
                0x00000000080023fe                osPriqueueSize
 .text.osQueueInit
                0x0000000008002416       0x5c build/los_queue.o
                0x0000000008002416                osQueueInit
 .text.osSemInit
                0x0000000008002472       0x6a build/los_sem.o
                0x0000000008002472                osSemInit
 .text.osMuxInit
                0x00000000080024dc       0x3c build/los_mux.o
                0x00000000080024dc                osMuxInit
 .text.LOS_MuxCreate
                0x0000000008002518       0x86 build/los_mux.o
                0x0000000008002518                LOS_MuxCreate
 .text.LOS_MuxPend
                0x000000000800259e      0x164 build/los_mux.o
                0x000000000800259e                LOS_MuxPend
 .text.LOS_MuxPost
                0x0000000008002702       0xce build/los_mux.o
                0x0000000008002702                LOS_MuxPost
 .text.LOS_MemInit
                0x00000000080027d0       0x44 build/los_memory.o
                0x00000000080027d0                LOS_MemInit
 .text.osMemSystemInit
                0x0000000008002814       0x4c build/los_memory.o
                0x0000000008002814                osMemSystemInit
 .text.osHeapFree
                0x0000000008002860       0x10 build/los_memory.o
                0x0000000008002860                osHeapFree
 .text.LOS_MemAlloc
                0x0000000008002870       0x32 build/los_memory.o
                0x0000000008002870                LOS_MemAlloc
 .text.LOS_MemAllocAlign
                0x00000000080028a2        0x8 build/los_memory.o
                0x00000000080028a2                LOS_MemAllocAlign
 .text.LOS_MemFree
                0x00000000080028aa       0x38 build/los_memory.o
                0x00000000080028aa                LOS_MemFree
 .text.osSlabCtrlHdrGet
                0x00000000080028e2        0x6 build/los_memory.o
                0x00000000080028e2                osSlabCtrlHdrGet
 .text.__heap_compare_nk
                0x00000000080028e8       0x14 build/los_heap.o
 .text.__heap_compare_nn
                0x00000000080028fc        0x4 build/los_heap.o
 .text.__get_bi_node
                0x0000000008002900        0xe build/los_heap.o
 .text.__put_chunk
                0x000000000800290e       0x70 build/los_heap.o
 .text.__del_chunk
                0x000000000800297e       0x7e build/los_heap.o
 .text.heap_init
                0x00000000080029fc       0x42 build/los_heap.o
                0x00000000080029fc                heap_init
 .text.heap_add
                0x0000000008002a3e       0x9e build/los_heap.o
                0x0000000008002a3e                heap_add
 .text.heap_alloc_align
                0x0000000008002adc      0x164 build/los_heap.o
                0x0000000008002adc                heap_alloc_align
 .text.heap_alloc
                0x0000000008002c40        0x6 build/los_heap.o
                0x0000000008002c40                heap_alloc
 .text.heap_free
                0x0000000008002c46       0xf8 build/los_heap.o
                0x0000000008002c46                heap_free
 .text.osAtomicBitsetGetBit
                0x0000000008002d3e       0x1c build/los_slab.o
                0x0000000008002d3e                osAtomicBitsetGetBit
 .text.osAtomicBitsetClearBit
                0x0000000008002d5a       0x22 build/los_slab.o
                0x0000000008002d5a                osAtomicBitsetClearBit
 .text.osAtomicBitsetFindClearAndSet
                0x0000000008002d7c       0x44 build/los_slab.o
                0x0000000008002d7c                osAtomicBitsetFindClearAndSet
 .text.osSlabAllocatorAlloc
                0x0000000008002dc0       0x26 build/los_slab.o
                0x0000000008002dc0                osSlabAllocatorAlloc
 .text.osSlabAllocatorFree
                0x0000000008002de6       0x40 build/los_slab.o
                0x0000000008002de6                osSlabAllocatorFree
 .text.osSlabMemAlloc
                0x0000000008002e26       0x86 build/los_slabmem.o
                0x0000000008002e26                osSlabMemAlloc
 .text.osSlabMemFree
                0x0000000008002eac       0x6e build/los_slabmem.o
                0x0000000008002eac                osSlabMemFree
 .text.LOS_Align
                0x0000000008002f1a       0x18 build/los_misc.o
                0x0000000008002f1a                LOS_Align
 .text.LOS_ErrHandle
                0x0000000008002f32       0x18 build/los_err.o
                0x0000000008002f32                LOS_ErrHandle
 .text.SystemInit
                0x0000000008002f4a      0x11c build/system_gd32vf103.o
                0x0000000008002f4a                SystemInit
 .text.eclic_irq_enable
                0x0000000008003066       0x22 build/gd32vf103_eclic.o
                0x0000000008003066                eclic_irq_enable
 .text.gpio_init
                0x0000000008003088       0xa4 build/gd32vf103_gpio.o
                0x0000000008003088                gpio_init
 .text.rcu_periph_clock_enable
                0x000000000800312c       0x18 build/gd32vf103_rcu.o
                0x000000000800312c                rcu_periph_clock_enable
 .text.rcu_periph_reset_enable
                0x0000000008003144       0x18 build/gd32vf103_rcu.o
                0x0000000008003144                rcu_periph_reset_enable
 .text.rcu_periph_reset_disable
                0x000000000800315c       0x1c build/gd32vf103_rcu.o
                0x000000000800315c                rcu_periph_reset_disable
 .text.rcu_clock_freq_get
                0x0000000008003178      0x136 build/gd32vf103_rcu.o
                0x0000000008003178                rcu_clock_freq_get
 .text.usart_deinit
                0x00000000080032ae       0x7e build/gd32vf103_usart.o
                0x00000000080032ae                usart_deinit
 .text.usart_baudrate_set
                0x000000000800332c       0x66 build/gd32vf103_usart.o
                0x000000000800332c                usart_baudrate_set
 .text.usart_parity_config
                0x0000000008003392       0x10 build/gd32vf103_usart.o
                0x0000000008003392                usart_parity_config
 .text.usart_word_length_set
                0x00000000080033a2       0x12 build/gd32vf103_usart.o
                0x00000000080033a2                usart_word_length_set
 .text.usart_stop_bit_set
                0x00000000080033b4       0x12 build/gd32vf103_usart.o
                0x00000000080033b4                usart_stop_bit_set
 .text.usart_enable
                0x00000000080033c6        0xa build/gd32vf103_usart.o
                0x00000000080033c6                usart_enable
 .text.usart_transmit_config
                0x00000000080033d0        0xa build/gd32vf103_usart.o
                0x00000000080033d0                usart_transmit_config
 .text.usart_receive_config
                0x00000000080033da        0xa build/gd32vf103_usart.o
                0x00000000080033da                usart_receive_config
 .text.usart_data_transmit
                0x00000000080033e4        0x8 build/gd32vf103_usart.o
                0x00000000080033e4                usart_data_transmit
 .text.usart_hardware_flow_rts_config
                0x00000000080033ec        0xc build/gd32vf103_usart.o
                0x00000000080033ec                usart_hardware_flow_rts_config
 .text.usart_hardware_flow_cts_config
                0x00000000080033f8        0xc build/gd32vf103_usart.o
                0x00000000080033f8                usart_hardware_flow_cts_config
 .text.usart_flag_get
                0x0000000008003404       0x14 build/gd32vf103_usart.o
                0x0000000008003404                usart_flag_get
 .text.eclic_enable_interrupt
                0x0000000008003418       0x12 build/n22_func.o
                0x0000000008003418                eclic_enable_interrupt
 .text.eclic_set_nlbits
                0x000000000800342a       0x18 build/n22_func.o
                0x000000000800342a                eclic_set_nlbits
 .text.eclic_init
                0x0000000008003442       0x24 build/n22_func.o
                0x0000000008003442                eclic_init
 .text.eclic_get_nlbits
                0x0000000008003466        0xe build/n22_func.o
                0x0000000008003466                eclic_get_nlbits
 .text.eclic_set_int_level
                0x0000000008003474       0x56 build/n22_func.o
                0x0000000008003474                eclic_set_int_level
 .text.eclic_set_int_priority
                0x00000000080034ca       0x4c build/n22_func.o
                0x00000000080034ca                eclic_set_int_priority
 .text.eclic_mode_enable
                0x0000000008003516       0x12 build/n22_func.o
                0x0000000008003516                eclic_mode_enable
 .text._close   0x0000000008003528        0x4 build/close.o
                0x0000000008003528                _close
 .text._exit    0x000000000800352c       0x3a build/_exit.o
                0x000000000800352c                _exit
 .text._fstat   0x0000000008003566       0x1e build/fstat.o
                0x0000000008003566                _fstat
 .text._isatty  0x0000000008003584        0x8 build/isatty.o
                0x0000000008003584                _isatty
 .text._lseek   0x000000000800358c       0x16 build/lseek.o
                0x000000000800358c                _lseek
 .text._read    0x00000000080035a2        0x4 build/read.o
                0x00000000080035a2                _read
 .text._sbrk    0x00000000080035a6       0x26 build/sbrk.o
                0x00000000080035a6                _sbrk
 .text._put_char
                0x00000000080035cc       0x40 build/write.o
                0x00000000080035cc                _put_char
 .text._write   0x000000000800360c       0x40 build/write.o
                0x000000000800360c                _write
 .text.puts     0x000000000800364c       0x16 build/write.o
                0x000000000800364c                puts
 .text.write_hex
                0x0000000008003662       0x74 build/write_hex.o
                0x0000000008003662                write_hex
 .text.gd_eval_com_init
                0x00000000080036d6       0xd0 build/gd32v103v_eval.o
                0x00000000080036d6                gd_eval_com_init
 .text.TEST1    0x00000000080037a6       0x18 build/main.o
                0x00000000080037a6                TEST1
 .text.TEST2    0x00000000080037be       0x18 build/main.o
                0x00000000080037be                TEST2
 .text.TEST3    0x00000000080037d6       0x18 build/main.o
                0x00000000080037d6                TEST3
 .text.eclic_mtip_handler
                0x00000000080037ee       0x10 build/main.o
                0x00000000080037ee                eclic_mtip_handler
 .text.LOS_BoadExampleEntry
                0x00000000080037fe       0xac build/main.o
                0x00000000080037fe                LOS_BoadExampleEntry
 .text.handle_nmi
                0x00000000080038aa       0x1a build/handlers.o
                0x00000000080038aa                handle_nmi
 .text.handle_trap
                0x00000000080038c4       0x52 build/handlers.o
                0x00000000080038c4                handle_trap
 .text._init    0x0000000008003916       0x1e build/init.o
                0x0000000008003916                _init
 .text._fini    0x0000000008003934        0x2 build/init.o
                0x0000000008003934                _fini
 .text          0x0000000008003936      0x198 build/los_dispatch.o
                0x0000000008003936                LOS_StartToRun
                0x00000000080039b2                LOS_IntNumGet
                0x00000000080039b4                osDisableIRQ
                0x00000000080039be                LOS_IntLock
                0x00000000080039ca                LOS_IntUnLock
                0x00000000080039d6                LOS_IntRestore
                0x00000000080039dc                osTaskSchedule
                0x0000000008003a28                Software_IRQHandler
 *fill*         0x0000000008003ace       0x32 
 .text.trap     0x0000000008003b00       0x7e build/entry.o
                0x0000000008003b00                trap_entry
 *fill*         0x0000000008003b7e        0x2 
 .text.irq      0x0000000008003b80       0x72 build/entry.o
                0x0000000008003b80                irq_entry
 .text          0x0000000008003bf2       0x3c c:/eclipse/gnumcueclipse/toolchain/gd_rv/riscv64-unknown-elf-gcc-8.2.0-2019.02.0-x86_64-w64-mingw32/bin/../lib/gcc/riscv64-unknown-elf/8.2.0/rv32imac/ilp32\libgcc.a(_clzsi2.o)
                0x0000000008003bf2                __clzsi2
 .text          0x0000000008003c2e      0x35e c:/eclipse/gnumcueclipse/toolchain/gd_rv/riscv64-unknown-elf-gcc-8.2.0-2019.02.0-x86_64-w64-mingw32/bin/../lib/gcc/riscv64-unknown-elf/8.2.0/rv32imac/ilp32\libgcc.a(_udivdi3.o)
                0x0000000008003c2e                __udivdi3
 .text          0x0000000008003f8c      0x54a c:/eclipse/gnumcueclipse/toolchain/gd_rv/riscv64-unknown-elf-gcc-8.2.0-2019.02.0-x86_64-w64-mingw32/bin/../lib/gcc/riscv64-unknown-elf/8.2.0/rv32imac/ilp32\libgcc.a(divdf3.o)
                0x0000000008003f8c                __divdf3
 .text          0x00000000080044d6        0xc c:/eclipse/gnumcueclipse/toolchain/gd_rv/riscv64-unknown-elf-gcc-8.2.0-2019.02.0-x86_64-w64-mingw32/bin/../lib/gcc/riscv64-unknown-elf/8.2.0/../../../../riscv64-unknown-elf/lib/rv32imac/ilp32\libc.a(lib_a-atexit.o)
                0x00000000080044d6                atexit
 .text          0x00000000080044e2       0x20 c:/eclipse/gnumcueclipse/toolchain/gd_rv/riscv64-unknown-elf-gcc-8.2.0-2019.02.0-x86_64-w64-mingw32/bin/../lib/gcc/riscv64-unknown-elf/8.2.0/../../../../riscv64-unknown-elf/lib/rv32imac/ilp32\libc.a(lib_a-exit.o)
                0x00000000080044e2                exit
 .text          0x0000000008004502      0x1a8 c:/eclipse/gnumcueclipse/toolchain/gd_rv/riscv64-unknown-elf-gcc-8.2.0-2019.02.0-x86_64-w64-mingw32/bin/../lib/gcc/riscv64-unknown-elf/8.2.0/../../../../riscv64-unknown-elf/lib/rv32imac/ilp32\libc.a(lib_a-fflush.o)
                0x0000000008004502                __sflush_r
                0x000000000800465c                _fflush_r
                0x000000000800468a                fflush
 .text          0x00000000080046aa      0x1e4 c:/eclipse/gnumcueclipse/toolchain/gd_rv/riscv64-unknown-elf-gcc-8.2.0-2019.02.0-x86_64-w64-mingw32/bin/../lib/gcc/riscv64-unknown-elf/8.2.0/../../../../riscv64-unknown-elf/lib/rv32imac/ilp32\libc.a(lib_a-findfp.o)
                0x0000000008004718                _cleanup_r
                0x0000000008004726                __sfmoreglue
                0x000000000800476c                _cleanup
                0x0000000008004774                __sinit
                0x00000000080047c2                __sfp
                0x000000000800485e                __sfp_lock_acquire
                0x0000000008004860                __sfp_lock_release
                0x0000000008004862                __sinit_lock_acquire
                0x0000000008004864                __sinit_lock_release
                0x0000000008004866                __fp_lock_all
                0x000000000800487a                __fp_unlock_all
 .text          0x000000000800488e       0x3a c:/eclipse/gnumcueclipse/toolchain/gd_rv/riscv64-unknown-elf-gcc-8.2.0-2019.02.0-x86_64-w64-mingw32/bin/../lib/gcc/riscv64-unknown-elf/8.2.0/../../../../riscv64-unknown-elf/lib/rv32imac/ilp32\libc.a(lib_a-fini.o)
                0x000000000800488e                __libc_fini_array
 .text          0x00000000080048c8      0x28c c:/eclipse/gnumcueclipse/toolchain/gd_rv/riscv64-unknown-elf-gcc-8.2.0-2019.02.0-x86_64-w64-mingw32/bin/../lib/gcc/riscv64-unknown-elf/8.2.0/../../../../riscv64-unknown-elf/lib/rv32imac/ilp32\libc.a(lib_a-freer.o)
                0x00000000080048c8                _malloc_trim_r
                0x000000000800498c                _free_r
 .text          0x0000000008004b54       0xce c:/eclipse/gnumcueclipse/toolchain/gd_rv/riscv64-unknown-elf-gcc-8.2.0-2019.02.0-x86_64-w64-mingw32/bin/../lib/gcc/riscv64-unknown-elf/8.2.0/../../../../riscv64-unknown-elf/lib/rv32imac/ilp32\libc.a(lib_a-fwalk.o)
                0x0000000008004b54                _fwalk
                0x0000000008004bb6                _fwalk_reent
 .text          0x0000000008004c22       0x6e c:/eclipse/gnumcueclipse/toolchain/gd_rv/riscv64-unknown-elf-gcc-8.2.0-2019.02.0-x86_64-w64-mingw32/bin/../lib/gcc/riscv64-unknown-elf/8.2.0/../../../../riscv64-unknown-elf/lib/rv32imac/ilp32\libc.a(lib_a-init.o)
                0x0000000008004c22                __libc_init_array
 .text          0x0000000008004c90      0x4e6 c:/eclipse/gnumcueclipse/toolchain/gd_rv/riscv64-unknown-elf-gcc-8.2.0-2019.02.0-x86_64-w64-mingw32/bin/../lib/gcc/riscv64-unknown-elf/8.2.0/../../../../riscv64-unknown-elf/lib/rv32imac/ilp32\libc.a(lib_a-mallocr.o)
                0x0000000008004c90                _malloc_r
 .text          0x0000000008005176       0xb6 c:/eclipse/gnumcueclipse/toolchain/gd_rv/riscv64-unknown-elf-gcc-8.2.0-2019.02.0-x86_64-w64-mingw32/bin/../lib/gcc/riscv64-unknown-elf/8.2.0/../../../../riscv64-unknown-elf/lib/rv32imac/ilp32\libc.a(lib_a-memcpy.o)
                0x0000000008005176                memcpy
 .text          0x000000000800522c       0xa8 c:/eclipse/gnumcueclipse/toolchain/gd_rv/riscv64-unknown-elf-gcc-8.2.0-2019.02.0-x86_64-w64-mingw32/bin/../lib/gcc/riscv64-unknown-elf/8.2.0/../../../../riscv64-unknown-elf/lib/rv32imac/ilp32\libc.a(lib_a-memset.o)
                0x000000000800522c                memset
 .text          0x00000000080052d4        0x4 c:/eclipse/gnumcueclipse/toolchain/gd_rv/riscv64-unknown-elf-gcc-8.2.0-2019.02.0-x86_64-w64-mingw32/bin/../lib/gcc/riscv64-unknown-elf/8.2.0/../../../../riscv64-unknown-elf/lib/rv32imac/ilp32\libc.a(lib_a-mlock.o)
                0x00000000080052d4                __malloc_lock
                0x00000000080052d6                __malloc_unlock
 .text          0x00000000080052d8       0x4e c:/eclipse/gnumcueclipse/toolchain/gd_rv/riscv64-unknown-elf-gcc-8.2.0-2019.02.0-x86_64-w64-mingw32/bin/../lib/gcc/riscv64-unknown-elf/8.2.0/../../../../riscv64-unknown-elf/lib/rv32imac/ilp32\libc.a(lib_a-printf.o)
                0x00000000080052d8                _printf_r
                0x00000000080052f8                printf
 .text          0x0000000008005326       0x2a c:/eclipse/gnumcueclipse/toolchain/gd_rv/riscv64-unknown-elf-gcc-8.2.0-2019.02.0-x86_64-w64-mingw32/bin/../lib/gcc/riscv64-unknown-elf/8.2.0/../../../../riscv64-unknown-elf/lib/rv32imac/ilp32\libc.a(lib_a-sbrkr.o)
                0x0000000008005326                _sbrk_r
 .text          0x0000000008005350       0xc8 c:/eclipse/gnumcueclipse/toolchain/gd_rv/riscv64-unknown-elf-gcc-8.2.0-2019.02.0-x86_64-w64-mingw32/bin/../lib/gcc/riscv64-unknown-elf/8.2.0/../../../../riscv64-unknown-elf/lib/rv32imac/ilp32\libc.a(lib_a-stdio.o)
                0x0000000008005350                __sread
                0x0000000008005382                __seofread
                0x0000000008005386                __swrite
                0x00000000080053d8                __sseek
                0x0000000008005410                __sclose
 .text          0x0000000008005418      0x11e c:/eclipse/gnumcueclipse/toolchain/gd_rv/riscv64-unknown-elf-gcc-8.2.0-2019.02.0-x86_64-w64-mingw32/bin/../lib/gcc/riscv64-unknown-elf/8.2.0/../../../../riscv64-unknown-elf/lib/rv32imac/ilp32\libc.a(lib_a-strcmp.o)
                0x0000000008005418                strcmp
 .text          0x0000000008005536       0x12 c:/eclipse/gnumcueclipse/toolchain/gd_rv/riscv64-unknown-elf-gcc-8.2.0-2019.02.0-x86_64-w64-mingw32/bin/../lib/gcc/riscv64-unknown-elf/8.2.0/../../../../riscv64-unknown-elf/lib/rv32imac/ilp32\libc.a(lib_a-strcpy.o)
                0x0000000008005536                strcpy
 .text          0x0000000008005548       0x12 c:/eclipse/gnumcueclipse/toolchain/gd_rv/riscv64-unknown-elf-gcc-8.2.0-2019.02.0-x86_64-w64-mingw32/bin/../lib/gcc/riscv64-unknown-elf/8.2.0/../../../../riscv64-unknown-elf/lib/rv32imac/ilp32\libc.a(lib_a-strlen.o)
                0x0000000008005548                strlen
 .text          0x000000000800555a       0x24 c:/eclipse/gnumcueclipse/toolchain/gd_rv/riscv64-unknown-elf-gcc-8.2.0-2019.02.0-x86_64-w64-mingw32/bin/../lib/gcc/riscv64-unknown-elf/8.2.0/../../../../riscv64-unknown-elf/lib/rv32imac/ilp32\libc.a(lib_a-strncpy.o)
                0x000000000800555a                strncpy
 .text          0x000000000800557e        0x4 c:/eclipse/gnumcueclipse/toolchain/gd_rv/riscv64-unknown-elf-gcc-8.2.0-2019.02.0-x86_64-w64-mingw32/bin/../lib/gcc/riscv64-unknown-elf/8.2.0/../../../../riscv64-unknown-elf/lib/rv32imac/ilp32\libc.a(lib_a-sysisatty.o)
                0x000000000800557e                isatty
 .text          0x0000000008005582       0x14 c:/eclipse/gnumcueclipse/toolchain/gd_rv/riscv64-unknown-elf-gcc-8.2.0-2019.02.0-x86_64-w64-mingw32/bin/../lib/gcc/riscv64-unknown-elf/8.2.0/../../../../riscv64-unknown-elf/lib/rv32imac/ilp32\libc.a(lib_a-syswrite.o)
                0x0000000008005582                write
 .text          0x0000000008005596     0x16b4 c:/eclipse/gnumcueclipse/toolchain/gd_rv/riscv64-unknown-elf-gcc-8.2.0-2019.02.0-x86_64-w64-mingw32/bin/../lib/gcc/riscv64-unknown-elf/8.2.0/../../../../riscv64-unknown-elf/lib/rv32imac/ilp32\libc.a(lib_a-vfprintf.o)
                0x0000000008005596                _vfprintf_r
                0x0000000008006baa                vfprintf
 .text          0x0000000008006c4a       0xc8 c:/eclipse/gnumcueclipse/toolchain/gd_rv/riscv64-unknown-elf-gcc-8.2.0-2019.02.0-x86_64-w64-mingw32/bin/../lib/gcc/riscv64-unknown-elf/8.2.0/../../../../riscv64-unknown-elf/lib/rv32imac/ilp32\libc.a(lib_a-wbuf.o)
                0x0000000008006c4a                __swbuf_r
                0x0000000008006d02                __swbuf
 .text          0x0000000008006d12       0x2e c:/eclipse/gnumcueclipse/toolchain/gd_rv/riscv64-unknown-elf-gcc-8.2.0-2019.02.0-x86_64-w64-mingw32/bin/../lib/gcc/riscv64-unknown-elf/8.2.0/../../../../riscv64-unknown-elf/lib/rv32imac/ilp32\libc.a(lib_a-writer.o)
                0x0000000008006d12                _write_r
 .text          0x0000000008006d40       0xe0 c:/eclipse/gnumcueclipse/toolchain/gd_rv/riscv64-unknown-elf-gcc-8.2.0-2019.02.0-x86_64-w64-mingw32/bin/../lib/gcc/riscv64-unknown-elf/8.2.0/../../../../riscv64-unknown-elf/lib/rv32imac/ilp32\libc.a(lib_a-wsetup.o)
                0x0000000008006d40                __swsetup_r
 .text          0x0000000008006e20       0x62 c:/eclipse/gnumcueclipse/toolchain/gd_rv/riscv64-unknown-elf-gcc-8.2.0-2019.02.0-x86_64-w64-mingw32/bin/../lib/gcc/riscv64-unknown-elf/8.2.0/../../../../riscv64-unknown-elf/lib/rv32imac/ilp32\libc.a(lib_a-__atexit.o)
                0x0000000008006e20                __register_exitproc
 .text          0x0000000008006e82       0xae c:/eclipse/gnumcueclipse/toolchain/gd_rv/riscv64-unknown-elf-gcc-8.2.0-2019.02.0-x86_64-w64-mingw32/bin/../lib/gcc/riscv64-unknown-elf/8.2.0/../../../../riscv64-unknown-elf/lib/rv32imac/ilp32\libc.a(lib_a-__call_atexit.o)
                0x0000000008006e82                __call_exitprocs
 .text          0x0000000008006f30       0x2a c:/eclipse/gnumcueclipse/toolchain/gd_rv/riscv64-unknown-elf-gcc-8.2.0-2019.02.0-x86_64-w64-mingw32/bin/../lib/gcc/riscv64-unknown-elf/8.2.0/../../../../riscv64-unknown-elf/lib/rv32imac/ilp32\libc.a(lib_a-closer.o)
                0x0000000008006f30                _close_r
 .text          0x0000000008006f5a       0x9c c:/eclipse/gnumcueclipse/toolchain/gd_rv/riscv64-unknown-elf-gcc-8.2.0-2019.02.0-x86_64-w64-mingw32/bin/../lib/gcc/riscv64-unknown-elf/8.2.0/../../../../riscv64-unknown-elf/lib/rv32imac/ilp32\libc.a(lib_a-fclose.o)
                0x0000000008006f5a                _fclose_r
                0x0000000008006fe8                fclose
 .text          0x0000000008006ff6     0x160e c:/eclipse/gnumcueclipse/toolchain/gd_rv/riscv64-unknown-elf-gcc-8.2.0-2019.02.0-x86_64-w64-mingw32/bin/../lib/gcc/riscv64-unknown-elf/8.2.0/../../../../riscv64-unknown-elf/lib/rv32imac/ilp32\libc.a(lib_a-ldtoa.o)
                0x0000000008007cd4                _ldtoa_r
                0x00000000080085c6                _ldcheck
 .text          0x0000000008008604       0x3e c:/eclipse/gnumcueclipse/toolchain/gd_rv/riscv64-unknown-elf-gcc-8.2.0-2019.02.0-x86_64-w64-mingw32/bin/../lib/gcc/riscv64-unknown-elf/8.2.0/../../../../riscv64-unknown-elf/lib/rv32imac/ilp32\libc.a(lib_a-localeconv.o)
                0x0000000008008604                __localeconv_l
                0x000000000800860a                _localeconv_r
                0x0000000008008626                localeconv
 .text          0x0000000008008642       0xa6 c:/eclipse/gnumcueclipse/toolchain/gd_rv/riscv64-unknown-elf-gcc-8.2.0-2019.02.0-x86_64-w64-mingw32/bin/../lib/gcc/riscv64-unknown-elf/8.2.0/../../../../riscv64-unknown-elf/lib/rv32imac/ilp32\libc.a(lib_a-locale.o)
                0x0000000008008642                _setlocale_r
                0x000000000800869a                __locale_mb_cur_max
                0x00000000080086b6                __locale_ctype_ptr_l
                0x00000000080086bc                __locale_ctype_ptr
                0x00000000080086d8                setlocale
 .text          0x00000000080086e8       0x2e c:/eclipse/gnumcueclipse/toolchain/gd_rv/riscv64-unknown-elf-gcc-8.2.0-2019.02.0-x86_64-w64-mingw32/bin/../lib/gcc/riscv64-unknown-elf/8.2.0/../../../../riscv64-unknown-elf/lib/rv32imac/ilp32\libc.a(lib_a-lseekr.o)
                0x00000000080086e8                _lseek_r
 .text          0x0000000008008716      0x106 c:/eclipse/gnumcueclipse/toolchain/gd_rv/riscv64-unknown-elf-gcc-8.2.0-2019.02.0-x86_64-w64-mingw32/bin/../lib/gcc/riscv64-unknown-elf/8.2.0/../../../../riscv64-unknown-elf/lib/rv32imac/ilp32\libc.a(lib_a-makebuf.o)
                0x0000000008008716                __swhatbuf_r
                0x000000000800877c                __smakebuf_r
 .text          0x000000000800881c       0x56 c:/eclipse/gnumcueclipse/toolchain/gd_rv/riscv64-unknown-elf-gcc-8.2.0-2019.02.0-x86_64-w64-mingw32/bin/../lib/gcc/riscv64-unknown-elf/8.2.0/../../../../riscv64-unknown-elf/lib/rv32imac/ilp32\libc.a(lib_a-mbtowc_r.o)
                0x000000000800881c                _mbtowc_r
                0x0000000008008838                __ascii_mbtowc
 .text          0x0000000008008872       0x1a c:/eclipse/gnumcueclipse/toolchain/gd_rv/riscv64-unknown-elf-gcc-8.2.0-2019.02.0-x86_64-w64-mingw32/bin/../lib/gcc/riscv64-unknown-elf/8.2.0/../../../../riscv64-unknown-elf/lib/rv32imac/ilp32\libc.a(lib_a-memchr.o)
                0x0000000008008872                memchr
 .text          0x000000000800888c      0x93c c:/eclipse/gnumcueclipse/toolchain/gd_rv/riscv64-unknown-elf-gcc-8.2.0-2019.02.0-x86_64-w64-mingw32/bin/../lib/gcc/riscv64-unknown-elf/8.2.0/../../../../riscv64-unknown-elf/lib/rv32imac/ilp32\libc.a(lib_a-mprec.o)
                0x000000000800888c                _Balloc
                0x00000000080088f2                _Bfree
                0x0000000008008906                __multadd
                0x000000000800899a                __s2b
                0x0000000008008a3a                __hi0bits
                0x0000000008008a80                __lo0bits
                0x0000000008008aea                __i2b
                0x0000000008008b04                __multiply
                0x0000000008008c46                __pow5mult
                0x0000000008008cd6                __lshift
                0x0000000008008da0                __mcmp
                0x0000000008008dd2                __mdiff
                0x0000000008008ebe                __ulp
                0x0000000008008f04                __b2d
                0x0000000008008fb6                __d2b
                0x0000000008009082                __ratio
                0x00000000080090f2                _mprec_log10
                0x000000000800914c                __copybits
                0x0000000008009182                __any_on
 .text          0x00000000080091c8       0x2e c:/eclipse/gnumcueclipse/toolchain/gd_rv/riscv64-unknown-elf-gcc-8.2.0-2019.02.0-x86_64-w64-mingw32/bin/../lib/gcc/riscv64-unknown-elf/8.2.0/../../../../riscv64-unknown-elf/lib/rv32imac/ilp32\libc.a(lib_a-readr.o)
                0x00000000080091c8                _read_r
 .text          0x00000000080091f6       0x7e c:/eclipse/gnumcueclipse/toolchain/gd_rv/riscv64-unknown-elf-gcc-8.2.0-2019.02.0-x86_64-w64-mingw32/bin/../lib/gcc/riscv64-unknown-elf/8.2.0/../../../../riscv64-unknown-elf/lib/rv32imac/ilp32\libc.a(lib_a-s_frexp.o)
                0x00000000080091f6                frexp
 .text          0x0000000008009274       0x82 c:/eclipse/gnumcueclipse/toolchain/gd_rv/riscv64-unknown-elf-gcc-8.2.0-2019.02.0-x86_64-w64-mingw32/bin/../lib/gcc/riscv64-unknown-elf/8.2.0/../../../../riscv64-unknown-elf/lib/rv32imac/ilp32\libc.a(lib_a-sprintf.o)
                0x0000000008009274                _sprintf_r
                0x00000000080092ae                sprintf
 .text          0x00000000080092f6     0x15de c:/eclipse/gnumcueclipse/toolchain/gd_rv/riscv64-unknown-elf-gcc-8.2.0-2019.02.0-x86_64-w64-mingw32/bin/../lib/gcc/riscv64-unknown-elf/8.2.0/../../../../riscv64-unknown-elf/lib/rv32imac/ilp32\libc.a(lib_a-svfprintf.o)
                0x00000000080092f6                _svfprintf_r
 .text          0x000000000800a8d4      0xa2a c:/eclipse/gnumcueclipse/toolchain/gd_rv/riscv64-unknown-elf-gcc-8.2.0-2019.02.0-x86_64-w64-mingw32/bin/../lib/gcc/riscv64-unknown-elf/8.2.0/../../../../riscv64-unknown-elf/lib/rv32imac/ilp32\libc.a(lib_a-vfiprintf.o)
                0x000000000800a8d4                __sprint_r
                0x000000000800a970                _vfiprintf_r
                0x000000000800b25e                vfiprintf
 .text          0x000000000800b2fe       0x3c c:/eclipse/gnumcueclipse/toolchain/gd_rv/riscv64-unknown-elf-gcc-8.2.0-2019.02.0-x86_64-w64-mingw32/bin/../lib/gcc/riscv64-unknown-elf/8.2.0/../../../../riscv64-unknown-elf/lib/rv32imac/ilp32\libc.a(lib_a-wctomb_r.o)
                0x000000000800b2fe                _wctomb_r
                0x000000000800b31a                __ascii_wctomb
 .text          0x000000000800b33a       0x78 c:/eclipse/gnumcueclipse/toolchain/gd_rv/riscv64-unknown-elf-gcc-8.2.0-2019.02.0-x86_64-w64-mingw32/bin/../lib/gcc/riscv64-unknown-elf/8.2.0/../../../../riscv64-unknown-elf/lib/rv32imac/ilp32\libc.a(lib_a-callocr.o)
                0x000000000800b33a                _calloc_r
 .text          0x000000000800b3b2      0x106 c:/eclipse/gnumcueclipse/toolchain/gd_rv/riscv64-unknown-elf-gcc-8.2.0-2019.02.0-x86_64-w64-mingw32/bin/../lib/gcc/riscv64-unknown-elf/8.2.0/../../../../riscv64-unknown-elf/lib/rv32imac/ilp32\libc.a(lib_a-fputwc.o)
                0x000000000800b3b2                __fputwc
                0x000000000800b466                _fputwc_r
                0x000000000800b484                fputwc
 .text          0x000000000800b4b8       0x2c c:/eclipse/gnumcueclipse/toolchain/gd_rv/riscv64-unknown-elf-gcc-8.2.0-2019.02.0-x86_64-w64-mingw32/bin/../lib/gcc/riscv64-unknown-elf/8.2.0/../../../../riscv64-unknown-elf/lib/rv32imac/ilp32\libc.a(lib_a-fstatr.o)
                0x000000000800b4b8                _fstat_r
 .text          0x000000000800b4e4      0x2dc c:/eclipse/gnumcueclipse/toolchain/gd_rv/riscv64-unknown-elf-gcc-8.2.0-2019.02.0-x86_64-w64-mingw32/bin/../lib/gcc/riscv64-unknown-elf/8.2.0/../../../../riscv64-unknown-elf/lib/rv32imac/ilp32\libc.a(lib_a-fvwrite.o)
                0x000000000800b4e4                __sfvwrite_r
 .text          0x000000000800b7c0       0x2a c:/eclipse/gnumcueclipse/toolchain/gd_rv/riscv64-unknown-elf-gcc-8.2.0-2019.02.0-x86_64-w64-mingw32/bin/../lib/gcc/riscv64-unknown-elf/8.2.0/../../../../riscv64-unknown-elf/lib/rv32imac/ilp32\libc.a(lib_a-isattyr.o)
                0x000000000800b7c0                _isatty_r
 .text          0x000000000800b7ea       0x4a c:/eclipse/gnumcueclipse/toolchain/gd_rv/riscv64-unknown-elf-gcc-8.2.0-2019.02.0-x86_64-w64-mingw32/bin/../lib/gcc/riscv64-unknown-elf/8.2.0/../../../../riscv64-unknown-elf/lib/rv32imac/ilp32\libc.a(lib_a-memmove.o)
                0x000000000800b7ea                memmove
 .text          0x000000000800b834      0x3a0 c:/eclipse/gnumcueclipse/toolchain/gd_rv/riscv64-unknown-elf-gcc-8.2.0-2019.02.0-x86_64-w64-mingw32/bin/../lib/gcc/riscv64-unknown-elf/8.2.0/../../../../riscv64-unknown-elf/lib/rv32imac/ilp32\libc.a(lib_a-reallocr.o)
                0x000000000800b834                _realloc_r
 .text          0x000000000800bbd4      0x9d0 c:/eclipse/gnumcueclipse/toolchain/gd_rv/riscv64-unknown-elf-gcc-8.2.0-2019.02.0-x86_64-w64-mingw32/bin/../lib/gcc/riscv64-unknown-elf/8.2.0/../../../../riscv64-unknown-elf/lib/rv32imac/ilp32\libc.a(lib_a-svfiprintf.o)
                0x000000000800bbd4                __ssprint_r
                0x000000000800bd08                _svfiprintf_r
 .text          0x000000000800c5a4       0x70 c:/eclipse/gnumcueclipse/toolchain/gd_rv/riscv64-unknown-elf-gcc-8.2.0-2019.02.0-x86_64-w64-mingw32/bin/../lib/gcc/riscv64-unknown-elf/8.2.0/../../../../riscv64-unknown-elf/lib/rv32imac/ilp32\libc.a(lib_a-wcrtomb.o)
                0x000000000800c5a4                _wcrtomb_r
                0x000000000800c602                wcrtomb
 .text          0x000000000800c614      0x352 c:/eclipse/gnumcueclipse/toolchain/gd_rv/riscv64-unknown-elf-gcc-8.2.0-2019.02.0-x86_64-w64-mingw32/bin/../lib/gcc/riscv64-unknown-elf/8.2.0/rv32imac/ilp32\libgcc.a(_umoddi3.o)
                0x000000000800c614                __umoddi3
 .text          0x000000000800c966      0x450 c:/eclipse/gnumcueclipse/toolchain/gd_rv/riscv64-unknown-elf-gcc-8.2.0-2019.02.0-x86_64-w64-mingw32/bin/../lib/gcc/riscv64-unknown-elf/8.2.0/rv32imac/ilp32\libgcc.a(muldf3.o)
                0x000000000800c966                __muldf3
 .text          0x000000000800cdb6       0xa6 c:/eclipse/gnumcueclipse/toolchain/gd_rv/riscv64-unknown-elf-gcc-8.2.0-2019.02.0-x86_64-w64-mingw32/bin/../lib/gcc/riscv64-unknown-elf/8.2.0/rv32imac/ilp32\libgcc.a(eqtf2.o)
                0x000000000800cdb6                __netf2
                0x000000000800cdb6                __eqtf2
 .text          0x000000000800ce5c       0xfa c:/eclipse/gnumcueclipse/toolchain/gd_rv/riscv64-unknown-elf-gcc-8.2.0-2019.02.0-x86_64-w64-mingw32/bin/../lib/gcc/riscv64-unknown-elf/8.2.0/rv32imac/ilp32\libgcc.a(getf2.o)
                0x000000000800ce5c                __gttf2
                0x000000000800ce5c                __getf2
 .text          0x000000000800cf56       0xfa c:/eclipse/gnumcueclipse/toolchain/gd_rv/riscv64-unknown-elf-gcc-8.2.0-2019.02.0-x86_64-w64-mingw32/bin/../lib/gcc/riscv64-unknown-elf/8.2.0/rv32imac/ilp32\libgcc.a(letf2.o)
                0x000000000800cf56                __lttf2
                0x000000000800cf56                __letf2
 .text          0x000000000800d050      0xb3c c:/eclipse/gnumcueclipse/toolchain/gd_rv/riscv64-unknown-elf-gcc-8.2.0-2019.02.0-x86_64-w64-mingw32/bin/../lib/gcc/riscv64-unknown-elf/8.2.0/rv32imac/ilp32\libgcc.a(multf3.o)
                0x000000000800d050                __multf3
 .text          0x000000000800db8c      0xe64 c:/eclipse/gnumcueclipse/toolchain/gd_rv/riscv64-unknown-elf-gcc-8.2.0-2019.02.0-x86_64-w64-mingw32/bin/../lib/gcc/riscv64-unknown-elf/8.2.0/rv32imac/ilp32\libgcc.a(subtf3.o)
                0x000000000800db8c                __subtf3
 .text          0x000000000800e9f0       0xec c:/eclipse/gnumcueclipse/toolchain/gd_rv/riscv64-unknown-elf-gcc-8.2.0-2019.02.0-x86_64-w64-mingw32/bin/../lib/gcc/riscv64-unknown-elf/8.2.0/rv32imac/ilp32\libgcc.a(fixtfsi.o)
                0x000000000800e9f0                __fixtfsi
 .text          0x000000000800eadc       0xfa c:/eclipse/gnumcueclipse/toolchain/gd_rv/riscv64-unknown-elf-gcc-8.2.0-2019.02.0-x86_64-w64-mingw32/bin/../lib/gcc/riscv64-unknown-elf/8.2.0/rv32imac/ilp32\libgcc.a(floatsitf.o)
                0x000000000800eadc                __floatsitf
 .text          0x000000000800ebd6      0x156 c:/eclipse/gnumcueclipse/toolchain/gd_rv/riscv64-unknown-elf-gcc-8.2.0-2019.02.0-x86_64-w64-mingw32/bin/../lib/gcc/riscv64-unknown-elf/8.2.0/rv32imac/ilp32\libgcc.a(extenddftf2.o)
                0x000000000800ebd6                __extenddftf2
 .text          0x000000000800ed2c      0x230 c:/eclipse/gnumcueclipse/toolchain/gd_rv/riscv64-unknown-elf-gcc-8.2.0-2019.02.0-x86_64-w64-mingw32/bin/../lib/gcc/riscv64-unknown-elf/8.2.0/rv32imac/ilp32\libgcc.a(trunctfdf2.o)
                0x000000000800ed2c                __trunctfdf2
 *(.gnu.linkonce.t.*)

.sdata2.COM_CLK
                0x000000000800ef5c        0x8
 .sdata2.COM_CLK
                0x000000000800ef5c        0x8 build/gd32v103v_eval.o

.sdata2.COM_GPIO_CLK
                0x000000000800ef64        0x8
 .sdata2.COM_GPIO_CLK
                0x000000000800ef64        0x8 build/gd32v103v_eval.o

.sdata2.COM_GPIO_PORT
                0x000000000800ef6c        0x8
 .sdata2.COM_GPIO_PORT
                0x000000000800ef6c        0x8 build/gd32v103v_eval.o

.sdata2.COM_RX_PIN
                0x000000000800ef74        0x8
 .sdata2.COM_RX_PIN
                0x000000000800ef74        0x8 build/gd32v103v_eval.o

.sdata2.COM_TX_PIN
                0x000000000800ef7c        0x8
 .sdata2.COM_TX_PIN
                0x000000000800ef7c        0x8 build/gd32v103v_eval.o

.rela.dyn       0x000000000800ef84        0x0
 .rela.text.osTickStart
                0x000000000800ef84        0x0 build/los_hw_tick.o
 .rela.text.LOS_Schedule
                0x000000000800ef84        0x0 build/los_hw_tick.o
 .rela.text.osTskStackAlloc
                0x000000000800ef84        0x0 build/los_hw_tick.o
 .rela.text.LOS_KernelInit
                0x000000000800ef84        0x0 build/los_hw_tick.o
 .rela.text.osTickHandler
                0x000000000800ef84        0x0 build/los_hw_tick.o
 .rela.text.osTimesliceInit
                0x000000000800ef84        0x0 build/los_hw_tick.o
 .rela.text.osTimesliceCheck
                0x000000000800ef84        0x0 build/los_hw_tick.o
 .rela.text.osTaskSwitchCheck
                0x000000000800ef84        0x0 build/los_hw_tick.o
 .rela.text.osTaskAdd2TimerList
                0x000000000800ef84        0x0 build/los_hw_tick.o
 .rela.text.osTimerListDelete
                0x000000000800ef84        0x0 build/los_hw_tick.o
 .rela.text.osTaskScan
                0x000000000800ef84        0x0 build/los_hw_tick.o
 .rela.text.osTaskInit
                0x000000000800ef84        0x0 build/los_hw_tick.o
 .rela.text.LOS_CurTaskIDGet
                0x000000000800ef84        0x0 build/los_hw_tick.o
 .rela.text.osTaskMonInit
                0x000000000800ef84        0x0 build/los_hw_tick.o
 .rela.text.LOS_TaskCreateOnly
                0x000000000800ef84        0x0 build/los_hw_tick.o
 .rela.text.LOS_TaskCreate
                0x000000000800ef84        0x0 build/los_hw_tick.o
 .rela.text.osIdleTaskCreate
                0x000000000800ef84        0x0 build/los_hw_tick.o
 .rela.text.LOS_TaskDelete
                0x000000000800ef84        0x0 build/los_hw_tick.o
 .rela.text.osTaskEntry
                0x000000000800ef84        0x0 build/los_hw_tick.o
 .rela.text.osTaskWait
                0x000000000800ef84        0x0 build/los_hw_tick.o
 .rela.text.LOS_TaskYield
                0x000000000800ef84        0x0 build/los_hw_tick.o
 .rela.text.LOS_TaskDelay
                0x000000000800ef84        0x0 build/los_hw_tick.o
 .rela.text.osPriqueueInit
                0x000000000800ef84        0x0 build/los_hw_tick.o
 .rela.text.osPriqueueEnqueue
                0x000000000800ef84        0x0 build/los_hw_tick.o
 .rela.text.osPriqueueDequeue
                0x000000000800ef84        0x0 build/los_hw_tick.o
 .rela.text.osPriqueueTop
                0x000000000800ef84        0x0 build/los_hw_tick.o
 .rela.text.osPriqueueSize
                0x000000000800ef84        0x0 build/los_hw_tick.o
 .rela.text.osQueueInit
                0x000000000800ef84        0x0 build/los_hw_tick.o
 .rela.text.osSemInit
                0x000000000800ef84        0x0 build/los_hw_tick.o
 .rela.text.osMuxInit
                0x000000000800ef84        0x0 build/los_hw_tick.o
 .rela.text.LOS_MuxCreate
                0x000000000800ef84        0x0 build/los_hw_tick.o
 .rela.text.LOS_MuxPend
                0x000000000800ef84        0x0 build/los_hw_tick.o
 .rela.text.LOS_MuxPost
                0x000000000800ef84        0x0 build/los_hw_tick.o
 .rela.text.osMemSystemInit
                0x000000000800ef84        0x0 build/los_hw_tick.o
 .rela.text.LOS_ErrHandle
                0x000000000800ef84        0x0 build/los_hw_tick.o
 .rela.text._sbrk
                0x000000000800ef84        0x0 build/los_hw_tick.o
 .rela.sdata.curbrk.1523
                0x000000000800ef84        0x0 build/los_hw_tick.o
 .rela.text._write
                0x000000000800ef84        0x0 build/los_hw_tick.o
 .rela.text.startup.main
                0x000000000800ef84        0x0 build/los_hw_tick.o
 .rela.rodata.system_phys_mem
                0x000000000800ef84        0x0 build/los_hw_tick.o
 .rela.text.handle_trap
                0x000000000800ef84        0x0 build/los_hw_tick.o
 .rela.text     0x000000000800ef84        0x0 build/los_hw_tick.o
 .rela.init     0x000000000800ef84        0x0 build/los_hw_tick.o
 .rela.text.trap
                0x000000000800ef84        0x0 build/los_hw_tick.o

.fini
 *(SORT_NONE(.fini))
                0x000000000800ef84                . = ALIGN (0x4)
                [!provide]                        PROVIDE (__etext = .)
                [!provide]                        PROVIDE (_etext = .)
                [!provide]                        PROVIDE (etext = .)
                [!provide]                        PROVIDE (_eilm = .)

.preinit_array  0x000000000800ef84        0x0
                0x000000000800ef84                PROVIDE (__preinit_array_start = .)
 *(.preinit_array)
                0x000000000800ef84                PROVIDE (__preinit_array_end = .)

.init_array     0x000000000800ef84        0x0
                0x000000000800ef84                PROVIDE (__init_array_start = .)
 *(SORT_BY_INIT_PRIORITY(.init_array.*) SORT_BY_INIT_PRIORITY(.ctors.*))
 *(.init_array EXCLUDE_FILE(*crtend?.o *crtend.o *crtbegin?.o *crtbegin.o) .ctors)
                0x000000000800ef84                PROVIDE (__init_array_end = .)

.fini_array     0x000000000800ef84        0x0
                0x000000000800ef84                PROVIDE (__fini_array_start = .)
 *(SORT_BY_INIT_PRIORITY(.fini_array.*) SORT_BY_INIT_PRIORITY(.dtors.*))
 *(.fini_array EXCLUDE_FILE(*crtend?.o *crtend.o *crtbegin?.o *crtbegin.o) .dtors)
                0x000000000800ef84                PROVIDE (__fini_array_end = .)

.ctors
 *crtbegin.o(.ctors)
 *crtbegin?.o(.ctors)
 *(EXCLUDE_FILE(*crtend?.o *crtend.o) .ctors)
 *(SORT_BY_NAME(.ctors.*))
 *(.ctors)

.dtors
 *crtbegin.o(.dtors)
 *crtbegin?.o(.dtors)
 *(EXCLUDE_FILE(*crtend?.o *crtend.o) .dtors)
 *(SORT_BY_NAME(.dtors.*))
 *(.dtors)
                0x000000000800ef84                . = ALIGN (0x4)
                [!provide]                        PROVIDE (_eilm = .)

.lalign         0x000000000800ef84        0x0
                0x000000000800ef84                . = ALIGN (0x4)
                0x000000000800ef84                PROVIDE (_data_lma = .)

.dalign         0x0000000020000000        0x0 load address 0x000000000800ef84
                0x0000000020000000                . = ALIGN (0x4)
                0x0000000020000000                PROVIDE (_data = .)

.data           0x0000000020000000      0x9cc load address 0x000000000800ef84
 *(.rdata)
 *(.gnu.linkonce.r.*)
 *(.data .data.*)
 .data          0x0000000020000000      0x428 c:/eclipse/gnumcueclipse/toolchain/gd_rv/riscv64-unknown-elf-gcc-8.2.0-2019.02.0-x86_64-w64-mingw32/bin/../lib/gcc/riscv64-unknown-elf/8.2.0/../../../../riscv64-unknown-elf/lib/rv32imac/ilp32\libc.a(lib_a-impure.o)
 .data          0x0000000020000428      0x408 c:/eclipse/gnumcueclipse/toolchain/gd_rv/riscv64-unknown-elf-gcc-8.2.0-2019.02.0-x86_64-w64-mingw32/bin/../lib/gcc/riscv64-unknown-elf/8.2.0/../../../../riscv64-unknown-elf/lib/rv32imac/ilp32\libc.a(lib_a-mallocr.o)
                0x0000000020000428                __malloc_av_
 .data          0x0000000020000830      0x16c c:/eclipse/gnumcueclipse/toolchain/gd_rv/riscv64-unknown-elf-gcc-8.2.0-2019.02.0-x86_64-w64-mingw32/bin/../lib/gcc/riscv64-unknown-elf/8.2.0/../../../../riscv64-unknown-elf/lib/rv32imac/ilp32\libc.a(lib_a-locale.o)
                0x0000000020000830                __global_locale
 *(.gnu.linkonce.d.*)
                0x00000000200009a0                . = ALIGN (0x8)
 *fill*         0x000000002000099c        0x4 
                0x00000000200011a0                PROVIDE (__global_pointer$ = (. + 0x800))
 *(.sdata .sdata.*)
 .sdata.curbrk.1523
                0x00000000200009a0        0x4 build/sbrk.o
 .sdata         0x00000000200009a4        0x4 c:/eclipse/gnumcueclipse/toolchain/gd_rv/riscv64-unknown-elf-gcc-8.2.0-2019.02.0-x86_64-w64-mingw32/bin/../lib/gcc/riscv64-unknown-elf/8.2.0/../../../../riscv64-unknown-elf/lib/rv32imac/ilp32\libc.a(lib_a-impure.o)
                0x00000000200009a4                _impure_ptr
 .sdata         0x00000000200009a8        0x8 c:/eclipse/gnumcueclipse/toolchain/gd_rv/riscv64-unknown-elf-gcc-8.2.0-2019.02.0-x86_64-w64-mingw32/bin/../lib/gcc/riscv64-unknown-elf/8.2.0/../../../../riscv64-unknown-elf/lib/rv32imac/ilp32\libc.a(lib_a-mallocr.o)
                0x00000000200009a8                __malloc_sbrk_base
                0x00000000200009ac                __malloc_trim_threshold
 *(.gnu.linkonce.s.*)
                0x00000000200009b0                . = ALIGN (0x8)
 *(.srodata.cst16)
 *(.srodata.cst8)
 .srodata.cst8  0x00000000200009b0       0x10 c:/eclipse/gnumcueclipse/toolchain/gd_rv/riscv64-unknown-elf-gcc-8.2.0-2019.02.0-x86_64-w64-mingw32/bin/../lib/gcc/riscv64-unknown-elf/8.2.0/../../../../riscv64-unknown-elf/lib/rv32imac/ilp32\libc.a(lib_a-mprec.o)
 .srodata.cst8  0x00000000200009c0        0x8 c:/eclipse/gnumcueclipse/toolchain/gd_rv/riscv64-unknown-elf-gcc-8.2.0-2019.02.0-x86_64-w64-mingw32/bin/../lib/gcc/riscv64-unknown-elf/8.2.0/../../../../riscv64-unknown-elf/lib/rv32imac/ilp32\libc.a(lib_a-s_frexp.o)
 *(.srodata.cst4)
 *(.srodata.cst2)
 *(.srodata .srodata.*)
 .srodata       0x00000000200009c8        0x4 c:/eclipse/gnumcueclipse/toolchain/gd_rv/riscv64-unknown-elf-gcc-8.2.0-2019.02.0-x86_64-w64-mingw32/bin/../lib/gcc/riscv64-unknown-elf/8.2.0/../../../../riscv64-unknown-elf/lib/rv32imac/ilp32\libc.a(lib_a-impure.o)
                0x00000000200009c8                _global_impure_ptr
                0x00000000200009cc                . = ALIGN (0x4)
                0x00000000200009cc                PROVIDE (_edata = .)
                [!provide]                        PROVIDE (edata = .)
                [!provide]                        PROVIDE (_fbss = .)
                0x00000000200009cc                PROVIDE (__bss_start = .)

.bss            0x00000000200009d0      0x270
 *(.sbss*)
 .sbss.g_vuwIntCount
                0x00000000200009d0        0x4 build/los_hwi.o
                0x00000000200009d0                g_vuwIntCount
 .sbss.g_bSysTickStart
                0x00000000200009d4        0x4 build/los_tick.o
                0x00000000200009d4                g_bSysTickStart
 .sbss.g_pfnTskSwitchHook
                0x00000000200009d8        0x4 build/los_task.o
                0x00000000200009d8                g_pfnTskSwitchHook
 .sbss.g_pfnUsrTskSwitchHook
                0x00000000200009dc        0x4 build/los_task.o
                0x00000000200009dc                g_pfnUsrTskSwitchHook
 .sbss.g_uwPriQueueBitmap
                0x00000000200009e0        0x4 build/los_priqueue.o
 .sbss.g_pstAllMux
                0x00000000200009e4        0x4 build/los_mux.o
                0x00000000200009e4                g_pstAllMux
 .sbss.g_TaskID1
                0x00000000200009e8        0x4 build/main.o
 .sbss.g_TaskID2
                0x00000000200009ec        0x4 build/main.o
 .sbss.g_TaskID3
                0x00000000200009f0        0x4 build/main.o
 .sbss          0x00000000200009f4        0xc c:/eclipse/gnumcueclipse/toolchain/gd_rv/riscv64-unknown-elf-gcc-8.2.0-2019.02.0-x86_64-w64-mingw32/bin/../lib/gcc/riscv64-unknown-elf/8.2.0/../../../../riscv64-unknown-elf/lib/rv32imac/ilp32\libc.a(lib_a-mallocr.o)
                0x00000000200009f4                __malloc_max_total_mem
                0x00000000200009f8                __malloc_max_sbrked_mem
                0x00000000200009fc                __malloc_top_pad
 *(.gnu.linkonce.sb.*)
 *(.bss .bss.*)
 .bss.s_astAllMux.2185
                0x0000000020000a00       0x30 build/los_mux.o
 .bss           0x0000000020000a30       0x28 c:/eclipse/gnumcueclipse/toolchain/gd_rv/riscv64-unknown-elf-gcc-8.2.0-2019.02.0-x86_64-w64-mingw32/bin/../lib/gcc/riscv64-unknown-elf/8.2.0/../../../../riscv64-unknown-elf/lib/rv32imac/ilp32\libc.a(lib_a-mallocr.o)
                0x0000000020000a30                __malloc_current_mallinfo
 *(.gnu.linkonce.b.*)
 *(COMMON)
 COMMON         0x0000000020000a58        0x4 build/los_hw_tick.o
                0x0000000020000a58                g_uwCyclesPerTick
 COMMON         0x0000000020000a5c        0x4 build/los_init.o
                0x0000000020000a5c                m_aucSysMem0
 COMMON         0x0000000020000a60       0x14 build/los_tick.o
                0x0000000020000a60                g_ullTickCount
                0x0000000020000a68                g_uwSysClock
                0x0000000020000a6c                g_uwCyclePerSec
                0x0000000020000a70                g_uwTicksPerSec
 COMMON         0x0000000020000a74        0x8 build/los_timeslice.o
                0x0000000020000a74                g_stTaskTimeSlice
 COMMON         0x0000000020000a7c      0x198 build/los_task.o
                0x0000000020000a7c                g_uwIdleTaskID
                0x0000000020000a80                g_uwSwtmrTaskID
                0x0000000020000a84                g_stTskRecyleList
                0x0000000020000a8c                g_stTskSortLink
                0x0000000020000a94                g_pstTaskCBArray
                0x0000000020000a98                g_uwTskMaxNum
                0x0000000020000a9c                g_usLosTaskLock
                0x0000000020000aa0                g_stLosTask
                0x0000000020000aa8                g_bTaskScheduled
                0x0000000020000aac                g_stLosFreeTask
                0x0000000020000ab4                g_astTskSwitchInfo
                0x0000000020000c0c                g_stTaskTimerList
 COMMON         0x0000000020000c14        0x4 build/los_priqueue.o
                0x0000000020000c14                g_pstLosPriorityQueueList
 COMMON         0x0000000020000c18        0xc build/los_queue.o
                0x0000000020000c18                g_stFreeQueueList
                0x0000000020000c20                g_pstAllQueue
 COMMON         0x0000000020000c24        0xc build/los_sem.o
                0x0000000020000c24                g_stUnusedSemList
                0x0000000020000c2c                g_pstAllSem
 COMMON         0x0000000020000c30        0x8 build/los_mux.o
                0x0000000020000c30                g_stUnusedMuxList
 COMMON         0x0000000020000c38        0x4 build/los_err.o
                0x0000000020000c38                g_stUserErrFunc
 COMMON         0x0000000020000c3c        0x4 c:/eclipse/gnumcueclipse/toolchain/gd_rv/riscv64-unknown-elf-gcc-8.2.0-2019.02.0-x86_64-w64-mingw32/bin/../lib/gcc/riscv64-unknown-elf/8.2.0/../../../../riscv64-unknown-elf/lib/rv32imac/ilp32\libc.a(lib_a-reent.o)
                0x0000000020000c3c                errno
                0x0000000020000c40                . = ALIGN (0x4)
                0x0000000020000c40                . = ALIGN (0x8)
                0x0000000020000c40                PROVIDE (_end = .)
                [!provide]                        PROVIDE (end = .)

.stack          0x0000000020000c40      0x800
                0x0000000020000c40                PROVIDE (_heap_end = .)
                0x0000000000000800                . = __stack_size
 *fill*         0x0000000020000c40      0x800 
                0x0000000020001440                PROVIDE (_sp = .)

.heap           0x0000000020001440     0x6bc0
                0x0000000020001440                PROVIDE (__los_heap_addr_start__ = .)
                0x0000000000000c00                . = __heap_size
 *fill*         0x0000000020001440      0xc00 
                0x0000000020008000                . = (__heap_size == 0x0)?0x0:(ORIGIN (ram) + LENGTH (ram))
 *fill*         0x0000000020002040     0x5fc0 
                0x0000000020008000                PROVIDE (__los_heap_addr_end__ = .)
                [!provide]                        PROVIDE (_heap_end = .)
OUTPUT(build/Huawei_LiteOS.elf elf32-littleriscv)

.debug_info     0x0000000000000000    0x24895
 .debug_info    0x0000000000000000      0x7d9 build/los_hw_tick.o
 .debug_info    0x00000000000007d9      0x571 build/los_hwi.o
 .debug_info    0x0000000000000d4a      0x840 build/los_hw.o
 .debug_info    0x000000000000158a     0x1e2c build/rbtree.o
 .debug_info    0x00000000000033b6     0x1430 build/los_init.o
 .debug_info    0x00000000000047e6      0x5ca build/los_tick.o
 .debug_info    0x0000000000004db0      0x4ef build/los_timeslice.o
 .debug_info    0x000000000000529f     0x2af2 build/los_task.o
 .debug_info    0x0000000000007d91      0x736 build/los_priqueue.o
 .debug_info    0x00000000000084c7     0x20d8 build/los_queue.o
 .debug_info    0x000000000000a59f      0xda9 build/los_sem.o
 .debug_info    0x000000000000b348      0xcdf build/los_mux.o
 .debug_info    0x000000000000c027     0x168f build/los_memory.o
 .debug_info    0x000000000000d6b6     0x24bf build/los_heap.o
 .debug_info    0x000000000000fb75     0x1221 build/los_slab.o
 .debug_info    0x0000000000010d96      0x9c7 build/los_slabmem.o
 .debug_info    0x000000000001175d      0x4c5 build/los_misc.o
 .debug_info    0x0000000000011c22      0x1c1 build/los_err.o
 .debug_info    0x0000000000011de3      0x1ec build/system_gd32vf103.o
 .debug_info    0x0000000000011fcf      0x223 build/gd32vf103_eclic.o
 .debug_info    0x00000000000121f2      0x6a6 build/gd32vf103_gpio.o
 .debug_info    0x0000000000012898      0xea4 build/gd32vf103_rcu.o
 .debug_info    0x000000000001373c      0xc14 build/gd32vf103_usart.o
 .debug_info    0x0000000000014350     0x12c6 build/n22_func.o
 .debug_info    0x0000000000015616      0x9d5 build/close.o
 .debug_info    0x0000000000015feb      0x1b7 build/_exit.o
 .debug_info    0x00000000000161a2      0xc36 build/fstat.o
 .debug_info    0x0000000000016dd8       0xf4 build/isatty.o
 .debug_info    0x0000000000016ecc      0xa2e build/lseek.o
 .debug_info    0x00000000000178fa      0xa09 build/read.o
 .debug_info    0x0000000000018303       0xbd build/sbrk.o
 .debug_info    0x00000000000183c0      0xbde build/write.o
 .debug_info    0x0000000000018f9e      0x1a4 build/write_hex.o
 .debug_info    0x0000000000019142      0xbc7 build/gd32v103v_eval.o
 .debug_info    0x0000000000019d09     0x130a build/main.o
 .debug_info    0x000000000001b013      0xae7 build/handlers.o
 .debug_info    0x000000000001bafa      0xbb4 build/init.o
 .debug_info    0x000000000001c6ae       0x26 build/los_dispatch.o
 .debug_info    0x000000000001c6d4       0x26 build/start.o
 .debug_info    0x000000000001c6fa       0x22 build/entry.o
 .debug_info    0x000000000001c71c      0xbac c:/eclipse/gnumcueclipse/toolchain/gd_rv/riscv64-unknown-elf-gcc-8.2.0-2019.02.0-x86_64-w64-mingw32/bin/../lib/gcc/riscv64-unknown-elf/8.2.0/rv32imac/ilp32\libgcc.a(_clzsi2.o)
 .debug_info    0x000000000001d2c8     0x121a c:/eclipse/gnumcueclipse/toolchain/gd_rv/riscv64-unknown-elf-gcc-8.2.0-2019.02.0-x86_64-w64-mingw32/bin/../lib/gcc/riscv64-unknown-elf/8.2.0/rv32imac/ilp32\libgcc.a(_udivdi3.o)
 .debug_info    0x000000000001e4e2      0x730 c:/eclipse/gnumcueclipse/toolchain/gd_rv/riscv64-unknown-elf-gcc-8.2.0-2019.02.0-x86_64-w64-mingw32/bin/../lib/gcc/riscv64-unknown-elf/8.2.0/rv32imac/ilp32\libgcc.a(divdf3.o)
 .debug_info    0x000000000001ec12      0xb3f c:/eclipse/gnumcueclipse/toolchain/gd_rv/riscv64-unknown-elf-gcc-8.2.0-2019.02.0-x86_64-w64-mingw32/bin/../lib/gcc/riscv64-unknown-elf/8.2.0/rv32imac/ilp32\libgcc.a(_clz.o)
 .debug_info    0x000000000001f751     0x1278 c:/eclipse/gnumcueclipse/toolchain/gd_rv/riscv64-unknown-elf-gcc-8.2.0-2019.02.0-x86_64-w64-mingw32/bin/../lib/gcc/riscv64-unknown-elf/8.2.0/rv32imac/ilp32\libgcc.a(_umoddi3.o)
 .debug_info    0x00000000000209c9      0x768 c:/eclipse/gnumcueclipse/toolchain/gd_rv/riscv64-unknown-elf-gcc-8.2.0-2019.02.0-x86_64-w64-mingw32/bin/../lib/gcc/riscv64-unknown-elf/8.2.0/rv32imac/ilp32\libgcc.a(muldf3.o)
 .debug_info    0x0000000000021131      0x298 c:/eclipse/gnumcueclipse/toolchain/gd_rv/riscv64-unknown-elf-gcc-8.2.0-2019.02.0-x86_64-w64-mingw32/bin/../lib/gcc/riscv64-unknown-elf/8.2.0/rv32imac/ilp32\libgcc.a(eqtf2.o)
 .debug_info    0x00000000000213c9      0x294 c:/eclipse/gnumcueclipse/toolchain/gd_rv/riscv64-unknown-elf-gcc-8.2.0-2019.02.0-x86_64-w64-mingw32/bin/../lib/gcc/riscv64-unknown-elf/8.2.0/rv32imac/ilp32\libgcc.a(getf2.o)
 .debug_info    0x000000000002165d      0x294 c:/eclipse/gnumcueclipse/toolchain/gd_rv/riscv64-unknown-elf-gcc-8.2.0-2019.02.0-x86_64-w64-mingw32/bin/../lib/gcc/riscv64-unknown-elf/8.2.0/rv32imac/ilp32\libgcc.a(letf2.o)
 .debug_info    0x00000000000218f1     0x126c c:/eclipse/gnumcueclipse/toolchain/gd_rv/riscv64-unknown-elf-gcc-8.2.0-2019.02.0-x86_64-w64-mingw32/bin/../lib/gcc/riscv64-unknown-elf/8.2.0/rv32imac/ilp32\libgcc.a(multf3.o)
 .debug_info    0x0000000000022b5d      0xd83 c:/eclipse/gnumcueclipse/toolchain/gd_rv/riscv64-unknown-elf-gcc-8.2.0-2019.02.0-x86_64-w64-mingw32/bin/../lib/gcc/riscv64-unknown-elf/8.2.0/rv32imac/ilp32\libgcc.a(subtf3.o)
 .debug_info    0x00000000000238e0      0x2c5 c:/eclipse/gnumcueclipse/toolchain/gd_rv/riscv64-unknown-elf-gcc-8.2.0-2019.02.0-x86_64-w64-mingw32/bin/../lib/gcc/riscv64-unknown-elf/8.2.0/rv32imac/ilp32\libgcc.a(fixtfsi.o)
 .debug_info    0x0000000000023ba5      0x3c6 c:/eclipse/gnumcueclipse/toolchain/gd_rv/riscv64-unknown-elf-gcc-8.2.0-2019.02.0-x86_64-w64-mingw32/bin/../lib/gcc/riscv64-unknown-elf/8.2.0/rv32imac/ilp32\libgcc.a(floatsitf.o)
 .debug_info    0x0000000000023f6b      0x3ef c:/eclipse/gnumcueclipse/toolchain/gd_rv/riscv64-unknown-elf-gcc-8.2.0-2019.02.0-x86_64-w64-mingw32/bin/../lib/gcc/riscv64-unknown-elf/8.2.0/rv32imac/ilp32\libgcc.a(extenddftf2.o)
 .debug_info    0x000000000002435a      0x53b c:/eclipse/gnumcueclipse/toolchain/gd_rv/riscv64-unknown-elf-gcc-8.2.0-2019.02.0-x86_64-w64-mingw32/bin/../lib/gcc/riscv64-unknown-elf/8.2.0/rv32imac/ilp32\libgcc.a(trunctfdf2.o)

.debug_abbrev   0x0000000000000000     0x7306
 .debug_abbrev  0x0000000000000000      0x1fa build/los_hw_tick.o
 .debug_abbrev  0x00000000000001fa      0x256 build/los_hwi.o
 .debug_abbrev  0x0000000000000450      0x22a build/los_hw.o
 .debug_abbrev  0x000000000000067a      0x37e build/rbtree.o
 .debug_abbrev  0x00000000000009f8      0x2e6 build/los_init.o
 .debug_abbrev  0x0000000000000cde      0x194 build/los_tick.o
 .debug_abbrev  0x0000000000000e72      0x165 build/los_timeslice.o
 .debug_abbrev  0x0000000000000fd7      0x567 build/los_task.o
 .debug_abbrev  0x000000000000153e      0x26c build/los_priqueue.o
 .debug_abbrev  0x00000000000017aa      0x42a build/los_queue.o
 .debug_abbrev  0x0000000000001bd4      0x328 build/los_sem.o
 .debug_abbrev  0x0000000000001efc      0x358 build/los_mux.o
 .debug_abbrev  0x0000000000002254      0x33a build/los_memory.o
 .debug_abbrev  0x000000000000258e      0x58e build/los_heap.o
 .debug_abbrev  0x0000000000002b1c      0x38f build/los_slab.o
 .debug_abbrev  0x0000000000002eab      0x230 build/los_slabmem.o
 .debug_abbrev  0x00000000000030db      0x1a4 build/los_misc.o
 .debug_abbrev  0x000000000000327f       0xf2 build/los_err.o
 .debug_abbrev  0x0000000000003371       0xde build/system_gd32vf103.o
 .debug_abbrev  0x000000000000344f       0xe5 build/gd32vf103_eclic.o
 .debug_abbrev  0x0000000000003534      0x212 build/gd32vf103_gpio.o
 .debug_abbrev  0x0000000000003746      0x225 build/gd32vf103_rcu.o
 .debug_abbrev  0x000000000000396b      0x1d5 build/gd32vf103_usart.o
 .debug_abbrev  0x0000000000003b40      0x414 build/n22_func.o
 .debug_abbrev  0x0000000000003f54      0x20b build/close.o
 .debug_abbrev  0x000000000000415f       0xe8 build/_exit.o
 .debug_abbrev  0x0000000000004247      0x237 build/fstat.o
 .debug_abbrev  0x000000000000447e       0x73 build/isatty.o
 .debug_abbrev  0x00000000000044f1      0x237 build/lseek.o
 .debug_abbrev  0x0000000000004728      0x21c build/read.o
 .debug_abbrev  0x0000000000004944       0xaa build/sbrk.o
 .debug_abbrev  0x00000000000049ee      0x2b9 build/write.o
 .debug_abbrev  0x0000000000004ca7       0xf7 build/write_hex.o
 .debug_abbrev  0x0000000000004d9e      0x1ab build/gd32v103v_eval.o
 .debug_abbrev  0x0000000000004f49      0x2cb build/main.o
 .debug_abbrev  0x0000000000005214      0x280 build/handlers.o
 .debug_abbrev  0x0000000000005494      0x256 build/init.o
 .debug_abbrev  0x00000000000056ea       0x14 build/los_dispatch.o
 .debug_abbrev  0x00000000000056fe       0x14 build/start.o
 .debug_abbrev  0x0000000000005712       0x12 build/entry.o
 .debug_abbrev  0x0000000000005724      0x242 c:/eclipse/gnumcueclipse/toolchain/gd_rv/riscv64-unknown-elf-gcc-8.2.0-2019.02.0-x86_64-w64-mingw32/bin/../lib/gcc/riscv64-unknown-elf/8.2.0/rv32imac/ilp32\libgcc.a(_clzsi2.o)
 .debug_abbrev  0x0000000000005966      0x2cc c:/eclipse/gnumcueclipse/toolchain/gd_rv/riscv64-unknown-elf-gcc-8.2.0-2019.02.0-x86_64-w64-mingw32/bin/../lib/gcc/riscv64-unknown-elf/8.2.0/rv32imac/ilp32\libgcc.a(_udivdi3.o)
 .debug_abbrev  0x0000000000005c32      0x187 c:/eclipse/gnumcueclipse/toolchain/gd_rv/riscv64-unknown-elf-gcc-8.2.0-2019.02.0-x86_64-w64-mingw32/bin/../lib/gcc/riscv64-unknown-elf/8.2.0/rv32imac/ilp32\libgcc.a(divdf3.o)
 .debug_abbrev  0x0000000000005db9      0x1e8 c:/eclipse/gnumcueclipse/toolchain/gd_rv/riscv64-unknown-elf-gcc-8.2.0-2019.02.0-x86_64-w64-mingw32/bin/../lib/gcc/riscv64-unknown-elf/8.2.0/rv32imac/ilp32\libgcc.a(_clz.o)
 .debug_abbrev  0x0000000000005fa1      0x2e8 c:/eclipse/gnumcueclipse/toolchain/gd_rv/riscv64-unknown-elf-gcc-8.2.0-2019.02.0-x86_64-w64-mingw32/bin/../lib/gcc/riscv64-unknown-elf/8.2.0/rv32imac/ilp32\libgcc.a(_umoddi3.o)
 .debug_abbrev  0x0000000000006289      0x18e c:/eclipse/gnumcueclipse/toolchain/gd_rv/riscv64-unknown-elf-gcc-8.2.0-2019.02.0-x86_64-w64-mingw32/bin/../lib/gcc/riscv64-unknown-elf/8.2.0/rv32imac/ilp32\libgcc.a(muldf3.o)
 .debug_abbrev  0x0000000000006417      0x18b c:/eclipse/gnumcueclipse/toolchain/gd_rv/riscv64-unknown-elf-gcc-8.2.0-2019.02.0-x86_64-w64-mingw32/bin/../lib/gcc/riscv64-unknown-elf/8.2.0/rv32imac/ilp32\libgcc.a(eqtf2.o)
 .debug_abbrev  0x00000000000065a2      0x19e c:/eclipse/gnumcueclipse/toolchain/gd_rv/riscv64-unknown-elf-gcc-8.2.0-2019.02.0-x86_64-w64-mingw32/bin/../lib/gcc/riscv64-unknown-elf/8.2.0/rv32imac/ilp32\libgcc.a(getf2.o)
 .debug_abbrev  0x0000000000006740      0x19e c:/eclipse/gnumcueclipse/toolchain/gd_rv/riscv64-unknown-elf-gcc-8.2.0-2019.02.0-x86_64-w64-mingw32/bin/../lib/gcc/riscv64-unknown-elf/8.2.0/rv32imac/ilp32\libgcc.a(letf2.o)
 .debug_abbrev  0x00000000000068de      0x1a8 c:/eclipse/gnumcueclipse/toolchain/gd_rv/riscv64-unknown-elf-gcc-8.2.0-2019.02.0-x86_64-w64-mingw32/bin/../lib/gcc/riscv64-unknown-elf/8.2.0/rv32imac/ilp32\libgcc.a(multf3.o)
 .debug_abbrev  0x0000000000006a86      0x1bd c:/eclipse/gnumcueclipse/toolchain/gd_rv/riscv64-unknown-elf-gcc-8.2.0-2019.02.0-x86_64-w64-mingw32/bin/../lib/gcc/riscv64-unknown-elf/8.2.0/rv32imac/ilp32\libgcc.a(subtf3.o)
 .debug_abbrev  0x0000000000006c43      0x1ac c:/eclipse/gnumcueclipse/toolchain/gd_rv/riscv64-unknown-elf-gcc-8.2.0-2019.02.0-x86_64-w64-mingw32/bin/../lib/gcc/riscv64-unknown-elf/8.2.0/rv32imac/ilp32\libgcc.a(fixtfsi.o)
 .debug_abbrev  0x0000000000006def      0x1b5 c:/eclipse/gnumcueclipse/toolchain/gd_rv/riscv64-unknown-elf-gcc-8.2.0-2019.02.0-x86_64-w64-mingw32/bin/../lib/gcc/riscv64-unknown-elf/8.2.0/rv32imac/ilp32\libgcc.a(floatsitf.o)
 .debug_abbrev  0x0000000000006fa4      0x1ab c:/eclipse/gnumcueclipse/toolchain/gd_rv/riscv64-unknown-elf-gcc-8.2.0-2019.02.0-x86_64-w64-mingw32/bin/../lib/gcc/riscv64-unknown-elf/8.2.0/rv32imac/ilp32\libgcc.a(extenddftf2.o)
 .debug_abbrev  0x000000000000714f      0x1b7 c:/eclipse/gnumcueclipse/toolchain/gd_rv/riscv64-unknown-elf-gcc-8.2.0-2019.02.0-x86_64-w64-mingw32/bin/../lib/gcc/riscv64-unknown-elf/8.2.0/rv32imac/ilp32\libgcc.a(trunctfdf2.o)

.debug_loc      0x0000000000000000    0x1a527
 .debug_loc     0x0000000000000000       0xa0 build/los_hw_tick.o
 .debug_loc     0x00000000000000a0      0x221 build/los_hwi.o
 .debug_loc     0x00000000000002c1      0x13c build/los_hw.o
 .debug_loc     0x00000000000003fd     0x1995 build/rbtree.o
 .debug_loc     0x0000000000001d92       0x5d build/los_init.o
 .debug_loc     0x0000000000001def     0x1580 build/los_task.o
 .debug_loc     0x000000000000336f      0x16c build/los_priqueue.o
 .debug_loc     0x00000000000034db     0x1dda build/los_queue.o
 .debug_loc     0x00000000000052b5      0x5df build/los_sem.o
 .debug_loc     0x0000000000005894      0x460 build/los_mux.o
 .debug_loc     0x0000000000005cf4      0x531 build/los_memory.o
 .debug_loc     0x0000000000006225      0xf3c build/los_heap.o
 .debug_loc     0x0000000000007161      0xb70 build/los_slab.o
 .debug_loc     0x0000000000007cd1      0x80c build/los_slabmem.o
 .debug_loc     0x00000000000084dd       0xbd build/los_misc.o
 .debug_loc     0x000000000000859a       0xea build/los_err.o
 .debug_loc     0x0000000000008684      0x173 build/system_gd32vf103.o
 .debug_loc     0x00000000000087f7       0xbb build/gd32vf103_eclic.o
 .debug_loc     0x00000000000088b2      0x43e build/gd32vf103_gpio.o
 .debug_loc     0x0000000000008cf0      0xc58 build/gd32vf103_rcu.o
 .debug_loc     0x0000000000009948      0x703 build/gd32vf103_usart.o
 .debug_loc     0x000000000000a04b      0x622 build/n22_func.o
 .debug_loc     0x000000000000a66d       0x21 build/close.o
 .debug_loc     0x000000000000a68e       0x1e build/_exit.o
 .debug_loc     0x000000000000a6ac       0x58 build/fstat.o
 .debug_loc     0x000000000000a704       0x2e build/isatty.o
 .debug_loc     0x000000000000a732       0x63 build/lseek.o
 .debug_loc     0x000000000000a795       0x21 build/read.o
 .debug_loc     0x000000000000a7b6       0x21 build/sbrk.o
 .debug_loc     0x000000000000a7d7      0x150 build/write.o
 .debug_loc     0x000000000000a927       0xc9 build/write_hex.o
 .debug_loc     0x000000000000a9f0      0x1d2 build/gd32v103v_eval.o
 .debug_loc     0x000000000000abc2       0x3d build/main.o
 .debug_loc     0x000000000000abff       0x65 build/handlers.o
 .debug_loc     0x000000000000ac64       0x6b c:/eclipse/gnumcueclipse/toolchain/gd_rv/riscv64-unknown-elf-gcc-8.2.0-2019.02.0-x86_64-w64-mingw32/bin/../lib/gcc/riscv64-unknown-elf/8.2.0/rv32imac/ilp32\libgcc.a(_clzsi2.o)
 .debug_loc     0x000000000000accf      0xbd0 c:/eclipse/gnumcueclipse/toolchain/gd_rv/riscv64-unknown-elf-gcc-8.2.0-2019.02.0-x86_64-w64-mingw32/bin/../lib/gcc/riscv64-unknown-elf/8.2.0/rv32imac/ilp32\libgcc.a(_udivdi3.o)
 .debug_loc     0x000000000000b89f     0x1124 c:/eclipse/gnumcueclipse/toolchain/gd_rv/riscv64-unknown-elf-gcc-8.2.0-2019.02.0-x86_64-w64-mingw32/bin/../lib/gcc/riscv64-unknown-elf/8.2.0/rv32imac/ilp32\libgcc.a(divdf3.o)
 .debug_loc     0x000000000000c9c3      0x969 c:/eclipse/gnumcueclipse/toolchain/gd_rv/riscv64-unknown-elf-gcc-8.2.0-2019.02.0-x86_64-w64-mingw32/bin/../lib/gcc/riscv64-unknown-elf/8.2.0/rv32imac/ilp32\libgcc.a(_umoddi3.o)
 .debug_loc     0x000000000000d32c      0xdc4 c:/eclipse/gnumcueclipse/toolchain/gd_rv/riscv64-unknown-elf-gcc-8.2.0-2019.02.0-x86_64-w64-mingw32/bin/../lib/gcc/riscv64-unknown-elf/8.2.0/rv32imac/ilp32\libgcc.a(muldf3.o)
 .debug_loc     0x000000000000e0f0       0x87 c:/eclipse/gnumcueclipse/toolchain/gd_rv/riscv64-unknown-elf-gcc-8.2.0-2019.02.0-x86_64-w64-mingw32/bin/../lib/gcc/riscv64-unknown-elf/8.2.0/rv32imac/ilp32\libgcc.a(eqtf2.o)
 .debug_loc     0x000000000000e177       0xea c:/eclipse/gnumcueclipse/toolchain/gd_rv/riscv64-unknown-elf-gcc-8.2.0-2019.02.0-x86_64-w64-mingw32/bin/../lib/gcc/riscv64-unknown-elf/8.2.0/rv32imac/ilp32\libgcc.a(getf2.o)
 .debug_loc     0x000000000000e261       0xea c:/eclipse/gnumcueclipse/toolchain/gd_rv/riscv64-unknown-elf-gcc-8.2.0-2019.02.0-x86_64-w64-mingw32/bin/../lib/gcc/riscv64-unknown-elf/8.2.0/rv32imac/ilp32\libgcc.a(letf2.o)
 .debug_loc     0x000000000000e34b     0x8fad c:/eclipse/gnumcueclipse/toolchain/gd_rv/riscv64-unknown-elf-gcc-8.2.0-2019.02.0-x86_64-w64-mingw32/bin/../lib/gcc/riscv64-unknown-elf/8.2.0/rv32imac/ilp32\libgcc.a(multf3.o)
 .debug_loc     0x00000000000172f8     0x22d7 c:/eclipse/gnumcueclipse/toolchain/gd_rv/riscv64-unknown-elf-gcc-8.2.0-2019.02.0-x86_64-w64-mingw32/bin/../lib/gcc/riscv64-unknown-elf/8.2.0/rv32imac/ilp32\libgcc.a(subtf3.o)
 .debug_loc     0x00000000000195cf      0x302 c:/eclipse/gnumcueclipse/toolchain/gd_rv/riscv64-unknown-elf-gcc-8.2.0-2019.02.0-x86_64-w64-mingw32/bin/../lib/gcc/riscv64-unknown-elf/8.2.0/rv32imac/ilp32\libgcc.a(fixtfsi.o)
 .debug_loc     0x00000000000198d1      0x1f8 c:/eclipse/gnumcueclipse/toolchain/gd_rv/riscv64-unknown-elf-gcc-8.2.0-2019.02.0-x86_64-w64-mingw32/bin/../lib/gcc/riscv64-unknown-elf/8.2.0/rv32imac/ilp32\libgcc.a(floatsitf.o)
 .debug_loc     0x0000000000019ac9      0x417 c:/eclipse/gnumcueclipse/toolchain/gd_rv/riscv64-unknown-elf-gcc-8.2.0-2019.02.0-x86_64-w64-mingw32/bin/../lib/gcc/riscv64-unknown-elf/8.2.0/rv32imac/ilp32\libgcc.a(extenddftf2.o)
 .debug_loc     0x0000000000019ee0      0x647 c:/eclipse/gnumcueclipse/toolchain/gd_rv/riscv64-unknown-elf-gcc-8.2.0-2019.02.0-x86_64-w64-mingw32/bin/../lib/gcc/riscv64-unknown-elf/8.2.0/rv32imac/ilp32\libgcc.a(trunctfdf2.o)

.debug_aranges  0x0000000000000000     0x1000
 .debug_aranges
                0x0000000000000000       0x38 build/los_hw_tick.o
 .debug_aranges
                0x0000000000000038       0x50 build/los_hwi.o
 .debug_aranges
                0x0000000000000088       0x40 build/los_hw.o
 .debug_aranges
                0x00000000000000c8       0xb0 build/rbtree.o
 .debug_aranges
                0x0000000000000178       0x38 build/los_init.o
 .debug_aranges
                0x00000000000001b0       0x28 build/los_tick.o
 .debug_aranges
                0x00000000000001d8       0x28 build/los_timeslice.o
 .debug_aranges
                0x0000000000000200      0x140 build/los_task.o
 .debug_aranges
                0x0000000000000340       0x48 build/los_priqueue.o
 .debug_aranges
                0x0000000000000388       0x80 build/los_queue.o
 .debug_aranges
                0x0000000000000408       0x50 build/los_sem.o
 .debug_aranges
                0x0000000000000458       0x40 build/los_mux.o
 .debug_aranges
                0x0000000000000498       0x68 build/los_memory.o
 .debug_aranges
                0x0000000000000500       0x80 build/los_heap.o
 .debug_aranges
                0x0000000000000580       0xb0 build/los_slab.o
 .debug_aranges
                0x0000000000000630       0x58 build/los_slabmem.o
 .debug_aranges
                0x0000000000000688       0x28 build/los_misc.o
 .debug_aranges
                0x00000000000006b0       0x20 build/los_err.o
 .debug_aranges
                0x00000000000006d0       0x28 build/system_gd32vf103.o
 .debug_aranges
                0x00000000000006f8       0x40 build/gd32vf103_eclic.o
 .debug_aranges
                0x0000000000000738       0xa0 build/gd32vf103_gpio.o
 .debug_aranges
                0x00000000000007d8      0x160 build/gd32vf103_rcu.o
 .debug_aranges
                0x0000000000000938      0x170 build/gd32vf103_usart.o
 .debug_aranges
                0x0000000000000aa8      0x100 build/n22_func.o
 .debug_aranges
                0x0000000000000ba8       0x20 build/close.o
 .debug_aranges
                0x0000000000000bc8       0x20 build/_exit.o
 .debug_aranges
                0x0000000000000be8       0x20 build/fstat.o
 .debug_aranges
                0x0000000000000c08       0x20 build/isatty.o
 .debug_aranges
                0x0000000000000c28       0x20 build/lseek.o
 .debug_aranges
                0x0000000000000c48       0x20 build/read.o
 .debug_aranges
                0x0000000000000c68       0x20 build/sbrk.o
 .debug_aranges
                0x0000000000000c88       0x30 build/write.o
 .debug_aranges
                0x0000000000000cb8       0x20 build/write_hex.o
 .debug_aranges
                0x0000000000000cd8       0x50 build/gd32v103v_eval.o
 .debug_aranges
                0x0000000000000d28       0x48 build/main.o
 .debug_aranges
                0x0000000000000d70       0x28 build/handlers.o
 .debug_aranges
                0x0000000000000d98       0x28 build/init.o
 .debug_aranges
                0x0000000000000dc0       0x20 build/los_dispatch.o
 .debug_aranges
                0x0000000000000de0       0x20 build/start.o
 .debug_aranges
                0x0000000000000e00       0x28 build/entry.o
 .debug_aranges
                0x0000000000000e28       0x20 c:/eclipse/gnumcueclipse/toolchain/gd_rv/riscv64-unknown-elf-gcc-8.2.0-2019.02.0-x86_64-w64-mingw32/bin/../lib/gcc/riscv64-unknown-elf/8.2.0/rv32imac/ilp32\libgcc.a(_clzsi2.o)
 .debug_aranges
                0x0000000000000e48       0x20 c:/eclipse/gnumcueclipse/toolchain/gd_rv/riscv64-unknown-elf-gcc-8.2.0-2019.02.0-x86_64-w64-mingw32/bin/../lib/gcc/riscv64-unknown-elf/8.2.0/rv32imac/ilp32\libgcc.a(_udivdi3.o)
 .debug_aranges
                0x0000000000000e68       0x20 c:/eclipse/gnumcueclipse/toolchain/gd_rv/riscv64-unknown-elf-gcc-8.2.0-2019.02.0-x86_64-w64-mingw32/bin/../lib/gcc/riscv64-unknown-elf/8.2.0/rv32imac/ilp32\libgcc.a(divdf3.o)
 .debug_aranges
                0x0000000000000e88       0x18 c:/eclipse/gnumcueclipse/toolchain/gd_rv/riscv64-unknown-elf-gcc-8.2.0-2019.02.0-x86_64-w64-mingw32/bin/../lib/gcc/riscv64-unknown-elf/8.2.0/rv32imac/ilp32\libgcc.a(_clz.o)
 .debug_aranges
                0x0000000000000ea0       0x20 c:/eclipse/gnumcueclipse/toolchain/gd_rv/riscv64-unknown-elf-gcc-8.2.0-2019.02.0-x86_64-w64-mingw32/bin/../lib/gcc/riscv64-unknown-elf/8.2.0/rv32imac/ilp32\libgcc.a(_umoddi3.o)
 .debug_aranges
                0x0000000000000ec0       0x20 c:/eclipse/gnumcueclipse/toolchain/gd_rv/riscv64-unknown-elf-gcc-8.2.0-2019.02.0-x86_64-w64-mingw32/bin/../lib/gcc/riscv64-unknown-elf/8.2.0/rv32imac/ilp32\libgcc.a(muldf3.o)
 .debug_aranges
                0x0000000000000ee0       0x20 c:/eclipse/gnumcueclipse/toolchain/gd_rv/riscv64-unknown-elf-gcc-8.2.0-2019.02.0-x86_64-w64-mingw32/bin/../lib/gcc/riscv64-unknown-elf/8.2.0/rv32imac/ilp32\libgcc.a(eqtf2.o)
 .debug_aranges
                0x0000000000000f00       0x20 c:/eclipse/gnumcueclipse/toolchain/gd_rv/riscv64-unknown-elf-gcc-8.2.0-2019.02.0-x86_64-w64-mingw32/bin/../lib/gcc/riscv64-unknown-elf/8.2.0/rv32imac/ilp32\libgcc.a(getf2.o)
 .debug_aranges
                0x0000000000000f20       0x20 c:/eclipse/gnumcueclipse/toolchain/gd_rv/riscv64-unknown-elf-gcc-8.2.0-2019.02.0-x86_64-w64-mingw32/bin/../lib/gcc/riscv64-unknown-elf/8.2.0/rv32imac/ilp32\libgcc.a(letf2.o)
 .debug_aranges
                0x0000000000000f40       0x20 c:/eclipse/gnumcueclipse/toolchain/gd_rv/riscv64-unknown-elf-gcc-8.2.0-2019.02.0-x86_64-w64-mingw32/bin/../lib/gcc/riscv64-unknown-elf/8.2.0/rv32imac/ilp32\libgcc.a(multf3.o)
 .debug_aranges
                0x0000000000000f60       0x20 c:/eclipse/gnumcueclipse/toolchain/gd_rv/riscv64-unknown-elf-gcc-8.2.0-2019.02.0-x86_64-w64-mingw32/bin/../lib/gcc/riscv64-unknown-elf/8.2.0/rv32imac/ilp32\libgcc.a(subtf3.o)
 .debug_aranges