Archive member included to satisfy reference by file (symbol)

c:/users/administrator/.huawei-liteos-studio/tools/arm-none-eabi/bin/../lib/gcc/arm-none-eabi/9.2.1/../../../../arm-none-eabi/lib/thumb/v7e-m+fp/hard\libc_nano.a(lib_a-ctype_.o)
                              appbuild/iot_link/cJSON/cJSON.o (_ctype_)
c:/users/administrator/.huawei-liteos-studio/tools/arm-none-eabi/bin/../lib/gcc/arm-none-eabi/9.2.1/../../../../arm-none-eabi/lib/thumb/v7e-m+fp/hard\libc_nano.a(lib_a-exit.o)
                              c:/users/administrator/.huawei-liteos-studio/tools/arm-none-eabi/bin/../lib/gcc/arm-none-eabi/9.2.1/../../../../arm-none-eabi/lib/thumb/v7e-m+fp/hard/crt0.o (exit)
c:/users/administrator/.huawei-liteos-studio/tools/arm-none-eabi/bin/../lib/gcc/arm-none-eabi/9.2.1/../../../../arm-none-eabi/lib/thumb/v7e-m+fp/hard\libc_nano.a(lib_a-fflush.o)
                              appbuild/iot_link/os/osal/osal.o (fflush)
c:/users/administrator/.huawei-liteos-studio/tools/arm-none-eabi/bin/../lib/gcc/arm-none-eabi/9.2.1/../../../../arm-none-eabi/lib/thumb/v7e-m+fp/hard\libc_nano.a(lib_a-findfp.o)
                              c:/users/administrator/.huawei-liteos-studio/tools/arm-none-eabi/bin/../lib/gcc/arm-none-eabi/9.2.1/../../../../arm-none-eabi/lib/thumb/v7e-m+fp/hard\libc_nano.a(lib_a-fflush.o) (__sinit)
c:/users/administrator/.huawei-liteos-studio/tools/arm-none-eabi/bin/../lib/gcc/arm-none-eabi/9.2.1/../../../../arm-none-eabi/lib/thumb/v7e-m+fp/hard\libc_nano.a(lib_a-fwalk.o)
                              c:/users/administrator/.huawei-liteos-studio/tools/arm-none-eabi/bin/../lib/gcc/arm-none-eabi/9.2.1/../../../../arm-none-eabi/lib/thumb/v7e-m+fp/hard\libc_nano.a(lib_a-findfp.o) (_fwalk)
c:/users/administrator/.huawei-liteos-studio/tools/arm-none-eabi/bin/../lib/gcc/arm-none-eabi/9.2.1/../../../../arm-none-eabi/lib/thumb/v7e-m+fp/hard\libc_nano.a(lib_a-getchar.o)
                              appbuild/iot_link/shell/shell_main.o (getchar)
c:/users/administrator/.huawei-liteos-studio/tools/arm-none-eabi/bin/../lib/gcc/arm-none-eabi/9.2.1/../../../../arm-none-eabi/lib/thumb/v7e-m+fp/hard\libc_nano.a(lib_a-impure.o)
                              c:/users/administrator/.huawei-liteos-studio/tools/arm-none-eabi/bin/../lib/gcc/arm-none-eabi/9.2.1/../../../../arm-none-eabi/lib/thumb/v7e-m+fp/hard\libc_nano.a(lib_a-exit.o) (_global_impure_ptr)
c:/users/administrator/.huawei-liteos-studio/tools/arm-none-eabi/bin/../lib/gcc/arm-none-eabi/9.2.1/../../../../arm-none-eabi/lib/thumb/v7e-m+fp/hard\libc_nano.a(lib_a-init.o)
                              c:/users/administrator/.huawei-liteos-studio/tools/arm-none-eabi/bin/../lib/gcc/arm-none-eabi/9.2.1/../../../../arm-none-eabi/lib/thumb/v7e-m+fp/hard/crt0.o (__libc_init_array)
c:/users/administrator/.huawei-liteos-studio/tools/arm-none-eabi/bin/../lib/gcc/arm-none-eabi/9.2.1/../../../../arm-none-eabi/lib/thumb/v7e-m+fp/hard\libc_nano.a(lib_a-lock.o)
                              c:/users/administrator/.huawei-liteos-studio/tools/arm-none-eabi/bin/../lib/gcc/arm-none-eabi/9.2.1/../../../../arm-none-eabi/lib/thumb/v7e-m+fp/hard\libc_nano.a(lib_a-findfp.o) (__retarget_lock_init_recursive)
c:/users/administrator/.huawei-liteos-studio/tools/arm-none-eabi/bin/../lib/gcc/arm-none-eabi/9.2.1/../../../../arm-none-eabi/lib/thumb/v7e-m+fp/hard\libc_nano.a(lib_a-memcmp.o)
                              appbuild/iot_link/at/at.o (memcmp)
c:/users/administrator/.huawei-liteos-studio/tools/arm-none-eabi/bin/../lib/gcc/arm-none-eabi/9.2.1/../../../../arm-none-eabi/lib/thumb/v7e-m+fp/hard\libc_nano.a(lib_a-memcpy-stub.o)
                              appbuild/iot_link/link_misc/link_string.o (memcpy)
c:/users/administrator/.huawei-liteos-studio/tools/arm-none-eabi/bin/../lib/gcc/arm-none-eabi/9.2.1/../../../../arm-none-eabi/lib/thumb/v7e-m+fp/hard\libc_nano.a(lib_a-memset.o)
                              c:/users/administrator/.huawei-liteos-studio/tools/arm-none-eabi/bin/../lib/gcc/arm-none-eabi/9.2.1/../../../../arm-none-eabi/lib/thumb/v7e-m+fp/hard/crt0.o (memset)
c:/users/administrator/.huawei-liteos-studio/tools/arm-none-eabi/bin/../lib/gcc/arm-none-eabi/9.2.1/../../../../arm-none-eabi/lib/thumb/v7e-m+fp/hard\libc_nano.a(lib_a-nano-vfprintf_float.o)
                              (_printf_float)
c:/users/administrator/.huawei-liteos-studio/tools/arm-none-eabi/bin/../lib/gcc/arm-none-eabi/9.2.1/../../../../arm-none-eabi/lib/thumb/v7e-m+fp/hard\libc_nano.a(lib_a-nano-vfprintf_i.o)
                              c:/users/administrator/.huawei-liteos-studio/tools/arm-none-eabi/bin/../lib/gcc/arm-none-eabi/9.2.1/../../../../arm-none-eabi/lib/thumb/v7e-m+fp/hard\libc_nano.a(lib_a-nano-vfprintf_float.o) (_printf_common)
c:/users/administrator/.huawei-liteos-studio/tools/arm-none-eabi/bin/../lib/gcc/arm-none-eabi/9.2.1/../../../../arm-none-eabi/lib/thumb/v7e-m+fp/hard\libc_nano.a(lib_a-printf.o)
                              appbuild/iot_link/os/osal/osal.o (printf)
[...]
Memory Configuration

Name             Origin             Length             Attributes
RAM              0x20000000         0x00010000         xrw
FLASH            0x08000000         0x00040000         xr
*default*        0x00000000         0xffffffff

Linker script and memory map

LOAD c:/users/administrator/.huawei-liteos-studio/tools/arm-none-eabi/bin/../lib/gcc/arm-none-eabi/9.2.1/thumb/v7e-m+fp/hard/crti.o
LOAD c:/users/administrator/.huawei-liteos-studio/tools/arm-none-eabi/bin/../lib/gcc/arm-none-eabi/9.2.1/thumb/v7e-m+fp/hard/crtbegin.o
LOAD c:/users/administrator/.huawei-liteos-studio/tools/arm-none-eabi/bin/../lib/gcc/arm-none-eabi/9.2.1/../../../../arm-none-eabi/lib/thumb/v7e-m+fp/hard/crt0.o
LOAD appbuild/iot_link/link_misc/link_string.o
LOAD appbuild/iot_link/link_misc/link_random.o
LOAD appbuild/iot_link/link_misc/link_ring_buffer.o
LOAD appbuild/iot_link/link_log/link_log.o
LOAD appbuild/iot_link/os/osal/osal.o
LOAD appbuild/iot_link/os/liteos/arch/arm/arm-m/armv7-m/los_exc.o
LOAD appbuild/iot_link/os/liteos/arch/arm/arm-m/armv7-m/gcc/los_dispatch.o
LOAD appbuild/iot_link/os/liteos/arch/arm/arm-m/src/los_hw_tick.o
LOAD appbuild/iot_link/os/liteos/arch/arm/arm-m/src/los_hwi.o
LOAD appbuild/iot_link/os/liteos/arch/arm/arm-m/src/los_svc.o
LOAD appbuild/iot_link/os/liteos/arch/arm/arm-m/src/los_mpu.o
LOAD appbuild/iot_link/os/liteos/arch/arm/arm-m/src/los_hw.o
LOAD appbuild/iot_link/os/liteos/cmsis/cmsis_liteos.o
LOAD appbuild/iot_link/os/liteos/utils/rbtree.o
LOAD appbuild/iot_link/os/liteos/liteos_errno.o
LOAD appbuild/iot_link/os/liteos/newlib_stub.o
LOAD appbuild/iot_link/os/liteos/liteos_imp.o
LOAD appbuild/iot_link/os/liteos/malloc.o
LOAD appbuild/iot_link/os/liteos/los_init.o
LOAD appbuild/iot_link/os/liteos/base/core/los_tick.o
LOAD appbuild/iot_link/os/liteos/base/core/los_sys.o
LOAD appbuild/iot_link/os/liteos/base/core/los_timeslice.o
LOAD appbuild/iot_link/os/liteos/base/core/los_task.o
LOAD appbuild/iot_link/os/liteos/base/core/los_priqueue.o
LOAD appbuild/iot_link/os/liteos/base/core/los_swtmr.o
LOAD appbuild/iot_link/os/liteos/base/ipc/los_queue.o
LOAD appbuild/iot_link/os/liteos/base/ipc/los_event.o
LOAD appbuild/iot_link/os/liteos/base/ipc/los_sem.o
LOAD appbuild/iot_link/os/liteos/base/ipc/los_rwlock.o
LOAD appbuild/iot_link/os/liteos/base/ipc/los_mux.o
LOAD appbuild/iot_link/os/liteos/base/mem/heap/los_memory.o
LOAD appbuild/iot_link/os/liteos/base/mem/heap/los_heap.o
LOAD appbuild/iot_link/os/liteos/base/mem/membox/los_membox.o
LOAD appbuild/iot_link/os/liteos/base/mem/common/los_slab.o
LOAD appbuild/iot_link/os/liteos/base/mem/common/los_slabmem.o
LOAD appbuild/iot_link/os/liteos/base/mem/common/los_memcheck.o
LOAD appbuild/iot_link/os/liteos/base/misc/los_misc.o
LOAD appbuild/iot_link/os/liteos/base/om/los_err.o
LOAD appbuild/iot_link/os/liteos/extended/tickless/los_tickless.o
LOAD appbuild/iot_link/shell/shell_cmd.o
LOAD appbuild/iot_link/shell/shell_main.o
LOAD appbuild/iot_link/shell/shell_test.o
LOAD appbuild/iot_link/stimer/stimer.o
LOAD appbuild/iot_link/queue/queue.o
LOAD appbuild/iot_link/driver/driver.o
LOAD appbuild/iot_link/at/at.o
LOAD appbuild/iot_link/cJSON/cJSON.o
LOAD appbuild/iot_link/crc/crc32.o
LOAD appbuild/iot_link/crc/crc8.o
LOAD appbuild/iot_link/crc/crc16.o
LOAD appbuild/iot_link/oc/oc_lwm2m/oc_lwm2m_al/oc_lwm2m_al.o
LOAD appbuild/iot_link/oc/oc_lwm2m/boudica150_oc/boudica150_oc.o
LOAD appbuild/iot_link/demos/app_demo_main.o
LOAD appbuild/iot_link/link_main.o
LOAD appbuild/drivers/third_party/ST/STM32L4xx_HAL_Driver/Src/stm32l4xx_hal_flash.o
LOAD appbuild/drivers/third_party/ST/STM32L4xx_HAL_Driver/Src/stm32l4xx_hal_tim_ex.o
LOAD appbuild/drivers/third_party/ST/STM32L4xx_HAL_Driver/Src/stm32l4xx_hal_rcc.o
LOAD appbuild/drivers/third_party/ST/STM32L4xx_HAL_Driver/Src/stm32l4xx_hal_pwr_ex.o
LOAD appbuild/drivers/third_party/ST/STM32L4xx_HAL_Driver/Src/stm32l4xx_hal_pwr.o
LOAD appbuild/drivers/third_party/ST/STM32L4xx_HAL_Driver/Src/stm32l4xx_hal_gpio.o
LOAD appbuild/drivers/third_party/ST/STM32L4xx_HAL_Driver/Src/stm32l4xx_hal_rcc_ex.o
LOAD appbuild/drivers/third_party/ST/STM32L4xx_HAL_Driver/Src/stm32l4xx_hal_flash_ex.o
LOAD appbuild/drivers/third_party/ST/STM32L4xx_HAL_Driver/Src/stm32l4xx_hal_flash_ramfunc.o
LOAD appbuild/drivers/third_party/ST/STM32L4xx_HAL_Driver/Src/stm32l4xx_hal_cortex.o
LOAD appbuild/drivers/third_party/ST/STM32L4xx_HAL_Driver/Src/stm32l4xx_hal_uart.o
LOAD appbuild/drivers/third_party/ST/STM32L4xx_HAL_Driver/Src/stm32l4xx_hal_uart_ex.o
LOAD appbuild/drivers/third_party/ST/STM32L4xx_HAL_Driver/Src/stm32l4xx_hal.o
LOAD appbuild/drivers/third_party/ST/STM32L4xx_HAL_Driver/Src/stm32l4xx_hal_tim.o
LOAD appbuild/drivers/third_party/ST/STM32L4xx_HAL_Driver/Src/stm32l4xx_hal_spi.o
LOAD appbuild/drivers/third_party/ST/STM32L4xx_HAL_Driver/Src/stm32l4xx_hal_i2c.o
LOAD appbuild/drivers/third_party/ST/STM32L4xx_HAL_Driver/Src/stm32l4xx_hal_i2c_ex.o
LOAD appbuild/drivers/third_party/ST/STM32L4xx_HAL_Driver/Src/stm32l4xx_hal_iwdg.o
LOAD appbuild/drivers/third_party/ST/STM32L4xx_HAL_Driver/Src/stm32l4xx_hal_adc.o
LOAD appbuild/drivers/third_party/ST/STM32L4xx_HAL_Driver/Src/stm32l4xx_hal_dma.o
LOAD appbuild/drivers/third_party/ST/STM32L4xx_HAL_Driver/Src/stm32l4xx_hal_dma_ex.o
LOAD appbuild/drivers/third_party/ST/STM32L4xx_HAL_Driver/Src/stm32l4xx_hal_rng.o
LOAD appbuild/Hardware/Src/hal_iwdg.o
LOAD appbuild/Hardware/Src/hal_rng.o
LOAD appbuild/Hardware/Src/hal_qspi_flash.o
LOAD appbuild/Hardware/LCD/lcd.o
LOAD appbuild/Src/main.o
LOAD appbuild/Src/system_stm32l4xx.o
LOAD appbuild/Src/stm32l4xx_it.o
LOAD appbuild/Src/sys_init.o
LOAD appbuild/Src/usart.o
LOAD appbuild/Src/uart_debug.o
LOAD appbuild/Src/dwt.o
LOAD appbuild/Src/i2c.o
LOAD appbuild/Src/spi.o
LOAD appbuild/Src/gpio.o
LOAD appbuild/Src/Bossaylogo.o
LOAD appbuild/Src/Huawei_IoT_QR_Code.o
LOAD appbuild/uart_at/uart_at.o
LOAD appbuild/Demos/oc_manhole_cover_template/oc_manhole_cover_template.o
LOAD appbuild/Hardware/IoTBox/rsrvd_interface/E53_SC2.o
LOAD appbuild/iot_link/os/liteos/arch/arm/arm-m/armv7-m/gcc/los_startup.o
LOAD c:/users/administrator/.huawei-liteos-studio/tools/arm-none-eabi/bin/../lib/gcc/arm-none-eabi/9.2.1/../../../../arm-none-eabi/lib/thumb/v7e-m+fp/hard\libc_nano.a
LOAD c:/users/administrator/.huawei-liteos-studio/tools/arm-none-eabi/bin/../lib/gcc/arm-none-eabi/9.2.1/../../../../arm-none-eabi/lib/thumb/v7e-m+fp/hard\libm.a
LOAD c:/users/administrator/.huawei-liteos-studio/tools/arm-none-eabi/bin/../lib/gcc/arm-none-eabi/9.2.1/../../../../arm-none-eabi/lib/thumb/v7e-m+fp/hard\libnosys.a
START GROUP
LOAD c:/users/administrator/.huawei-liteos-studio/tools/arm-none-eabi/bin/../lib/gcc/arm-none-eabi/9.2.1/thumb/v7e-m+fp/hard\libgcc.a
LOAD c:/users/administrator/.huawei-liteos-studio/tools/arm-none-eabi/bin/../lib/gcc/arm-none-eabi/9.2.1/../../../../arm-none-eabi/lib/thumb/v7e-m+fp/hard\libc_nano.a
END GROUP
START GROUP
LOAD c:/users/administrator/.huawei-liteos-studio/tools/arm-none-eabi/bin/../lib/gcc/arm-none-eabi/9.2.1/thumb/v7e-m+fp/hard\libgcc.a
LOAD c:/users/administrator/.huawei-liteos-studio/tools/arm-none-eabi/bin/../lib/gcc/arm-none-eabi/9.2.1/../../../../arm-none-eabi/lib/thumb/v7e-m+fp/hard\libc_nano.a
END GROUP
LOAD c:/users/administrator/.huawei-liteos-studio/tools/arm-none-eabi/bin/../lib/gcc/arm-none-eabi/9.2.1/thumb/v7e-m+fp/hard/crtend.o
LOAD c:/users/administrator/.huawei-liteos-studio/tools/arm-none-eabi/bin/../lib/gcc/arm-none-eabi/9.2.1/thumb/v7e-m+fp/hard/crtn.o
                0x20010000                _estack = 0x20010000
                0x00000200                _Min_Heap_Size = 0x200
                0x00000400                _Min_Stack_Size = 0x400

.isr_vector     0x08000000      0x400
                0x08000000                . = ALIGN (0x8)
 *(.isr_vector)
 .isr_vector    0x08000000      0x400 appbuild/iot_link/os/liteos/arch/arm/arm-m/src/los_hwi.o
                0x08000000                g_pstHwiForm
                0x08000400                . = ALIGN (0x8)

.text           0x08000400    0x11a88
                0x08000400                . = ALIGN (0x8)
 *(.text)
 .text          0x08000400       0x40 c:/users/administrator/.huawei-liteos-studio/tools/arm-none-eabi/bin/../lib/gcc/arm-none-eabi/9.2.1/thumb/v7e-m+fp/hard/crtbegin.o
 .text          0x08000440       0x60 appbuild/iot_link/os/liteos/arch/arm/arm-m/armv7-m/gcc/los_startup.o
                0x08000440                Reset_Handler
 .text          0x080004a0       0x14 c:/users/administrator/.huawei-liteos-studio/tools/arm-none-eabi/bin/../lib/gcc/arm-none-eabi/9.2.1/../../../../arm-none-eabi/lib/thumb/v7e-m+fp/hard\libc_nano.a(lib_a-strcmp.o)
                0x080004a0                strcmp
 .text          0x080004b4       0x10 c:/users/administrator/.huawei-liteos-studio/tools/arm-none-eabi/bin/../lib/gcc/arm-none-eabi/9.2.1/../../../../arm-none-eabi/lib/thumb/v7e-m+fp/hard\libc_nano.a(lib_a-strlen.o)
                0x080004b4                strlen
 *fill*         0x080004c4        0xc 
 .text          0x080004d0       0xa0 c:/users/administrator/.huawei-liteos-studio/tools/arm-none-eabi/bin/../lib/gcc/arm-none-eabi/9.2.1/../../../../arm-none-eabi/lib/thumb/v7e-m+fp/hard\libc_nano.a(lib_a-memchr.o)
                0x080004d0                memchr
 .text          0x08000570      0x378 c:/users/administrator/.huawei-liteos-studio/tools/arm-none-eabi/bin/../lib/gcc/arm-none-eabi/9.2.1/thumb/v7e-m+fp/hard\libgcc.a(_arm_addsubdf3.o)
                0x08000570                __aeabi_drsub
                0x08000578                __aeabi_dsub
                0x08000578                __subdf3
                0x0800057c                __aeabi_dadd
                0x0800057c                __adddf3
                0x080007f4                __floatunsidf
                0x080007f4                __aeabi_ui2d
                0x08000814                __floatsidf
                0x08000814                __aeabi_i2d
                0x08000838                __aeabi_f2d
                0x08000838                __extendsfdf2
                0x0800087c                __floatundidf
                0x0800087c                __aeabi_ul2d
                0x0800088c                __floatdidf
                0x0800088c                __aeabi_l2d
 .text          0x080008e8      0x424 c:/users/administrator/.huawei-liteos-studio/tools/arm-none-eabi/bin/../lib/gcc/arm-none-eabi/9.2.1/thumb/v7e-m+fp/hard\libgcc.a(_arm_muldivdf3.o)
                0x080008e8                __aeabi_dmul
                0x080008e8                __muldf3
                0x08000b3c                __divdf3
                0x08000b3c                __aeabi_ddiv
 .text          0x08000d0c      0x110 c:/users/administrator/.huawei-liteos-studio/tools/arm-none-eabi/bin/../lib/gcc/arm-none-eabi/9.2.1/thumb/v7e-m+fp/hard\libgcc.a(_arm_cmpdf2.o)
                0x08000d0c                __gtdf2
                0x08000d0c                __gedf2
                0x08000d14                __ltdf2
                0x08000d14                __ledf2
                0x08000d1c                __nedf2
                0x08000d1c                __eqdf2
                0x08000d1c                __cmpdf2
                0x08000d98                __aeabi_cdrcmple
                0x08000da8                __aeabi_cdcmpeq
                0x08000da8                __aeabi_cdcmple
                0x08000db8                __aeabi_dcmpeq
                0x08000dcc                __aeabi_dcmplt
                0x08000de0                __aeabi_dcmple
                0x08000df4                __aeabi_dcmpge
                0x08000e08                __aeabi_dcmpgt
 .text          0x08000e1c       0x2c c:/users/administrator/.huawei-liteos-studio/tools/arm-none-eabi/bin/../lib/gcc/arm-none-eabi/9.2.1/thumb/v7e-m+fp/hard\libgcc.a(_arm_unorddf2.o)
                0x08000e1c                __unorddf2
                0x08000e1c                __aeabi_dcmpun
 .text          0x08000e48       0x50 c:/users/administrator/.huawei-liteos-studio/tools/arm-none-eabi/bin/../lib/gcc/arm-none-eabi/9.2.1/thumb/v7e-m+fp/hard\libgcc.a(_arm_fixdfsi.o)
                0x08000e48                __aeabi_d2iz
                0x08000e48                __fixdfsi
 .text          0x08000e98       0x30 c:/users/administrator/.huawei-liteos-studio/tools/arm-none-eabi/bin/../lib/gcc/arm-none-eabi/9.2.1/thumb/v7e-m+fp/hard\libgcc.a(_aeabi_uldivmod.o)
                0x08000e98                __aeabi_uldivmod
 .text          0x08000ec8      0x2c4 c:/users/administrator/.huawei-liteos-studio/tools/arm-none-eabi/bin/../lib/gcc/arm-none-eabi/9.2.1/thumb/v7e-m+fp/hard\libgcc.a(_udivmoddi4.o)
                0x08000ec8                __udivmoddi4
 .text          0x0800118c        0x4 c:/users/administrator/.huawei-liteos-studio/tools/arm-none-eabi/bin/../lib/gcc/arm-none-eabi/9.2.1/thumb/v7e-m+fp/hard\libgcc.a(_dvmd_tls.o)
                0x0800118c                __aeabi_idiv0
                0x0800118c                __aeabi_ldiv0
 *(.text*)
 .text.string_to_arg
                0x08001190       0xb8 appbuild/iot_link/link_misc/link_string.o
                0x08001190                string_to_arg
 .text.ring_buffer_init
                0x08001248       0x48 appbuild/iot_link/link_misc/link_ring_buffer.o
                0x08001248                ring_buffer_init
 .text.ring_buffer_write
                0x08001290      0x170 appbuild/iot_link/link_misc/link_ring_buffer.o
                0x08001290                ring_buffer_write
 .text.ring_buffer_read
                0x08001400      0x112 appbuild/iot_link/link_misc/link_ring_buffer.o
                0x08001400                ring_buffer_read
 .text.ring_buffer_datalen
                0x08001512       0x28 appbuild/iot_link/link_misc/link_ring_buffer.o
                0x08001512                ring_buffer_datalen
 .text.ring_buffer_reset
                0x0800153a       0x32 appbuild/iot_link/link_misc/link_ring_buffer.o
                0x0800153a                ring_buffer_reset
 .text.link_log_level_get
                0x0800156c       0x18 appbuild/iot_link/link_log/link_log.o
                0x0800156c                link_log_level_get
 .text.link_log_level_name
                0x08001584       0x30 appbuild/iot_link/link_log/link_log.o
                0x08001584                link_log_level_name
 .text.osal_install
                0x080015b4       0x34 appbuild/iot_link/os/osal/osal.o
                0x080015b4                osal_install
 .text.osal_task_create
                0x080015e8       0x5c appbuild/iot_link/os/osal/osal.o
                0x080015e8                osal_task_create
 .text.osal_task_sleep
                0x08001644       0x40 appbuild/iot_link/os/osal/osal.o
                0x08001644                osal_task_sleep
 .text.osal_mutex_create
                0x08001684       0x48 appbuild/iot_link/os/osal/osal.o
                0x08001684                osal_mutex_create
 .text.osal_mutex_lock
                0x080016cc       0x48 appbuild/iot_link/os/osal/osal.o
                0x080016cc                osal_mutex_lock
 .text.osal_mutex_unlock
                0x08001714       0x48 appbuild/iot_link/os/osal/osal.o
                0x08001714                osal_mutex_unlock
 .text.osal_mutex_del
                0x0800175c       0x48 appbuild/iot_link/os/osal/osal.o
                0x0800175c                osal_mutex_del
 .text.osal_semp_create
                0x080017a4       0x50 appbuild/iot_link/os/osal/osal.o
                0x080017a4                osal_semp_create
 .text.osal_semp_pend
                0x080017f4       0x4c appbuild/iot_link/os/osal/osal.o
                0x080017f4                osal_semp_pend
 .text.osal_semp_post
                0x08001840       0x48 appbuild/iot_link/os/osal/osal.o
                0x08001840                osal_semp_post
 .text.osal_semp_del
                0x08001888       0x48 appbuild/iot_link/os/osal/osal.o
                0x08001888                osal_semp_del
 .text.osal_malloc
                0x080018d0       0x48 appbuild/iot_link/os/osal/osal.o
                0x080018d0                osal_malloc
 .text.osal_free
                0x08001918       0x48 appbuild/iot_link/os/osal/osal.o
                0x08001918                osal_free
 .text.osal_realloc
                0x08001960       0x4c appbuild/iot_link/os/osal/osal.o
                0x08001960                osal_realloc
 .text.osal_calloc
                0x080019ac       0x3c appbuild/iot_link/os/osal/osal.o
                0x080019ac                osal_calloc
 .text.osal_sys_time
                0x080019e8       0x50 appbuild/iot_link/os/osal/osal.o
                0x080019e8                osal_sys_time
 .text.osal_reboot
                0x08001a38       0x44 appbuild/iot_link/os/osal/osal.o
                0x08001a38                osal_reboot
 .text.osal_init
                0x08001a7c       0x1c appbuild/iot_link/os/osal/osal.o
                0x08001a7c                osal_init
 .text.LOS_StartToRun
                0x08001a98       0x68 appbuild/iot_link/os/liteos/arch/arm/arm-m/armv7-m/gcc/los_dispatch.o
                0x08001a98                LOS_StartToRun
 .text.LOS_IntLock
                0x08001b00        0xc appbuild/iot_link/os/liteos/arch/arm/arm-m/armv7-m/gcc/los_dispatch.o
                0x08001b00                LOS_IntLock
 .text.LOS_IntRestore
                0x08001b0c        0x8 appbuild/iot_link/os/liteos/arch/arm/arm-m/armv7-m/gcc/los_dispatch.o
                0x08001b0c                LOS_IntRestore
 .text.osTaskSchedule
                0x08001b14       0x10 appbuild/iot_link/os/liteos/arch/arm/arm-m/armv7-m/gcc/los_dispatch.o
                0x08001b14                osTaskSchedule
 .text.PendSV_Handler
                0x08001b24       0x74 appbuild/iot_link/os/liteos/arch/arm/arm-m/armv7-m/gcc/los_dispatch.o
                0x08001b24                PendSV_Handler
 .text.__NVIC_SetPriority
                0x08001b98       0x54 appbuild/iot_link/os/liteos/arch/arm/arm-m/src/los_hw_tick.o
 .text.SysTick_Config
                0x08001bec       0x44 appbuild/iot_link/os/liteos/arch/arm/arm-m/src/los_hw_tick.o
 .text.osTickStart
                0x08001c30       0x9c appbuild/iot_link/os/liteos/arch/arm/arm-m/src/los_hw_tick.o
                0x08001c30                osTickStart
 .text.__NVIC_SetPriorityGrouping
                0x08001ccc       0x48 appbuild/iot_link/os/liteos/arch/arm/arm-m/src/los_hwi.o
 .text.__NVIC_EnableIRQ
                0x08001d14       0x3c appbuild/iot_link/os/liteos/arch/arm/arm-m/src/los_hwi.o
 .text.__NVIC_SetPriority
                0x08001d50       0x54 appbuild/iot_link/os/liteos/arch/arm/arm-m/src/los_hwi.o
 .text.osIntNumGet
                0x08001da4       0x1a appbuild/iot_link/os/liteos/arch/arm/arm-m/src/los_hwi.o
                0x08001da4                osIntNumGet
 *fill*         0x08001dbe        0x2 
 .text.osHwiDefaultHandler
                0x08001dc0       0x28 appbuild/iot_link/os/liteos/arch/arm/arm-m/src/los_hwi.o
                0x08001dc0                osHwiDefaultHandler
 .text.Debug_Handler
                0x08001de8        0xc appbuild/iot_link/os/liteos/arch/arm/arm-m/src/los_hwi.o
                0x08001de8                Debug_Handler
 .text.osInterrupt
                0x08001df4       0x6c appbuild/iot_link/os/liteos/arch/arm/arm-m/src/los_hwi.o
                0x08001df4                osInterrupt
 .text.osHwiInit
                0x08001e60       0x1c appbuild/iot_link/os/liteos/arch/arm/arm-m/src/los_hwi.o
                0x08001e60                osHwiInit
 .text.LOS_HwiCreate
                0x08001e7c       0x84 appbuild/iot_link/os/liteos/arch/arm/arm-m/src/los_hwi.o
                0x08001e7c                LOS_HwiCreate
 .text.osSchedule
                0x08001f00        0xc appbuild/iot_link/os/liteos/arch/arm/arm-m/src/los_hw.o
                0x08001f00                osSchedule
 .text.LOS_Schedule
                0x08001f0c       0x4c appbuild/iot_link/os/liteos/arch/arm/arm-m/src/los_hw.o
                0x08001f0c                LOS_Schedule
 .text.osTaskExit
                0x08001f58        0xa appbuild/iot_link/os/liteos/arch/arm/arm-m/src/los_hw.o
                0x08001f58                osTaskExit
 *fill*         0x08001f62        0x2 
 .text.osTskStackInit
                0x08001f64       0xdc appbuild/iot_link/os/liteos/arch/arm/arm-m/src/los_hw.o
                0x08001f64                osTskStackInit
 .text.osTskStackAlloc
                0x08002040       0x44 appbuild/iot_link/os/liteos/arch/arm/arm-m/src/los_hw.o
                0x08002040                osTskStackAlloc
 .text.osKernelGetTickCount
                0x08002084       0x48 appbuild/iot_link/os/liteos/cmsis/cmsis_liteos.o
                0x08002084                osKernelGetTickCount
 .text._malloc_r
                0x080020cc       0x1a appbuild/iot_link/os/liteos/newlib_stub.o
                0x080020cc                _malloc_r
 .text._realloc_r
                0x080020e6       0x20 appbuild/iot_link/os/liteos/newlib_stub.o
                0x080020e6                _realloc_r
 .text._calloc_r
                0x08002106       0x1e appbuild/iot_link/os/liteos/newlib_stub.o
                0x08002106                _calloc_r
 .text._free_r  0x08002124       0x18 appbuild/iot_link/os/liteos/newlib_stub.o
                0x08002124                _free_r
 .text.__task_sleep
                0x0800213c       0x18 appbuild/iot_link/os/liteos/liteos_imp.o
 .text.__task_create
                0x08002154       0x64 appbuild/iot_link/os/liteos/liteos_imp.o
 .text.__task_kill
                0x080021b8       0x32 appbuild/iot_link/os/liteos/liteos_imp.o
 .text.__task_exit
                0x080021ea       0x1a appbuild/iot_link/os/liteos/liteos_imp.o
 .text.__mutex_create
                0x08002204       0x22 appbuild/iot_link/os/liteos/liteos_imp.o
 .text.__mutex_lock
                0x08002226       0x28 appbuild/iot_link/os/liteos/liteos_imp.o
 .text.__mutex_unlock
                0x0800224e       0x24 appbuild/iot_link/os/liteos/liteos_imp.o
 .text.__mutex_del
                0x08002272       0x24 appbuild/iot_link/os/liteos/liteos_imp.o
 .text.__semp_create
                0x08002296       0x30 appbuild/iot_link/os/liteos/liteos_imp.o
 .text.__semp_pend
                0x080022c6       0x36 appbuild/iot_link/os/liteos/liteos_imp.o
 .text.__semp_post
                0x080022fc       0x24 appbuild/iot_link/os/liteos/liteos_imp.o
 .text.__semp_del
                0x08002320       0x24 appbuild/iot_link/os/liteos/liteos_imp.o
 .text.__queue_create
                0x08002344       0x38 appbuild/iot_link/os/liteos/liteos_imp.o
 .text.__queue_send
                0x0800237c       0x42 appbuild/iot_link/os/liteos/liteos_imp.o
 .text.__queue_recv
                0x080023be       0x34 appbuild/iot_link/os/liteos/liteos_imp.o
 .text.__queue_del
                0x080023f2       0x24 appbuild/iot_link/os/liteos/liteos_imp.o
 *fill*         0x08002416        0x2 
 .text.__mem_malloc
                0x08002418       0x30 appbuild/iot_link/os/liteos/liteos_imp.o
 .text.__mem_free
                0x08002448       0x20 appbuild/iot_link/os/liteos/liteos_imp.o
 .text.los_mem_realloc
                0x08002468       0x28 appbuild/iot_link/os/liteos/liteos_imp.o
                0x08002468                los_mem_realloc
 .text.__get_sys_time
                0x08002490       0x12 appbuild/iot_link/os/liteos/liteos_imp.o
 .text.liteos_reboot
                0x080024a2       0x10 appbuild/iot_link/os/liteos/liteos_imp.o
                0x080024a2                liteos_reboot
 .text.__int_connect
                0x080024b2       0x2c appbuild/iot_link/os/liteos/liteos_imp.o
 *fill*         0x080024de        0x2 
 .text.os_imp_init
                0x080024e0       0x24 appbuild/iot_link/os/liteos/liteos_imp.o
                0x080024e0                os_imp_init
 .text.free     0x08002504       0x16 appbuild/iot_link/os/liteos/malloc.o
                0x08002504                free
 .text.malloc   0x0800251a       0x18 appbuild/iot_link/os/liteos/malloc.o
                0x0800251a                malloc
 .text.calloc   0x08002532       0x1c appbuild/iot_link/os/liteos/malloc.o
                0x08002532                calloc
 .text.realloc  0x0800254e       0x1c appbuild/iot_link/os/liteos/malloc.o
                0x0800254e                realloc
 *fill*         0x0800256a        0x2 
 .text.osRegister
                0x0800256c       0x18 appbuild/iot_link/os/liteos/los_init.o
 .text.LOS_Start
                0x08002584       0x38 appbuild/iot_link/os/liteos/los_init.o
                0x08002584                LOS_Start
 .text.LOS_KernelInit
                0x080025bc       0xb8 appbuild/iot_link/os/liteos/los_init.o
                0x080025bc                LOS_KernelInit
 .text.osTickHandler
                0x08002674       0x44 appbuild/iot_link/os/liteos/base/core/los_tick.o
                0x08002674                osTickHandler
 .text.LOS_TickCountGet
                0x080026b8       0x1c appbuild/iot_link/os/liteos/base/core/los_sys.o
                0x080026b8                LOS_TickCountGet
 .text.osTimesliceInit
                0x080026d4       0x20 appbuild/iot_link/os/liteos/base/core/los_timeslice.o
                0x080026d4                osTimesliceInit
 .text.osTimesliceCheck
                0x080026f4       0x5c appbuild/iot_link/os/liteos/base/core/los_timeslice.o
                0x080026f4                osTimesliceCheck
 .text.LOS_ListInit
                0x08002750       0x20 appbuild/iot_link/os/liteos/base/core/los_task.o
 .text.LOS_ListAdd
                0x08002770       0x32 appbuild/iot_link/os/liteos/base/core/los_task.o
 .text.LOS_ListTailInsert
                0x080027a2       0x1e appbuild/iot_link/os/liteos/base/core/los_task.o
 .text.LOS_ListDelete
                0x080027c0       0x34 appbuild/iot_link/os/liteos/base/core/los_task.o
 .text.LOS_ListEmpty
                0x080027f4       0x24 appbuild/iot_link/os/liteos/base/core/los_task.o
 .text.osIdleTask
                0x08002818        0x6 appbuild/iot_link/os/liteos/base/core/los_task.o
                0x08002818                osIdleTask
 .text.osTaskPriModify
                0x0800281e       0x66 appbuild/iot_link/os/liteos/base/core/los_task.o
                0x0800281e                osTaskPriModify
 .text.osTaskAdd2TimerList
                0x08002884      0x110 appbuild/iot_link/os/liteos/base/core/los_task.o
                0x08002884                osTaskAdd2TimerList
 .text.osTimerListDelete
                0x08002994       0x64 appbuild/iot_link/os/liteos/base/core/los_task.o
                0x08002994                osTimerListDelete
 .text.osTaskScan
                0x080029f8      0x14c appbuild/iot_link/os/liteos/base/core/los_task.o
                0x080029f8                osTaskScan
 .text.osConvertTskStatus
                0x08002b44       0xbc appbuild/iot_link/os/liteos/base/core/los_task.o
                0x08002b44                osConvertTskStatus
 .text.osGetTaskWaterLine
                0x08002c00       0x88 appbuild/iot_link/os/liteos/base/core/los_task.o
                0x08002c00                osGetTaskWaterLine
 .text.osGetAllTskInfo
                0x08002c88       0xfc appbuild/iot_link/os/liteos/base/core/los_task.o
                0x08002c88                osGetAllTskInfo
 .text.osTaskInit
                0x08002d84      0x130 appbuild/iot_link/os/liteos/base/core/los_task.o
                0x08002d84                osTaskInit
 .text.osIdleTaskCreate
                0x08002eb4       0x50 appbuild/iot_link/os/liteos/base/core/los_task.o
                0x08002eb4                osIdleTaskCreate
 .text.LOS_CurTaskIDGet
                0x08002f04       0x28 appbuild/iot_link/os/liteos/base/core/los_task.o
                0x08002f04                LOS_CurTaskIDGet
 .text.osTaskSwitchCheck
                0x08002f2c      0x128 appbuild/iot_link/os/liteos/base/core/los_task.o
                0x08002f2c                osTaskSwitchCheck
 .text.osTaskMonInit
                0x08003054       0x38 appbuild/iot_link/os/liteos/base/core/los_task.o
                0x08003054                osTaskMonInit
 .text.osTaskEntry
                0x0800308c       0x3c appbuild/iot_link/os/liteos/base/core/los_task.o
                0x0800308c                osTaskEntry
 .text.LOS_TaskCreateOnly
                0x080030c8      0x1d8 appbuild/iot_link/os/liteos/base/core/los_task.o
                0x080030c8                LOS_TaskCreateOnly
 .text.LOS_TaskCreate
                0x080032a0       0xec appbuild/iot_link/os/liteos/base/core/los_task.o
                0x080032a0                LOS_TaskCreate
 .text.LOS_TaskDelete
                0x0800338c      0x200 appbuild/iot_link/os/liteos/base/core/los_task.o
                0x0800338c                LOS_TaskDelete
 .text.LOS_TaskDelay
                0x0800358c       0x98 appbuild/iot_link/os/liteos/base/core/los_task.o
                0x0800358c                LOS_TaskDelay
 .text.osTaskWait
                0x08003624       0x74 appbuild/iot_link/os/liteos/base/core/los_task.o
                0x08003624                osTaskWait
 .text.osTaskWake
                0x08003698       0x7c appbuild/iot_link/os/liteos/base/core/los_task.o
                0x08003698                osTaskWake
 .text.LOS_TaskYield
                0x08003714       0xac appbuild/iot_link/os/liteos/base/core/los_task.o
                0x08003714                LOS_TaskYield
 .text.LOS_ListInit
                0x080037c0       0x20 appbuild/iot_link/os/liteos/base/core/los_priqueue.o
 .text.LOS_ListAdd
                0x080037e0       0x32 appbuild/iot_link/os/liteos/base/core/los_priqueue.o
 .text.LOS_ListTailInsert
                0x08003812       0x1e appbuild/iot_link/os/liteos/base/core/los_priqueue.o
 .text.LOS_ListDelete
                0x08003830       0x34 appbuild/iot_link/os/liteos/base/core/los_priqueue.o
 .text.LOS_ListEmpty
                0x08003864       0x24 appbuild/iot_link/os/liteos/base/core/los_priqueue.o
 .text.osPriqueueInit
                0x08003888       0x64 appbuild/iot_link/os/liteos/base/core/los_priqueue.o
                0x08003888                osPriqueueInit
 .text.osPriqueueEnqueue
                0x080038ec       0x54 appbuild/iot_link/os/liteos/base/core/los_priqueue.o
                0x080038ec                osPriqueueEnqueue
 .text.osPriqueueDequeue
                0x08003940       0x54 appbuild/iot_link/os/liteos/base/core/los_priqueue.o
                0x08003940                osPriqueueDequeue
 .text.osPriqueueTop
                0x08003994       0x40 appbuild/iot_link/os/liteos/base/core/los_priqueue.o
                0x08003994                osPriqueueTop
 .text.osPriqueueSize
                0x080039d4       0x50 appbuild/iot_link/os/liteos/base/core/los_priqueue.o
                0x080039d4                osPriqueueSize
 .text.LOS_ListInit
                0x08003a24       0x20 appbuild/iot_link/os/liteos/base/ipc/los_queue.o
 .text.LOS_ListAdd
                0x08003a44       0x32 appbuild/iot_link/os/liteos/base/ipc/los_queue.o
 .text.LOS_ListTailInsert
                0x08003a76       0x1e appbuild/iot_link/os/liteos/base/ipc/los_queue.o
 .text.LOS_ListDelete
                0x08003a94       0x34 appbuild/iot_link/os/liteos/base/ipc/los_queue.o
 .text.LOS_ListEmpty
                0x08003ac8       0x24 appbuild/iot_link/os/liteos/base/ipc/los_queue.o
 .text.osQueueInit
                0x08003aec       0x8c appbuild/iot_link/os/liteos/base/ipc/los_queue.o
                0x08003aec                osQueueInit
 .text.LOS_QueueCreate
                0x08003b78      0x11c appbuild/iot_link/os/liteos/base/ipc/los_queue.o
                0x08003b78                LOS_QueueCreate
 .text.osQueueReadParameterCheck
                0x08003c94       0x64 appbuild/iot_link/os/liteos/base/ipc/los_queue.o
 .text.osQueueWriteParameterCheck
                0x08003cf8       0x5c appbuild/iot_link/os/liteos/base/ipc/los_queue.o
 .text.osQueueBufferOperate
                0x08003d54      0x14c appbuild/iot_link/os/liteos/base/ipc/los_queue.o
 .text.osQueueOperate
                0x08003ea0      0x1d0 appbuild/iot_link/os/liteos/base/ipc/los_queue.o
                0x08003ea0                osQueueOperate
 .text.LOS_QueueReadCopy
                0x08004070       0x44 appbuild/iot_link/os/liteos/base/ipc/los_queue.o
                0x08004070                LOS_QueueReadCopy
 .text.LOS_QueueWriteCopy
                0x080040b4       0x46 appbuild/iot_link/os/liteos/base/ipc/los_queue.o
                0x080040b4                LOS_QueueWriteCopy
 *fill*         0x080040fa        0x2 
 .text.LOS_QueueDelete
                0x080040fc       0xf8 appbuild/iot_link/os/liteos/base/ipc/los_queue.o
                0x080040fc                LOS_QueueDelete
 .text.LOS_ListInit
                0x080041f4       0x20 appbuild/iot_link/os/liteos/base/ipc/los_sem.o
 .text.LOS_ListAdd
                0x08004214       0x32 appbuild/iot_link/os/liteos/base/ipc/los_sem.o
 .text.LOS_ListTailInsert
                0x08004246       0x1e appbuild/iot_link/os/liteos/base/ipc/los_sem.o
 .text.LOS_ListDelete
                0x08004264       0x34 appbuild/iot_link/os/liteos/base/ipc/los_sem.o
 .text.LOS_ListEmpty
                0x08004298       0x24 appbuild/iot_link/os/liteos/base/ipc/los_sem.o
 .text.osSemInit
                0x080042bc       0x7c appbuild/iot_link/os/liteos/base/ipc/los_sem.o
                0x080042bc                osSemInit
 .text.osSemCreate
                0x08004338       0xc4 appbuild/iot_link/os/liteos/base/ipc/los_sem.o
                0x08004338                osSemCreate
 .text.LOS_SemDelete
                0x080043fc       0xc4 appbuild/iot_link/os/liteos/base/ipc/los_sem.o
                0x080043fc                LOS_SemDelete
 .text.LOS_SemPend
                0x080044c0      0x15c appbuild/iot_link/os/liteos/base/ipc/los_sem.o
                0x080044c0                LOS_SemPend
 .text.LOS_SemPost
                0x0800461c       0xd0 appbuild/iot_link/os/liteos/base/ipc/los_sem.o
                0x0800461c                LOS_SemPost
 .text.LOS_ListInit
                0x080046ec       0x20 appbuild/iot_link/os/liteos/base/ipc/los_mux.o
 .text.LOS_ListAdd
                0x0800470c       0x32 appbuild/iot_link/os/liteos/base/ipc/los_mux.o
 .text.LOS_ListTailInsert
                0x0800473e       0x1e appbuild/iot_link/os/liteos/base/ipc/los_mux.o
 .text.LOS_ListDelete
                0x0800475c       0x34 appbuild/iot_link/os/liteos/base/ipc/los_mux.o
 .text.LOS_ListEmpty
                0x08004790       0x24 appbuild/iot_link/os/liteos/base/ipc/los_mux.o
 .text.osMuxInit
                0x080047b4       0x70 appbuild/iot_link/os/liteos/base/ipc/los_mux.o
                0x080047b4                osMuxInit
 .text.LOS_MuxCreate
                0x08004824       0xb8 appbuild/iot_link/os/liteos/base/ipc/los_mux.o
                0x08004824                LOS_MuxCreate
 .text.LOS_MuxDelete
                0x080048dc       0xc0 appbuild/iot_link/os/liteos/base/ipc/los_mux.o
                0x080048dc                LOS_MuxDelete
 .text.LOS_MuxPend
                0x0800499c      0x1ac appbuild/iot_link/os/liteos/base/ipc/los_mux.o
                0x0800499c                LOS_MuxPend
 .text.LOS_MuxPost
                0x08004b48      0x120 appbuild/iot_link/os/liteos/base/ipc/los_mux.o
                0x08004b48                LOS_MuxPost
 .text.LOS_MemInit
                0x08004c68       0x6a appbuild/iot_link/os/liteos/base/mem/heap/los_memory.o
                0x08004c68                LOS_MemInit
 *fill*         0x08004cd2        0x2 
 .text.osMemSystemInit
                0x08004cd4       0x78 appbuild/iot_link/os/liteos/base/mem/heap/los_memory.o
                0x08004cd4                osMemSystemInit
 .text.osHeapAllocAlign
                0x08004d4c       0x20 appbuild/iot_link/os/liteos/base/mem/heap/los_memory.o
                0x08004d4c                osHeapAllocAlign
 .text.osHeapAlloc
                0x08004d6c       0x1c appbuild/iot_link/os/liteos/base/mem/heap/los_memory.o
                0x08004d6c                osHeapAlloc
 .text.osHeapFree
                0x08004d88       0x26 appbuild/iot_link/os/liteos/base/mem/heap/los_memory.o
                0x08004d88                osHeapFree
 .text.osHeapRealloc
                0x08004dae       0x20 appbuild/iot_link/os/liteos/base/mem/heap/los_memory.o
                0x08004dae                osHeapRealloc
 .text.LOS_MemAlloc
                0x08004dce       0x46 appbuild/iot_link/os/liteos/base/mem/heap/los_memory.o
                0x08004dce                LOS_MemAlloc
 .text.LOS_MemAllocAlign
                0x08004e14       0x20 appbuild/iot_link/os/liteos/base/mem/heap/los_memory.o
                0x08004e14                LOS_MemAllocAlign
 .text.LOS_MemRealloc
                0x08004e34       0x20 appbuild/iot_link/os/liteos/base/mem/heap/los_memory.o
                0x08004e34                LOS_MemRealloc
 .text.LOS_MemFree
                0x08004e54       0x4c appbuild/iot_link/os/liteos/base/mem/heap/los_memory.o
                0x08004e54                LOS_MemFree
 .text.osSlabCtrlHdrGet
                0x08004ea0       0x1a appbuild/iot_link/os/liteos/base/mem/heap/los_memory.o
                0x08004ea0                osSlabCtrlHdrGet
 *fill*         0x08004eba        0x2 
 .text.LOS_MemInfo
                0x08004ebc       0x3c appbuild/iot_link/os/liteos/base/mem/heap/los_memory.o
                0x08004ebc                LOS_MemInfo
 .text.dlist_init
                0x08004ef8       0x22 appbuild/iot_link/os/liteos/base/mem/heap/los_heap.o
 .text.__dlist_add_at
                0x08004f1a       0x30 appbuild/iot_link/os/liteos/base/mem/heap/los_heap.o
 .text.dlist_add_tail
                0x08004f4a       0x20 appbuild/iot_link/os/liteos/base/mem/heap/los_heap.o
 .text.dlist_del
                0x08004f6a       0x28 appbuild/iot_link/os/liteos/base/mem/heap/los_heap.o
 .text.dlist_empty
                0x08004f92       0x24 appbuild/iot_link/os/liteos/base/mem/heap/los_heap.o
 .text.__is_free
                0x08004fb6       0x26 appbuild/iot_link/os/liteos/base/mem/heap/los_heap.o
 .text.__set_chunk_allocated
                0x08004fdc       0x20 appbuild/iot_link/os/liteos/base/mem/heap/los_heap.o
 .text.__set_chunk_free
                0x08004ffc       0x20 appbuild/iot_link/os/liteos/base/mem/heap/los_heap.o
 .text.__get_next_chunk
                0x0800501c       0x20 appbuild/iot_link/os/liteos/base/mem/heap/los_heap.o
 .text.__get_prev_chunk
                0x0800503c       0x18 appbuild/iot_link/os/liteos/base/mem/heap/los_heap.o
 .text.__get_mem_block
                0x08005054       0x18 appbuild/iot_link/os/liteos/base/mem/heap/los_heap.o
 .text.__get_ach_from_mem
                0x0800506c       0x2e appbuild/iot_link/os/liteos/base/mem/heap/los_heap.o
 .text.__set_ach_to_mem
                0x0800509a       0x1e appbuild/iot_link/os/liteos/base/mem/heap/los_heap.o
 .text.__cm_init
                0x080050b8       0x16 appbuild/iot_link/os/liteos/base/mem/heap/los_heap.o
 .text.__get_fl_idx
                0x080050ce       0x1e appbuild/iot_link/os/liteos/base/mem/heap/los_heap.o
 .text.__get_sl_idx
                0x080050ec       0x22 appbuild/iot_link/os/liteos/base/mem/heap/los_heap.o
 .text.__cm_put_chunk
                0x0800510e       0xcc appbuild/iot_link/os/liteos/base/mem/heap/los_heap.o
 .text.__cm_del_chunk
                0x080051da       0xdc appbuild/iot_link/os/liteos/base/mem/heap/los_heap.o
 .text.__cm_get_chunk
                0x080052b6       0xce appbuild/iot_link/os/liteos/base/mem/heap/los_heap.o
 .text.__get_max_free
                0x08005384       0xb6 appbuild/iot_link/os/liteos/base/mem/heap/los_heap.o
 .text.__stat_chunk_add
                0x0800543a       0x32 appbuild/iot_link/os/liteos/base/mem/heap/los_heap.o
 .text.__stat_chunk_del
                0x0800546c       0x32 appbuild/iot_link/os/liteos/base/mem/heap/los_heap.o
 .text.__stat_chunk_alloc
                0x0800549e       0x74 appbuild/iot_link/os/liteos/base/mem/heap/los_heap.o
 .text.__stat_chunk_free
                0x08005512       0x60 appbuild/iot_link/os/liteos/base/mem/heap/los_heap.o
 .text.__put_chunk
                0x08005572       0x38 appbuild/iot_link/os/liteos/base/mem/heap/los_heap.o
 .text.__del_chunk
                0x080055aa       0x2a appbuild/iot_link/os/liteos/base/mem/heap/los_heap.o
 .text.__get_chunk
                0x080055d4       0x2e appbuild/iot_link/os/liteos/base/mem/heap/los_heap.o
 .text.heap_init
                0x08005602       0x4a appbuild/iot_link/os/liteos/base/mem/heap/los_heap.o
                0x08005602                heap_init
 .text.heap_add
                0x0800564c      0x104 appbuild/iot_link/os/liteos/base/mem/heap/los_heap.o
                0x0800564c                heap_add
 .text.__carve_extra
                0x08005750       0xf6 appbuild/iot_link/os/liteos/base/mem/heap/los_heap.o
 .text.heap_alloc_align
                0x08005846       0xac appbuild/iot_link/os/liteos/base/mem/heap/los_heap.o
                0x08005846                heap_alloc_align
 .text.heap_alloc
                0x080058f2       0x1e appbuild/iot_link/os/liteos/base/mem/heap/los_heap.o
                0x080058f2                heap_alloc
 .text.heap_free
                0x08005910       0xdc appbuild/iot_link/os/liteos/base/mem/heap/los_heap.o
                0x08005910                heap_free
 .text.heap_realloc
                0x080059ec      0x128 appbuild/iot_link/os/liteos/base/mem/heap/los_heap.o
                0x080059ec                heap_realloc
 .text.__dump_block
                0x08005b14       0x74 appbuild/iot_link/os/liteos/base/mem/heap/los_heap.o
 .text.__dump_heap
                0x08005b88      0x130 appbuild/iot_link/os/liteos/base/mem/heap/los_heap.o
                0x08005b88                __dump_heap
 .text.osAtomicBitsetGetNumBits
                0x08005cb8       0x18 appbuild/iot_link/os/liteos/base/mem/common/los_slab.o
                0x08005cb8                osAtomicBitsetGetNumBits
 .text.osAtomicBitsetGetBit
                0x08005cd0       0x48 appbuild/iot_link/os/liteos/base/mem/common/los_slab.o
                0x08005cd0                osAtomicBitsetGetBit
 .text.osAtomicBitsetClearBit
                0x08005d18       0x48 appbuild/iot_link/os/liteos/base/mem/common/los_slab.o
                0x08005d18                osAtomicBitsetClearBit
 .text.osAtomicBitsetFindClearAndSet
                0x08005d60       0x8e appbuild/iot_link/os/liteos/base/mem/common/los_slab.o
                0x08005d60                osAtomicBitsetFindClearAndSet
 .text.osSlabAllocatorAlloc
                0x08005dee       0x36 appbuild/iot_link/os/liteos/base/mem/common/los_slab.o
                0x08005dee                osSlabAllocatorAlloc
 .text.osSlabAllocatorFree
                0x08005e24       0x76 appbuild/iot_link/os/liteos/base/mem/common/los_slab.o
                0x08005e24                osSlabAllocatorFree
 .text.osSlabBlockHeadFill
                0x08005e9a       0x30 appbuild/iot_link/os/liteos/base/mem/common/los_slabmem.o
                0x08005e9a                osSlabBlockHeadFill
 .text.osSlabMemAlloc
                0x08005eca       0xee appbuild/iot_link/os/liteos/base/mem/common/los_slabmem.o
                0x08005eca                osSlabMemAlloc
 .text.osSlabMemFree
                0x08005fb8       0xaa appbuild/iot_link/os/liteos/base/mem/common/los_slabmem.o
                0x08005fb8                osSlabMemFree
 .text.LOS_Align
                0x08006062       0x3c appbuild/iot_link/os/liteos/base/misc/los_misc.o
                0x08006062                LOS_Align
 *fill*         0x0800609e        0x2 
 .text.LOS_ErrHandle
                0x080060a0       0x48 appbuild/iot_link/os/liteos/base/om/los_err.o
                0x080060a0                LOS_ErrHandle
 .text.shell_cmd_help
                0x080060e8      0x11c appbuild/iot_link/shell/shell_cmd.o
 .text.shell_cmd_match
                0x08006204       0x9c appbuild/iot_link/shell/shell_cmd.o
 .text.shell_cmd_index
                0x080062a0       0xec appbuild/iot_link/shell/shell_cmd.o
                0x080062a0                shell_cmd_index
 .text.shell_cmd_execute
                0x0800638c      0x12c appbuild/iot_link/shell/shell_cmd.o
                0x0800638c                shell_cmd_execute
 .text.shell_cmd_init
                0x080064b8       0x4c appbuild/iot_link/shell/shell_cmd.o
                0x080064b8                shell_cmd_init
 .text.os_shell_version
                0x08006504       0x34 appbuild/iot_link/shell/shell_cmd.o
 .text.shell_get_char
                0x08006538        0xe appbuild/iot_link/shell/shell_main.o
 *fill*         0x08006546        0x2 
 .text.shell_put_char
                0x08006548       0x28 appbuild/iot_link/shell/shell_main.o
 .text.shell_put_string
                0x08006570       0x40 appbuild/iot_link/shell/shell_main.o
 .text.shell_put_index
                0x080065b0       0x14 appbuild/iot_link/shell/shell_main.o
 .text.shell_put_backspace
                0x080065c4       0x38 appbuild/iot_link/shell/shell_main.o
 .text.shell_put_space
                0x080065fc       0x30 appbuild/iot_link/shell/shell_main.o
 .text.shell_moves_cursor_right
                0x0800662c       0x54 appbuild/iot_link/shell/shell_main.o
 .text.shell_bell
                0x08006680        0xe appbuild/iot_link/shell/shell_main.o
 .text.shell_moves_cursor_left
                0x0800668e       0x30 appbuild/iot_link/shell/shell_main.o
 .text.shell_cachecmd
                0x080066be       0x9e appbuild/iot_link/shell/shell_main.o
 .text.shell_insert_string
                0x0800675c       0xb6 appbuild/iot_link/shell/shell_main.o
 *fill*         0x08006812        0x2 
 .text.shell_server_entry
                0x08006814      0x6a0 appbuild/iot_link/shell/shell_main.o
 .text.shell_init
                0x08006eb4       0x30 appbuild/iot_link/shell/shell_main.o
                0x08006eb4                shell_init
 .text.shell_taskinfo
                0x08006ee4       0x18 appbuild/iot_link/shell/shell_test.o
 .text.shell_heapinfo
                0x08006efc       0x1c appbuild/iot_link/shell/shell_test.o
 .text.shell_reboot
                0x08006f18       0x58 appbuild/iot_link/shell/shell_test.o
 .text.timer_add
                0x08006f70       0x98 appbuild/iot_link/stimer/stimer.o
 .text.timer_scan
                0x08007008       0xb8 appbuild/iot_link/stimer/stimer.o
 .text.__timer_entry
                0x080070c0       0xd4 appbuild/iot_link/stimer/stimer.o
 .text.stimer_init
                0x08007194       0xa4 appbuild/iot_link/stimer/stimer.o
                0x08007194                stimer_init
 .text.stimer_create
                0x08007238      0x104 appbuild/iot_link/stimer/stimer.o
                0x08007238                stimer_create
 .text.stimer_print
                0x0800733c      0x1a0 appbuild/iot_link/stimer/stimer.o
 .text.__driv_match
                0x080074dc       0x44 appbuild/iot_link/driver/driver.o
 .text.los_driv_register
                0x08007520       0xcc appbuild/iot_link/driver/driver.o
                0x08007520                los_driv_register
 .text.osdriv_load_static
                0x080075ec       0x4c appbuild/iot_link/driver/driver.o
 .text.los_driv_init
                0x08007638       0x30 appbuild/iot_link/driver/driver.o
                0x08007638                los_driv_init
 .text.los_dev_open
                0x08007668      0x13c appbuild/iot_link/driver/driver.o
                0x08007668                los_dev_open
 .text.los_dev_read
                0x080077a4       0x80 appbuild/iot_link/driver/driver.o
                0x080077a4                los_dev_read
 .text.los_dev_write
                0x08007824       0x8c appbuild/iot_link/driver/driver.o
                0x08007824                los_dev_write
 .text.__driv_show_shell
                0x080078b0       0xfc appbuild/iot_link/driver/driver.o
 .text.print_ascii
                0x080079ac       0x7c appbuild/iot_link/at/at.o
 .text.print_hex
                0x08007a28       0x80 appbuild/iot_link/at/at.o
 .text.print_payload
                0x08007aa8       0x38 appbuild/iot_link/at/at.o
 .text.__cmd_send
                0x08007ae0       0x60 appbuild/iot_link/at/at.o
 .text.__resp_rcv
                0x08007b40       0x54 appbuild/iot_link/at/at.o
 .text.__cmd_create
                0x08007b94       0x80 appbuild/iot_link/at/at.o
 .text.__cmd_clear
                0x08007c14       0x60 appbuild/iot_link/at/at.o
 .text.__cmd_match
                0x08007c74       0x9c appbuild/iot_link/at/at.o
 .text.__oob_match
                0x08007d10       0x84 appbuild/iot_link/at/at.o
 .text.__rcv_task_entry
                0x08007d94      0x130 appbuild/iot_link/at/at.o
 .text.at_command
                0x08007ec4       0x9c appbuild/iot_link/at/at.o
                0x08007ec4                at_command
 .text.at_oobregister
                0x08007f60       0x94 appbuild/iot_link/at/at.o
                0x08007f60                at_oobregister
 .text.at_init  0x08007ff4      0x1dc appbuild/iot_link/at/at.o
                0x08007ff4                at_init
 .text.shell_at
                0x080081d0      0x14c appbuild/iot_link/at/at.o
 .text.shell_atdebug
                0x0800831c      0x194 appbuild/iot_link/at/at.o
 .text.cJSON_InitHooks
                0x080084b0       0x88 appbuild/iot_link/cJSON/cJSON.o
                0x080084b0                cJSON_InitHooks
 .text.oc_lwm2m_register
                0x08008538       0x3c appbuild/iot_link/oc/oc_lwm2m/oc_lwm2m_al/oc_lwm2m_al.o
                0x08008538                oc_lwm2m_register
 .text.oc_lwm2m_report
                0x08008574       0x40 appbuild/iot_link/oc/oc_lwm2m/oc_lwm2m_al/oc_lwm2m_al.o
                0x08008574                oc_lwm2m_report
 .text.oc_lwm2m_config
                0x080085b4       0x44 appbuild/iot_link/oc/oc_lwm2m/oc_lwm2m_al/oc_lwm2m_al.o
                0x080085b4                oc_lwm2m_config
 .text.oc_lwm2m_init
                0x080085f8       0x58 appbuild/iot_link/oc/oc_lwm2m/oc_lwm2m_al/oc_lwm2m_al.o
                0x080085f8                oc_lwm2m_init
 .text.boudica150_atcmd
                0x08008650       0x40 appbuild/iot_link/oc/oc_lwm2m/boudica150_oc/boudica150_oc.o
 .text.boudica150_atcmd_response
                0x08008690       0x44 appbuild/iot_link/oc/oc_lwm2m/boudica150_oc/boudica150_oc.o
 .text.byte_to_hexstr
                0x080086d4       0x64 appbuild/iot_link/oc/oc_lwm2m/boudica150_oc/boudica150_oc.o
 .text.boudica150_oc_report
                0x08008738       0xf0 appbuild/iot_link/oc/oc_lwm2m/boudica150_oc/boudica150_oc.o
 .text.hexstr_to_byte
                0x08008828       0xb4 appbuild/iot_link/oc/oc_lwm2m/boudica150_oc/boudica150_oc.o
 .text.boudica150_rcvdeal
                0x080088dc      0x1d0 appbuild/iot_link/oc/oc_lwm2m/boudica150_oc/boudica150_oc.o
 .text.boudica150_set_echo
                0x08008aac       0x44 appbuild/iot_link/oc/oc_lwm2m/boudica150_oc/boudica150_oc.o
 .text.boudica150_set_regmode
                0x08008af0       0x44 appbuild/iot_link/oc/oc_lwm2m/boudica150_oc/boudica150_oc.o
 .text.boudica150_reboot
                0x08008b34       0x3c appbuild/iot_link/oc/oc_lwm2m/boudica150_oc/boudica150_oc.o
 .text.boudica150_set_fun
                0x08008b70       0x4c appbuild/iot_link/oc/oc_lwm2m/boudica150_oc/boudica150_oc.o
 .text.boudica150_set_bands
                0x08008bbc       0xcc appbuild/iot_link/oc/oc_lwm2m/boudica150_oc/boudica150_oc.o
 .text.boudica150_set_plmn
                0x08008c88       0xf0 appbuild/iot_link/oc/oc_lwm2m/boudica150_oc/boudica150_oc.o
 .text.boudica150_set_apn
                0x08008d78       0xc0 appbuild/iot_link/oc/oc_lwm2m/boudica150_oc/boudica150_oc.o
 .text.boudica150_set_cdp
                0x08008e38       0xd8 appbuild/iot_link/oc/oc_lwm2m/boudica150_oc/boudica150_oc.o
 .text.boudica150_set_cmee
                0x08008f10       0x44 appbuild/iot_link/oc/oc_lwm2m/boudica150_oc/boudica150_oc.o
 .text.boudica150_set_cgatt
                0x08008f54       0x44 appbuild/iot_link/oc/oc_lwm2m/boudica150_oc/boudica150_oc.o
 .text.boudica150_set_nnmi
                0x08008f98       0x44 appbuild/iot_link/oc/oc_lwm2m/boudica150_oc/boudica150_oc.o
 .text.urc_qlwevtind
                0x08008fdc       0x84 appbuild/iot_link/oc/oc_lwm2m/boudica150_oc/boudica150_oc.o
 .text.boudica150_check_observe
                0x08009060       0x48 appbuild/iot_link/oc/oc_lwm2m/boudica150_oc/boudica150_oc.o
 .text.boudica150_check_netattach
                0x080090a8       0x50 appbuild/iot_link/oc/oc_lwm2m/boudica150_oc/boudica150_oc.o
 .text.boudica150_set_autoconnect
                0x080090f8       0xbc appbuild/iot_link/oc/oc_lwm2m/boudica150_oc/boudica150_oc.o
 .text.boudica150_boot
                0x080091b4      0x108 appbuild/iot_link/oc/oc_lwm2m/boudica150_oc/boudica150_oc.o
 .text.boudica150_oc_config
                0x080092bc       0x84 appbuild/iot_link/oc/oc_lwm2m/boudica150_oc/boudica150_oc.o
 .text.boudica150_oc_deconfig
                0x08009340       0x30 appbuild/iot_link/oc/oc_lwm2m/boudica150_oc/boudica150_oc.o
 .text.oc_lwm2m_imp_init
                0x08009370       0x4c appbuild/iot_link/oc/oc_lwm2m/boudica150_oc/boudica150_oc.o
                0x08009370                oc_lwm2m_imp_init
 .text.linkmain_version
                0x080093bc       0x3c appbuild/iot_link/link_main.o
                0x080093bc                linkmain_version
 .text.link_main
                0x080093f8       0xa8 appbuild/iot_link/link_main.o
                0x080093f8                link_main
 .text.HAL_RCC_OscConfig
                0x080094a0      0x73c appbuild/drivers/third_party/ST/STM32L4xx_HAL_Driver/Src/stm32l4xx_hal_rcc.o
                0x080094a0                HAL_RCC_OscConfig
 .text.HAL_RCC_ClockConfig
                0x08009bdc      0x230 appbuild/drivers/third_party/ST/STM32L4xx_HAL_Driver/Src/stm32l4xx_hal_rcc.o
                0x08009bdc                HAL_RCC_ClockConfig
 .text.HAL_RCC_GetSysClockFreq
                0x08009e0c      0x160 appbuild/drivers/third_party/ST/STM32L4xx_HAL_Driver/Src/stm32l4xx_hal_rcc.o
                0x08009e0c                HAL_RCC_GetSysClockFreq
 .text.HAL_RCC_GetHCLKFreq
                0x08009f6c       0x18 appbuild/drivers/third_party/ST/STM32L4xx_HAL_Driver/Src/stm32l4xx_hal_rcc.o
                0x08009f6c                HAL_RCC_GetHCLKFreq
 .text.HAL_RCC_GetPCLK1Freq
                0x08009f84       0x28 appbuild/drivers/third_party/ST/STM32L4xx_HAL_Driver/Src/stm32l4xx_hal_rcc.o
                0x08009f84                HAL_RCC_GetPCLK1Freq
 .text.HAL_RCC_GetPCLK2Freq
                0x08009fac       0x28 appbuild/drivers/third_party/ST/STM32L4xx_HAL_Driver/Src/stm32l4xx_hal_rcc.o
                0x08009fac                HAL_RCC_GetPCLK2Freq
 .text.RCC_SetFlashLatencyFromMSIRange
                0x08009fd4       0xc4 appbuild/drivers/third_party/ST/STM32L4xx_HAL_Driver/Src/stm32l4xx_hal_rcc.o
 .text.HAL_PWREx_GetVoltageRange
                0x0800a098       0x1c appbuild/drivers/third_party/ST/STM32L4xx_HAL_Driver/Src/stm32l4xx_hal_pwr_ex.o
                0x0800a098                HAL_PWREx_GetVoltageRange
 .text.HAL_PWREx_ControlVoltageScaling
                0x0800a0b4       0xac appbuild/drivers/third_party/ST/STM32L4xx_HAL_Driver/Src/stm32l4xx_hal_pwr_ex.o
                0x0800a0b4                HAL_PWREx_ControlVoltageScaling
 .text.HAL_PWR_EnableBkUpAccess
                0x0800a160       0x20 appbuild/drivers/third_party/ST/STM32L4xx_HAL_Driver/Src/stm32l4xx_hal_pwr.o
                0x0800a160                HAL_PWR_EnableBkUpAccess
 .text.HAL_GPIO_Init
                0x0800a180      0x2fc appbuild/drivers/third_party/ST/STM32L4xx_HAL_Driver/Src/stm32l4xx_hal_gpio.o
                0x0800a180                HAL_GPIO_Init
 .text.HAL_GPIO_DeInit
                0x0800a47c      0x1bc appbuild/drivers/third_party/ST/STM32L4xx_HAL_Driver/Src/stm32l4xx_hal_gpio.o
                0x0800a47c                HAL_GPIO_DeInit
 .text.HAL_GPIO_WritePin
                0x0800a638       0x30 appbuild/drivers/third_party/ST/STM32L4xx_HAL_Driver/Src/stm32l4xx_hal_gpio.o
                0x0800a638                HAL_GPIO_WritePin
 .text.HAL_RCCEx_PeriphCLKConfig
                0x0800a668      0x42c appbuild/drivers/third_party/ST/STM32L4xx_HAL_Driver/Src/stm32l4xx_hal_rcc_ex.o
                0x0800a668                HAL_RCCEx_PeriphCLKConfig
 .text.RCCEx_PLLSAI1_Config
                0x0800aa94      0x1e8 appbuild/drivers/third_party/ST/STM32L4xx_HAL_Driver/Src/stm32l4xx_hal_rcc_ex.o
 .text.__NVIC_SetPriorityGrouping
                0x0800ac7c       0x48 appbuild/drivers/third_party/ST/STM32L4xx_HAL_Driver/Src/stm32l4xx_hal_cortex.o
 .text.__NVIC_GetPriorityGrouping
                0x0800acc4       0x1c appbuild/drivers/third_party/ST/STM32L4xx_HAL_Driver/Src/stm32l4xx_hal_cortex.o
 .text.__NVIC_EnableIRQ
                0x0800ace0       0x3c appbuild/drivers/third_party/ST/STM32L4xx_HAL_Driver/Src/stm32l4xx_hal_cortex.o
 .text.__NVIC_SetPriority
                0x0800ad1c       0x54 appbuild/drivers/third_party/ST/STM32L4xx_HAL_Driver/Src/stm32l4xx_hal_cortex.o
 .text.NVIC_EncodePriority
                0x0800ad70       0x66 appbuild/drivers/third_party/ST/STM32L4xx_HAL_Driver/Src/stm32l4xx_hal_cortex.o
 *fill*         0x0800add6        0x2 
 .text.SysTick_Config
                0x0800add8       0x44 appbuild/drivers/third_party/ST/STM32L4xx_HAL_Driver/Src/stm32l4xx_hal_cortex.o
 .text.HAL_NVIC_SetPriorityGrouping
                0x0800ae1c       0x16 appbuild/drivers/third_party/ST/STM32L4xx_HAL_Driver/Src/stm32l4xx_hal_cortex.o
                0x0800ae1c                HAL_NVIC_SetPriorityGrouping
 .text.HAL_NVIC_SetPriority
                0x0800ae32       0x38 appbuild/drivers/third_party/ST/STM32L4xx_HAL_Driver/Src/stm32l4xx_hal_cortex.o
                0x0800ae32                HAL_NVIC_SetPriority
 .text.HAL_NVIC_EnableIRQ
                0x0800ae6a       0x1c appbuild/drivers/third_party/ST/STM32L4xx_HAL_Driver/Src/stm32l4xx_hal_cortex.o
                0x0800ae6a                HAL_NVIC_EnableIRQ
 .text.HAL_SYSTICK_Config
                0x0800ae86       0x18 appbuild/drivers/third_party/ST/STM32L4xx_HAL_Driver/Src/stm32l4xx_hal_cortex.o
                0x0800ae86                HAL_SYSTICK_Config
 .text.HAL_UART_Init
                0x0800ae9e       0xa2 appbuild/drivers/third_party/ST/STM32L4xx_HAL_Driver/Src/stm32l4xx_hal_uart.o
                0x0800ae9e                HAL_UART_Init
 .text.HAL_UART_Transmit
                0x0800af40      0x154 appbuild/drivers/third_party/ST/STM32L4xx_HAL_Driver/Src/stm32l4xx_hal_uart.o
                0x0800af40                HAL_UART_Transmit
 .text.UART_SetConfig
                0x0800b094      0x5c0 appbuild/drivers/third_party/ST/STM32L4xx_HAL_Driver/Src/stm32l4xx_hal_uart.o
                0x0800b094                UART_SetConfig
 .text.UART_AdvFeatureConfig
                0x0800b654      0x144 appbuild/drivers/third_party/ST/STM32L4xx_HAL_Driver/Src/stm32l4xx_hal_uart.o
                0x0800b654                UART_AdvFeatureConfig
 .text.UART_CheckIdleState
                0x0800b798       0x92 appbuild/drivers/third_party/ST/STM32L4xx_HAL_Driver/Src/stm32l4xx_hal_uart.o
                0x0800b798                UART_CheckIdleState
 .text.UART_WaitOnFlagUntilTimeout
                0x0800b82a       0x94 appbuild/drivers/third_party/ST/STM32L4xx_HAL_Driver/Src/stm32l4xx_hal_uart.o
                0x0800b82a                UART_WaitOnFlagUntilTimeout
 .text.HAL_Init
                0x0800b8be       0x1a appbuild/drivers/third_party/ST/STM32L4xx_HAL_Driver/Src/stm32l4xx_hal.o
                0x0800b8be                HAL_Init
 .text.HAL_MspInit
                0x0800b8d8        0xe appbuild/drivers/third_party/ST/STM32L4xx_HAL_Driver/Src/stm32l4xx_hal.o
                0x0800b8d8                HAL_MspInit
 *fill*         0x0800b8e6        0x2 
 .text.HAL_InitTick
                0x0800b8e8       0x38 appbuild/drivers/third_party/ST/STM32L4xx_HAL_Driver/Src/stm32l4xx_hal.o
                0x0800b8e8                HAL_InitTick
 .text.HAL_Delay
                0x0800b920       0x3c appbuild/drivers/third_party/ST/STM32L4xx_HAL_Driver/Src/stm32l4xx_hal.o
                0x0800b920                HAL_Delay
 .text.HAL_SPI_Init
                0x0800b95c      0x114 appbuild/drivers/third_party/ST/STM32L4xx_HAL_Driver/Src/stm32l4xx_hal_spi.o
                0x0800b95c                HAL_SPI_Init
 .text.HAL_SPI_Transmit
                0x0800ba70      0x2ac appbuild/drivers/third_party/ST/STM32L4xx_HAL_Driver/Src/stm32l4xx_hal_spi.o
                0x0800ba70                HAL_SPI_Transmit
 .text.SPI_WaitFlagStateUntilTimeout
                0x0800bd1c       0xd0 appbuild/drivers/third_party/ST/STM32L4xx_HAL_Driver/Src/stm32l4xx_hal_spi.o
 .text.SPI_WaitFifoStateUntilTimeout
                0x0800bdec       0xe0 appbuild/drivers/third_party/ST/STM32L4xx_HAL_Driver/Src/stm32l4xx_hal_spi.o
 .text.SPI_EndRxTxTransaction
                0x0800becc       0x8c appbuild/drivers/third_party/ST/STM32L4xx_HAL_Driver/Src/stm32l4xx_hal_spi.o
 .text.HAL_I2C_Init
                0x0800bf58      0x11e appbuild/drivers/third_party/ST/STM32L4xx_HAL_Driver/Src/stm32l4xx_hal_i2c.o
                0x0800bf58                HAL_I2C_Init
 .text.HAL_I2C_DeInit
                0x0800c076       0x5e appbuild/drivers/third_party/ST/STM32L4xx_HAL_Driver/Src/stm32l4xx_hal_i2c.o
                0x0800c076                HAL_I2C_DeInit
 .text.HAL_I2C_Mem_Write
                0x0800c0d4      0x24c appbuild/drivers/third_party/ST/STM32L4xx_HAL_Driver/Src/stm32l4xx_hal_i2c.o
                0x0800c0d4                HAL_I2C_Mem_Write
 .text.HAL_I2C_Mem_Read
                0x0800c320      0x24c appbuild/drivers/third_party/ST/STM32L4xx_HAL_Driver/Src/stm32l4xx_hal_i2c.o
                0x0800c320                HAL_I2C_Mem_Read
 .text.I2C_RequestMemoryWrite
                0x0800c56c       0xc0 appbuild/drivers/third_party/ST/STM32L4xx_HAL_Driver/Src/stm32l4xx_hal_i2c.o
 .text.I2C_RequestMemoryRead
                0x0800c62c       0xc0 appbuild/drivers/third_party/ST/STM32L4xx_HAL_Driver/Src/stm32l4xx_hal_i2c.o
 .text.I2C_Flush_TXDR
                0x0800c6ec       0x48 appbuild/drivers/third_party/ST/STM32L4xx_HAL_Driver/Src/stm32l4xx_hal_i2c.o
 .text.I2C_WaitOnFlagUntilTimeout
                0x0800c734       0x74 appbuild/drivers/third_party/ST/STM32L4xx_HAL_Driver/Src/stm32l4xx_hal_i2c.o
 .text.I2C_WaitOnTXISFlagUntilTimeout
                0x0800c7a8       0x80 appbuild/drivers/third_party/ST/STM32L4xx_HAL_Driver/Src/stm32l4xx_hal_i2c.o
 .text.I2C_WaitOnSTOPFlagUntilTimeout
                0x0800c828       0x78 appbuild/drivers/third_party/ST/STM32L4xx_HAL_Driver/Src/stm32l4xx_hal_i2c.o
 .text.I2C_IsAcknowledgeFailed
                0x0800c8a0       0xbc appbuild/drivers/third_party/ST/STM32L4xx_HAL_Driver/Src/stm32l4xx_hal_i2c.o
 .text.I2C_TransferConfig
                0x0800c95c       0x5c appbuild/drivers/third_party/ST/STM32L4xx_HAL_Driver/Src/stm32l4xx_hal_i2c.o
 .text.HAL_I2CEx_ConfigAnalogFilter
                0x0800c9b8       0x96 appbuild/drivers/third_party/ST/STM32L4xx_HAL_Driver/Src/stm32l4xx_hal_i2c_ex.o
                0x0800c9b8                HAL_I2CEx_ConfigAnalogFilter
 .text.HAL_I2CEx_ConfigDigitalFilter
                0x0800ca4e       0x9c appbuild/drivers/third_party/ST/STM32L4xx_HAL_Driver/Src/stm32l4xx_hal_i2c_ex.o
                0x0800ca4e                HAL_I2CEx_ConfigDigitalFilter
 *fill*         0x0800caea        0x2 
 .text.LCD_Gpio_Init
                0x0800caec       0xe0 appbuild/Hardware/LCD/lcd.o
 .text.LCD_SPI_Send
                0x0800cbcc       0x1e appbuild/Hardware/LCD/lcd.o
 *fill*         0x0800cbea        0x2 
 .text.LCD_Write_Cmd
                0x0800cbec       0x2c appbuild/Hardware/LCD/lcd.o
 .text.LCD_Write_Data
                0x0800cc18       0x2c appbuild/Hardware/LCD/lcd.o
 .text.LCD_Write_HalfWord
                0x0800cc44       0x44 appbuild/Hardware/LCD/lcd.o
                0x0800cc44                LCD_Write_HalfWord
 .text.LCD_Address_Set
                0x0800cc88       0x98 appbuild/Hardware/LCD/lcd.o
                0x0800cc88                LCD_Address_Set
 .text.LCD_Clear
                0x0800cd20       0x90 appbuild/Hardware/LCD/lcd.o
                0x0800cd20                LCD_Clear
 .text.LCD_ShowChar
                0x0800cdb0      0x260 appbuild/Hardware/LCD/lcd.o
                0x0800cdb0                LCD_ShowChar
 .text.LCD_ShowString
                0x0800d010       0x96 appbuild/Hardware/LCD/lcd.o
                0x0800d010                LCD_ShowString
 *fill*         0x0800d0a6        0x2 
 .text.LCD_Show_Image
                0x0800d0a8       0xc4 appbuild/Hardware/LCD/lcd.o
                0x0800d0a8                LCD_Show_Image
 .text.LCD_Init
                0x0800d16c      0x1a4 appbuild/Hardware/LCD/lcd.o
                0x0800d16c                LCD_Init
 .text.HardWare_Init
                0x0800d310       0x8c appbuild/Src/main.o
                0x0800d310                HardWare_Init
 .text.link_test
                0x0800d39c       0x60 appbuild/Src/main.o
 .text.main     0x0800d3fc       0x38 appbuild/Src/main.o
                0x0800d3fc                main
 .text.SystemInit
                0x0800d434       0x6c appbuild/Src/system_stm32l4xx.o
                0x0800d434                SystemInit
 .text.NMI_Handler
                0x0800d4a0        0xe appbuild/Src/stm32l4xx_it.o
                0x0800d4a0                NMI_Handler
 .text.HardFault_Handler
                0x0800d4ae        0x6 appbuild/Src/stm32l4xx_it.o
                0x0800d4ae                HardFault_Handler
 .text.MemManage_Handler
                0x0800d4b4        0x6 appbuild/Src/stm32l4xx_it.o
                0x0800d4b4                MemManage_Handler
 .text.BusFault_Handler
                0x0800d4ba        0x6 appbuild/Src/stm32l4xx_it.o
                0x0800d4ba                BusFault_Handler
 .text.UsageFault_Handler
                0x0800d4c0        0x6 appbuild/Src/stm32l4xx_it.o
                0x0800d4c0                UsageFault_Handler
 .text.SVC_Handler
                0x0800d4c6        0xe appbuild/Src/stm32l4xx_it.o
                0x0800d4c6                SVC_Handler
 .text.HAL_GetTick
                0x0800d4d4       0x12 appbuild/Src/sys_init.o
                0x0800d4d4                HAL_GetTick
 .text._Error_Handler
                0x0800d4e6        0xc appbuild/Src/sys_init.o
                0x0800d4e6                _Error_Handler
 *fill*         0x0800d4f2        0x2 
 .text.SystemClock_Config
                0x0800d4f4      0x140 appbuild/Src/sys_init.o
                0x0800d4f4                SystemClock_Config
 .text.HAL_UART_MspInit
                0x0800d634      0x17c appbuild/Src/usart.o
                0x0800d634                HAL_UART_MspInit
 .text.uart_debug_irq
                0x0800d7b0       0x64 appbuild/Src/uart_debug.o
 .text.shell_uart_init
                0x0800d814       0xb4 appbuild/Src/uart_debug.o
                0x0800d814                shell_uart_init
 .text._write   0x0800d8c8       0x38 appbuild/Src/uart_debug.o
                0x0800d8c8                _write
 .text._read    0x0800d900       0x54 appbuild/Src/uart_debug.o
                0x0800d900                _read
 .text.dwt_delay_init
                0x0800d954       0x40 appbuild/Src/dwt.o
                0x0800d954                dwt_delay_init
 .text.delayus  0x0800d994       0x78 appbuild/Src/dwt.o
                0x0800d994                delayus
 .text.delay10ms
                0x0800da0c       0x20 appbuild/Src/dwt.o
                0x0800da0c                delay10ms
 .text.MX_I2C1_Init
                0x0800da2c       0x90 appbuild/Src/i2c.o
                0x0800da2c                MX_I2C1_Init
 .text.MX_I2C2_Init
                0x0800dabc       0x90 appbuild/Src/i2c.o
                0x0800dabc                MX_I2C2_Init
 .text.MX_I2C3_Init
                0x0800db4c       0x90 appbuild/Src/i2c.o
                0x0800db4c                MX_I2C3_Init
 .text.HAL_I2C_MspInit
                0x0800dbdc      0x114 appbuild/Src/i2c.o
                0x0800dbdc                HAL_I2C_MspInit
 .text.HAL_I2C_MspDeInit
                0x0800dcf0       0x90 appbuild/Src/i2c.o
                0x0800dcf0                HAL_I2C_MspDeInit
 .text.MX_SPI1_Init
                0x0800dd80       0x84 appbuild/Src/spi.o
                0x0800dd80                MX_SPI1_Init
 .text.HAL_SPI_MspInit
                0x0800de04      0x23c appbuild/Src/spi.o
                0x0800de04                HAL_SPI_MspInit
 .text.SPI1_WriteByte
                0x0800e040       0x28 appbuild/Src/spi.o
                0x0800e040                SPI1_WriteByte
 .text.MX_GPIO_Init
                0x0800e068      0x1f8 appbuild/Src/gpio.o
                0x0800e068                MX_GPIO_Init
 .text.atio_irq
                0x0800e260      0x13c appbuild/uart_at/uart_at.o
 .text.uart_at_init
                0x0800e39c      0x100 appbuild/uart_at/uart_at.o
                0x0800e39c                uart_at_init
 .text.uart_at_deinit
                0x0800e49c       0x48 appbuild/uart_at/uart_at.o
                0x0800e49c                uart_at_deinit
 .text.uart_at_send
                0x0800e4e4       0x58 appbuild/uart_at/uart_at.o
 .text.uart_at_receive
                0x0800e53c       0xe4 appbuild/uart_at/uart_at.o
 .text.__at_read
                0x0800e620       0x22 appbuild/uart_at/uart_at.o
 .text.__at_write
                0x0800e642       0x22 appbuild/uart_at/uart_at.o
 .text.timer1_callback
                0x0800e664       0xec appbuild/Demos/oc_manhole_cover_template/oc_manhole_cover_template.o
 .text.app_msg_deal
                0x0800e750       0x78 appbuild/Demos/oc_manhole_cover_template/oc_manhole_cover_template.o
 .text.app_report_task_entry
                0x0800e7c8       0xac appbuild/Demos/oc_manhole_cover_template/oc_manhole_cover_template.o
 .text.app_collect_task_entry
                0x0800e874      0x184 appbuild/Demos/oc_manhole_cover_template/oc_manhole_cover_template.o
 .text.standard_app_demo_main
                0x0800e9f8       0x74 appbuild/Demos/oc_manhole_cover_template/oc_manhole_cover_template.o
                0x0800e9f8                standard_app_demo_main
 .text.MPU6050_WriteReg
                0x0800ea6c       0x24 appbuild/Hardware/IoTBox/rsrvd_interface/E53_SC2.o
                0x0800ea6c                MPU6050_WriteReg
 .text.MPU6050_ReadData
                0x0800ea90       0x2a appbuild/Hardware/IoTBox/rsrvd_interface/E53_SC2.o
                0x0800ea90                MPU6050_ReadData
 .text.MPU6050_Init
                0x0800eaba       0x98 appbuild/Hardware/IoTBox/rsrvd_interface/E53_SC2.o
                0x0800eaba                MPU6050_Init
 *fill*         0x0800eb52        0x2 
 .text.MPU6050ReadID
                0x0800eb54       0x44 appbuild/Hardware/IoTBox/rsrvd_interface/E53_SC2.o
                0x0800eb54                MPU6050ReadID
 .text.MPU6050ReadAcc
                0x0800eb98       0x58 appbuild/Hardware/IoTBox/rsrvd_interface/E53_SC2.o
                0x0800eb98                MPU6050ReadAcc
 .text.MPU6050_ReturnTemp
                0x0800ebf0       0x74 appbuild/Hardware/IoTBox/rsrvd_interface/E53_SC2.o
                0x0800ebf0                MPU6050_ReturnTemp
 .text.Motion_Interrupt
                0x0800ec64       0x18 appbuild/Hardware/IoTBox/rsrvd_interface/E53_SC2.o
                0x0800ec64                Motion_Interrupt
 .text.I2C_MPU6050_Error
                0x0800ec7c       0x1c appbuild/Hardware/IoTBox/rsrvd_interface/E53_SC2.o
 .text.I2C_MPU6050_WriteData
                0x0800ec98       0x50 appbuild/Hardware/IoTBox/rsrvd_interface/E53_SC2.o
                0x0800ec98                I2C_MPU6050_WriteData
 .text.I2C_MPU6050_ReadBuffer
                0x0800ece8       0x58 appbuild/Hardware/IoTBox/rsrvd_interface/E53_SC2.o
                0x0800ece8                I2C_MPU6050_ReadBuffer
 .text.Init_E53_SC2
                0x0800ed40       0x14 appbuild/Hardware/IoTBox/rsrvd_interface/E53_SC2.o
                0x0800ed40                Init_E53_SC2
 .text.E53_SC2_Read_Data
                0x0800ed54       0x58 appbuild/Hardware/IoTBox/rsrvd_interface/E53_SC2.o
                0x0800ed54                E53_SC2_Read_Data
 .text.RSRV_Init_Light
                0x0800edac       0x88 appbuild/Hardware/IoTBox/rsrvd_interface/E53_SC2.o
                0x0800edac                RSRV_Init_Light
 .text.__sflush_r
                0x0800ee34      0x10c c:/users/administrator/.huawei-liteos-studio/tools/arm-none-eabi/bin/../lib/gcc/arm-none-eabi/9.2.1/../../../../arm-none-eabi/lib/thumb/v7e-m+fp/hard\libc_nano.a(lib_a-fflush.o)
                0x0800ee34                __sflush_r
 .text._fflush_r
                0x0800ef40       0x78 c:/users/administrator/.huawei-liteos-studio/tools/arm-none-eabi/bin/../lib/gcc/arm-none-eabi/9.2.1/../../../../arm-none-eabi/lib/thumb/v7e-m+fp/hard\libc_nano.a(lib_a-fflush.o)
                0x0800ef40                _fflush_r
 .text.fflush   0x0800efb8       0x24 c:/users/administrator/.huawei-liteos-studio/tools/arm-none-eabi/bin/../lib/gcc/arm-none-eabi/9.2.1/../../../../arm-none-eabi/lib/thumb/v7e-m+fp/hard\libc_nano.a(lib_a-fflush.o)
                0x0800efb8                fflush
 .text.std      0x0800efdc       0x48 c:/users/administrator/.huawei-liteos-studio/tools/arm-none-eabi/bin/../lib/gcc/arm-none-eabi/9.2.1/../../../../arm-none-eabi/lib/thumb/v7e-m+fp/hard\libc_nano.a(lib_a-findfp.o)
 .text._cleanup_r
                0x0800f024        0xc c:/users/administrator/.huawei-liteos-studio/tools/arm-none-eabi/bin/../lib/gcc/arm-none-eabi/9.2.1/../../../../arm-none-eabi/lib/thumb/v7e-m+fp/hard\libc_nano.a(lib_a-findfp.o)
                0x0800f024                _cleanup_r
 .text.__sfmoreglue
                0x0800f030       0x2c c:/users/administrator/.huawei-liteos-studio/tools/arm-none-eabi/bin/../lib/gcc/arm-none-eabi/9.2.1/../../../../arm-none-eabi/lib/thumb/v7e-m+fp/hard\libc_nano.a(lib_a-findfp.o)
                0x0800f030                __sfmoreglue
 .text.__sfp_lock_acquire
                0x0800f05c        0xc c:/users/administrator/.huawei-liteos-studio/tools/arm-none-eabi/bin/../lib/gcc/arm-none-eabi/9.2.1/../../../../arm-none-eabi/lib/thumb/v7e-m+fp/hard\libc_nano.a(lib_a-findfp.o)
                0x0800f05c                __sfp_lock_acquire
 .text.__sfp_lock_release
                0x0800f068        0xc c:/users/administrator/.huawei-liteos-studio/tools/arm-none-eabi/bin/../lib/gcc/arm-none-eabi/9.2.1/../../../../arm-none-eabi/lib/thumb/v7e-m+fp/hard\libc_nano.a(lib_a-findfp.o)
                0x0800f068                __sfp_lock_release
 .text.__sinit_lock_acquire
                0x0800f074        0xc c:/users/administrator/.huawei-liteos-studio/tools/arm-none-eabi/bin/../lib/gcc/arm-none-eabi/9.2.1/../../../../arm-none-eabi/lib/thumb/v7e-m+fp/hard\libc_nano.a(lib_a-findfp.o)
                0x0800f074                __sinit_lock_acquire
 .text.__sinit_lock_release
                0x0800f080        0xc c:/users/administrator/.huawei-liteos-studio/tools/arm-none-eabi/bin/../lib/gcc/arm-none-eabi/9.2.1/../../../../arm-none-eabi/lib/thumb/v7e-m+fp/hard\libc_nano.a(lib_a-findfp.o)
                0x0800f080                __sinit_lock_release
 .text.__sinit  0x0800f08c       0x70 c:/users/administrator/.huawei-liteos-studio/tools/arm-none-eabi/bin/../lib/gcc/arm-none-eabi/9.2.1/../../../../arm-none-eabi/lib/thumb/v7e-m+fp/hard\libc_nano.a(lib_a-findfp.o)
                0x0800f08c                __sinit
 .text.__sfp    0x0800f0fc       0x8c c:/users/administrator/.huawei-liteos-studio/tools/arm-none-eabi/bin/../lib/gcc/arm-none-eabi/9.2.1/../../../../arm-none-eabi/lib/thumb/v7e-m+fp/hard\libc_nano.a(lib_a-findfp.o)
                0x0800f0fc                __sfp
 .text._fwalk   0x0800f188       0x3a c:/users/administrator/.huawei-liteos-studio/tools/arm-none-eabi/bin/../lib/gcc/arm-none-eabi/9.2.1/../../../../arm-none-eabi/lib/thumb/v7e-m+fp/hard\libc_nano.a(lib_a-fwalk.o)
                0x0800f188                _fwalk
 .text._fwalk_reent
                0x0800f1c2       0x3e c:/users/administrator/.huawei-liteos-studio/tools/arm-none-eabi/bin/../lib/gcc/arm-none-eabi/9.2.1/../../../../arm-none-eabi/lib/thumb/v7e-m+fp/hard\libc_nano.a(lib_a-fwalk.o)
                0x0800f1c2                _fwalk_reent
 .text.getchar  0x0800f200       0x24 c:/users/administrator/.huawei-liteos-studio/tools/arm-none-eabi/bin/../lib/gcc/arm-none-eabi/9.2.1/../../../../arm-none-eabi/lib/thumb/v7e-m+fp/hard\libc_nano.a(lib_a-getchar.o)
                0x0800f200                getchar
 .text.__libc_init_array
                0x0800f224       0x48 c:/users/administrator/.huawei-liteos-studio/tools/arm-none-eabi/bin/../lib/gcc/arm-none-eabi/9.2.1/../../../../arm-none-eabi/lib/thumb/v7e-m+fp/hard\libc_nano.a(lib_a-init.o)
                0x0800f224                __libc_init_array
 .text.__retarget_lock_init_recursive
                0x0800f26c        0x2 c:/users/administrator/.huawei-liteos-studio/tools/arm-none-eabi/bin/../lib/gcc/arm-none-eabi/9.2.1/../../../../arm-none-eabi/lib/thumb/v7e-m+fp/hard\libc_nano.a(lib_a-lock.o)
                0x0800f26c                __retarget_lock_init_recursive
 .text.__retarget_lock_acquire_recursive
                0x0800f26e        0x2 c:/users/administrator/.huawei-liteos-studio/tools/arm-none-eabi/bin/../lib/gcc/arm-none-eabi/9.2.1/../../../../arm-none-eabi/lib/thumb/v7e-m+fp/hard\libc_nano.a(lib_a-lock.o)
                0x0800f26e                __retarget_lock_acquire_recursive
 .text.__retarget_lock_release_recursive
                0x0800f270        0x2 c:/users/administrator/.huawei-liteos-studio/tools/arm-none-eabi/bin/../lib/gcc/arm-none-eabi/9.2.1/../../../../arm-none-eabi/lib/thumb/v7e-m+fp/hard\libc_nano.a(lib_a-lock.o)
                0x0800f270                __retarget_lock_release_recursive
 .text.memcmp   0x0800f272       0x1c c:/users/administrator/.huawei-liteos-studio/tools/arm-none-eabi/bin/../lib/gcc/arm-none-eabi/9.2.1/../../../../arm-none-eabi/lib/thumb/v7e-m+fp/hard\libc_nano.a(lib_a-memcmp.o)
                0x0800f272                memcmp
 .text.memcpy   0x0800f28e       0x1c c:/users/administrator/.huawei-liteos-studio/tools/arm-none-eabi/bin/../lib/gcc/arm-none-eabi/9.2.1/../../../../arm-none-eabi/lib/thumb/v7e-m+fp/hard\libc_nano.a(lib_a-memcpy-stub.o)
                0x0800f28e                memcpy
 .text.memset   0x0800f2aa       0x10 c:/users/administrator/.huawei-liteos-studio/tools/arm-none-eabi/bin/../lib/gcc/arm-none-eabi/9.2.1/../../../../arm-none-eabi/lib/thumb/v7e-m+fp/hard\libc_nano.a(lib_a-memset.o)
                0x0800f2aa                memset
 .text.__cvt    0x0800f2ba       0xc4 c:/users/administrator/.huawei-liteos-studio/tools/arm-none-eabi/bin/../lib/gcc/arm-none-eabi/9.2.1/../../../../arm-none-eabi/lib/thumb/v7e-m+fp/hard\libc_nano.a(lib_a-nano-vfprintf_float.o)
                0x0800f2ba                __cvt
 .text.__exponent
                0x0800f37e       0x7c c:/users/administrator/.huawei-liteos-studio/tools/arm-none-eabi/bin/../lib/gcc/arm-none-eabi/9.2.1/../../../../arm-none-eabi/lib/thumb/v7e-m+fp/hard\libc_nano.a(lib_a-nano-vfprintf_float.o)
                0x0800f37e                __exponent
 *fill*         0x0800f3fa        0x2 
 .text._printf_float
                0x0800f3fc      0x46c c:/users/administrator/.huawei-liteos-studio/tools/arm-none-eabi/bin/../lib/gcc/arm-none-eabi/9.2.1/../../../../arm-none-eabi/lib/thumb/v7e-m+fp/hard\libc_nano.a(lib_a-nano-vfprintf_float.o)
                0x0800f3fc                _printf_float
 .text._printf_common
                0x0800f868       0xda c:/users/administrator/.huawei-liteos-studio/tools/arm-none-eabi/bin/../lib/gcc/arm-none-eabi/9.2.1/../../../../arm-none-eabi/lib/thumb/v7e-m+fp/hard\libc_nano.a(lib_a-nano-vfprintf_i.o)
                0x0800f868                _printf_common
 *fill*         0x0800f942        0x2 
 .text._printf_i
                0x0800f944      0x24c c:/users/administrator/.huawei-liteos-studio/tools/arm-none-eabi/bin/../lib/gcc/arm-none-eabi/9.2.1/../../../../arm-none-eabi/lib/thumb/v7e-m+fp/hard\libc_nano.a(lib_a-nano-vfprintf_i.o)
                0x0800f944                _printf_i
 .text.printf   0x0800fb90       0x30 c:/users/administrator/.huawei-liteos-studio/tools/arm-none-eabi/bin/../lib/gcc/arm-none-eabi/9.2.1/../../../../arm-none-eabi/lib/thumb/v7e-m+fp/hard\libc_nano.a(lib_a-printf.o)
                0x0800fb90                iprintf
                0x0800fb90                printf
 .text.putchar  0x0800fbc0       0x2c c:/users/administrator/.huawei-liteos-studio/tools/arm-none-eabi/bin/../lib/gcc/arm-none-eabi/9.2.1/../../../../arm-none-eabi/lib/thumb/v7e-m+fp/hard\libc_nano.a(lib_a-putchar.o)
                0x0800fbc0                putchar
 .text._puts_r  0x0800fbec       0xdc c:/users/administrator/.huawei-liteos-studio/tools/arm-none-eabi/bin/../lib/gcc/arm-none-eabi/9.2.1/../../../../arm-none-eabi/lib/thumb/v7e-m+fp/hard\libc_nano.a(lib_a-puts.o)
                0x0800fbec                _puts_r
 .text.puts     0x0800fcc8       0x10 c:/users/administrator/.huawei-liteos-studio/tools/arm-none-eabi/bin/../lib/gcc/arm-none-eabi/9.2.1/../../../../arm-none-eabi/lib/thumb/v7e-m+fp/hard\libc_nano.a(lib_a-puts.o)
                0x0800fcc8                puts
 .text.snprintf
                0x0800fcd8       0x68 c:/users/administrator/.huawei-liteos-studio/tools/arm-none-eabi/bin/../lib/gcc/arm-none-eabi/9.2.1/../../../../arm-none-eabi/lib/thumb/v7e-m+fp/hard\libc_nano.a(lib_a-snprintf.o)
                0x0800fcd8                sniprintf
                0x0800fcd8                snprintf
 .text.sprintf  0x0800fd40       0x40 c:/users/administrator/.huawei-liteos-studio/tools/arm-none-eabi/bin/../lib/gcc/arm-none-eabi/9.2.1/../../../../arm-none-eabi/lib/thumb/v7e-m+fp/hard\libc_nano.a(lib_a-sprintf.o)
                0x0800fd40                siprintf
                0x0800fd40                sprintf
 .text.__sread  0x0800fd80       0x22 c:/users/administrator/.huawei-liteos-studio/tools/arm-none-eabi/bin/../lib/gcc/arm-none-eabi/9.2.1/../../../../arm-none-eabi/lib/thumb/v7e-m+fp/hard\libc_nano.a(lib_a-stdio.o)
                0x0800fd80                __sread
 .text.__swrite
                0x0800fda2       0x38 c:/users/administrator/.huawei-liteos-studio/tools/arm-none-eabi/bin/../lib/gcc/arm-none-eabi/9.2.1/../../../../arm-none-eabi/lib/thumb/v7e-m+fp/hard\libc_nano.a(lib_a-stdio.o)
                0x0800fda2                __swrite
 .text.__sseek  0x0800fdda       0x24 c:/users/administrator/.huawei-liteos-studio/tools/arm-none-eabi/bin/../lib/gcc/arm-none-eabi/9.2.1/../../../../arm-none-eabi/lib/thumb/v7e-m+fp/hard\libc_nano.a(lib_a-stdio.o)
                0x0800fdda                __sseek
 .text.__sclose
                0x0800fdfe        0x8 c:/users/administrator/.huawei-liteos-studio/tools/arm-none-eabi/bin/../lib/gcc/arm-none-eabi/9.2.1/../../../../arm-none-eabi/lib/thumb/v7e-m+fp/hard\libc_nano.a(lib_a-stdio.o)
                0x0800fdfe                __sclose
 .text.strchr   0x0800fe06       0x1a c:/users/administrator/.huawei-liteos-studio/tools/arm-none-eabi/bin/../lib/gcc/arm-none-eabi/9.2.1/../../../../arm-none-eabi/lib/thumb/v7e-m+fp/hard\libc_nano.a(lib_a-strchr.o)
                0x0800fe06                strchr
 .text.strcpy   0x0800fe20       0x10 c:/users/administrator/.huawei-liteos-studio/tools/arm-none-eabi/bin/../lib/gcc/arm-none-eabi/9.2.1/../../../../arm-none-eabi/lib/thumb/v7e-m+fp/hard\libc_nano.a(lib_a-strcpy.o)
                0x0800fe20                strcpy
 .text.strncmp  0x0800fe30       0x24 c:/users/administrator/.huawei-liteos-studio/tools/arm-none-eabi/bin/../lib/gcc/arm-none-eabi/9.2.1/../../../../arm-none-eabi/lib/thumb/v7e-m+fp/hard\libc_nano.a(lib_a-strncmp.o)
                0x0800fe30                strncmp
 .text.strncpy  0x0800fe54       0x26 c:/users/administrator/.huawei-liteos-studio/tools/arm-none-eabi/bin/../lib/gcc/arm-none-eabi/9.2.1/../../../../arm-none-eabi/lib/thumb/v7e-m+fp/hard\libc_nano.a(lib_a-strncpy.o)
                0x0800fe54                strncpy
 .text.strstr   0x0800fe7a       0x2e c:/users/administrator/.huawei-liteos-studio/tools/arm-none-eabi/bin/../lib/gcc/arm-none-eabi/9.2.1/../../../../arm-none-eabi/lib/thumb/v7e-m+fp/hard\libc_nano.a(lib_a-strstr.o)
                0x0800fe7a                strstr
 .text._strtol_l.isra.0
                0x0800fea8       0xf4 c:/users/administrator/.huawei-liteos-studio/tools/arm-none-eabi/bin/../lib/gcc/arm-none-eabi/9.2.1/../../../../arm-none-eabi/lib/thumb/v7e-m+fp/hard\libc_nano.a(lib_a-strtol.o)
 .text.strtol   0x0800ff9c       0x14 c:/users/administrator/.huawei-liteos-studio/tools/arm-none-eabi/bin/../lib/gcc/arm-none-eabi/9.2.1/../../../../arm-none-eabi/lib/thumb/v7e-m+fp/hard\libc_nano.a(lib_a-strtol.o)
                0x0800ff9c                strtol
 .text.__swbuf_r
                0x0800ffb0       0xa4 c:/users/administrator/.huawei-liteos-studio/tools/arm-none-eabi/bin/../lib/gcc/arm-none-eabi/9.2.1/../../../../arm-none-eabi/lib/thumb/v7e-m+fp/hard\libc_nano.a(lib_a-wbuf.o)
                0x0800ffb0                __swbuf_r
 .text._write_r
                0x08010054       0x24 c:/users/administrator/.huawei-liteos-studio/tools/arm-none-eabi/bin/../lib/gcc/arm-none-eabi/9.2.1/../../../../arm-none-eabi/lib/thumb/v7e-m+fp/hard\libc_nano.a(lib_a-writer.o)
                0x08010054                _write_r
 .text.__swsetup_r
                0x08010078       0xdc c:/users/administrator/.huawei-liteos-studio/tools/arm-none-eabi/bin/../lib/gcc/arm-none-eabi/9.2.1/../../../../arm-none-eabi/lib/thumb/v7e-m+fp/hard\libc_nano.a(lib_a-wsetup.o)
                0x08010078                __swsetup_r
 .text._close_r
                0x08010154       0x20 c:/users/administrator/.huawei-liteos-studio/tools/arm-none-eabi/bin/../lib/gcc/arm-none-eabi/9.2.1/../../../../arm-none-eabi/lib/thumb/v7e-m+fp/hard\libc_nano.a(lib_a-closer.o)
                0x08010154                _close_r
 .text.quorem   0x08010174      0x116 c:/users/administrator/.huawei-liteos-studio/tools/arm-none-eabi/bin/../lib/gcc/arm-none-eabi/9.2.1/../../../../arm-none-eabi/lib/thumb/v7e-m+fp/hard\libc_nano.a(lib_a-dtoa.o)
 *fill*         0x0801028a        0x6 
 .text._dtoa_r  0x08010290      0xbbc c:/users/administrator/.huawei-liteos-studio/tools/arm-none-eabi/bin/../lib/gcc/arm-none-eabi/9.2.1/../../../../arm-none-eabi/lib/thumb/v7e-m+fp/hard\libc_nano.a(lib_a-dtoa.o)
                0x08010290                _dtoa_r
 .text._getc_r  0x08010e4c       0x80 c:/users/administrator/.huawei-liteos-studio/tools/arm-none-eabi/bin/../lib/gcc/arm-none-eabi/9.2.1/../../../../arm-none-eabi/lib/thumb/v7e-m+fp/hard\libc_nano.a(lib_a-getc.o)
                0x08010e4c                _getc_r
 .text._localeconv_r
                0x08010ecc        0x8 c:/users/administrator/.huawei-liteos-studio/tools/arm-none-eabi/bin/../lib/gcc/arm-none-eabi/9.2.1/../../../../arm-none-eabi/lib/thumb/v7e-m+fp/hard\libc_nano.a(lib_a-localeconv.o)
                0x08010ecc                _localeconv_r
 .text._lseek_r
                0x08010ed4       0x24 c:/users/administrator/.huawei-liteos-studio/tools/arm-none-eabi/bin/../lib/gcc/arm-none-eabi/9.2.1/../../../../arm-none-eabi/lib/thumb/v7e-m+fp/hard\libc_nano.a(lib_a-lseekr.o)
                0x08010ed4                _lseek_r
 .text.__swhatbuf_r
                0x08010ef8       0x48 c:/users/administrator/.huawei-liteos-studio/tools/arm-none-eabi/bin/../lib/gcc/arm-none-eabi/9.2.1/../../../../arm-none-eabi/lib/thumb/v7e-m+fp/hard\libc_nano.a(lib_a-makebuf.o)
                0x08010ef8                __swhatbuf_r
 .text.__smakebuf_r
                0x08010f40       0x80 c:/users/administrator/.huawei-liteos-studio/tools/arm-none-eabi/bin/../lib/gcc/arm-none-eabi/9.2.1/../../../../arm-none-eabi/lib/thumb/v7e-m+fp/hard\libc_nano.a(lib_a-makebuf.o)
                0x08010f40                __smakebuf_r
 .text.__ascii_mbtowc
                0x08010fc0       0x24 c:/users/administrator/.huawei-liteos-studio/tools/arm-none-eabi/bin/../lib/gcc/arm-none-eabi/9.2.1/../../../../arm-none-eabi/lib/thumb/v7e-m+fp/hard\libc_nano.a(lib_a-mbtowc_r.o)
                0x08010fc0                __ascii_mbtowc
 .text._Balloc  0x08010fe4       0x68 c:/users/administrator/.huawei-liteos-studio/tools/arm-none-eabi/bin/../lib/gcc/arm-none-eabi/9.2.1/../../../../arm-none-eabi/lib/thumb/v7e-m+fp/hard\libc_nano.a(lib_a-mprec.o)
                0x08010fe4                _Balloc
 .text._Bfree   0x0801104c       0x2e c:/users/administrator/.huawei-liteos-studio/tools/arm-none-eabi/bin/../lib/gcc/arm-none-eabi/9.2.1/../../../../arm-none-eabi/lib/thumb/v7e-m+fp/hard\libc_nano.a(lib_a-mprec.o)
                0x0801104c                _Bfree
 .text.__multadd
                0x0801107a       0x7c c:/users/administrator/.huawei-liteos-studio/tools/arm-none-eabi/bin/../lib/gcc/arm-none-eabi/9.2.1/../../../../arm-none-eabi/lib/thumb/v7e-m+fp/hard\libc_nano.a(lib_a-mprec.o)
                0x0801107a                __multadd
 .text.__hi0bits
                0x080110f6       0x40 c:/users/administrator/.huawei-liteos-studio/tools/arm-none-eabi/bin/../lib/gcc/arm-none-eabi/9.2.1/../../../../arm-none-eabi/lib/thumb/v7e-m+fp/hard\libc_nano.a(lib_a-mprec.o)
                0x080110f6                __hi0bits
 .text.__lo0bits
                0x08011136       0x60 c:/users/administrator/.huawei-liteos-studio/tools/arm-none-eabi/bin/../lib/gcc/arm-none-eabi/9.2.1/../../../../arm-none-eabi/lib/thumb/v7e-m+fp/hard\libc_nano.a(lib_a-mprec.o)
                0x08011136                __lo0bits
 .text.__i2b    0x08011196       0x12 c:/users/administrator/.huawei-liteos-studio/tools/arm-none-eabi/bin/../lib/gcc/arm-none-eabi/9.2.1/../../../../arm-none-eabi/lib/thumb/v7e-m+fp/hard\libc_nano.a(lib_a-mprec.o)
                0x08011196                __i2b
 .text.__multiply
                0x080111a8      0x138 c:/users/administrator/.huawei-liteos-studio/tools/arm-none-eabi/bin/../lib/gcc/arm-none-eabi/9.2.1/../../../../arm-none-eabi/lib/thumb/v7e-m+fp/hard\libc_nano.a(lib_a-mprec.o)
                0x080111a8                __multiply
 .text.__pow5mult
                0x080112e0       0x9c c:/users/administrator/.huawei-liteos-studio/tools/arm-none-eabi/bin/../lib/gcc/arm-none-eabi/9.2.1/../../../../arm-none-eabi/lib/thumb/v7e-m+fp/hard\libc_nano.a(lib_a-mprec.o)
                0x080112e0                __pow5mult
 .text.__lshift
                0x0801137c       0xbe c:/users/administrator/.huawei-liteos-studio/tools/arm-none-eabi/bin/../lib/gcc/arm-none-eabi/9.2.1/../../../../arm-none-eabi/lib/thumb/v7e-m+fp/hard\libc_nano.a(lib_a-mprec.o)
                0x0801137c                __lshift
 .text.__mcmp   0x0801143a       0x38 c:/users/administrator/.huawei-liteos-studio/tools/arm-none-eabi/bin/../lib/gcc/arm-none-eabi/9.2.1/../../../../arm-none-eabi/lib/thumb/v7e-m+fp/hard\libc_nano.a(lib_a-mprec.o)
                0x0801143a                __mcmp
 .text.__mdiff  0x08011472       0xec c:/users/administrator/.huawei-liteos-studio/tools/arm-none-eabi/bin/../lib/gcc/arm-none-eabi/9.2.1/../../../../arm-none-eabi/lib/thumb/v7e-m+fp/hard\libc_nano.a(lib_a-mprec.o)
                0x08011472                __mdiff
 .text.__d2b    0x0801155e       0xa0 c:/users/administrator/.huawei-liteos-studio/tools/arm-none-eabi/bin/../lib/gcc/arm-none-eabi/9.2.1/../../../../arm-none-eabi/lib/thumb/v7e-m+fp/hard\libc_nano.a(lib_a-mprec.o)
                0x0801155e                __d2b
 .text.__ssputs_r
                0x080115fe       0xb6 c:/users/administrator/.huawei-liteos-studio/tools/arm-none-eabi/bin/../lib/gcc/arm-none-eabi/9.2.1/../../../../arm-none-eabi/lib/thumb/v7e-m+fp/hard\libc_nano.a(lib_a-nano-svfprintf.o)
                0x080115fe                __ssputs_r
 .text._svfprintf_r
                0x080116b4      0x200 c:/users/administrator/.huawei-liteos-studio/tools/arm-none-eabi/bin/../lib/gcc/arm-none-eabi/9.2.1/../../../../arm-none-eabi/lib/thumb/v7e-m+fp/hard\libc_nano.a(lib_a-nano-svfprintf.o)
                0x080116b4                _svfiprintf_r
                0x080116b4                _svfprintf_r
 .text.__sfputc_r
                0x080118b4       0x2e c:/users/administrator/.huawei-liteos-studio/tools/arm-none-eabi/bin/../lib/gcc/arm-none-eabi/9.2.1/../../../../arm-none-eabi/lib/thumb/v7e-m+fp/hard\libc_nano.a(lib_a-nano-vfprintf.o)
 .text.__sfputs_r
                0x080118e2       0x24 c:/users/administrator/.huawei-liteos-studio/tools/arm-none-eabi/bin/../lib/gcc/arm-none-eabi/9.2.1/../../../../arm-none-eabi/lib/thumb/v7e-m+fp/hard\libc_nano.a(lib_a-nano-vfprintf.o)
                0x080118e2                __sfputs_r
 *fill*         0x08011906        0x2 
 .text._vfprintf_r
                0x08011908      0x260 c:/users/administrator/.huawei-liteos-studio/tools/arm-none-eabi/bin/../lib/gcc/arm-none-eabi/9.2.1/../../../../arm-none-eabi/lib/thumb/v7e-m+fp/hard\libc_nano.a(lib_a-nano-vfprintf.o)
                0x08011908                _vfprintf_r
                0x08011908                _vfiprintf_r
 .text._putc_r  0x08011b68       0x90 c:/users/administrator/.huawei-liteos-studio/tools/arm-none-eabi/bin/../lib/gcc/arm-none-eabi/9.2.1/../../../../arm-none-eabi/lib/thumb/v7e-m+fp/hard\libc_nano.a(lib_a-putc.o)
                0x08011b68                _putc_r
 .text._read_r  0x08011bf8       0x24 c:/users/administrator/.huawei-liteos-studio/tools/arm-none-eabi/bin/../lib/gcc/arm-none-eabi/9.2.1/../../../../arm-none-eabi/lib/thumb/v7e-m+fp/hard\libc_nano.a(lib_a-readr.o)
                0x08011bf8                _read_r
 .text.__srget_r
                0x08011c1c       0x58 c:/users/administrator/.huawei-liteos-studio/tools/arm-none-eabi/bin/../lib/gcc/arm-none-eabi/9.2.1/../../../../arm-none-eabi/lib/thumb/v7e-m+fp/hard\libc_nano.a(lib_a-rget.o)
                0x08011c1c                __srget_r
 .text.__ascii_wctomb